<html>
<body>
<pre>
<h1>µVision Build Log</h1>
<h2>Tool Versions:</h2>
IDE-Version: ¦ÌVision V5.36.0.0
Copyright (C) 2021 ARM Ltd and ARM Germany GmbH. All rights reserved.
License Information: A T, C, LIC=47GU5-GCYQW-PCKJ8-3QXC4-M23W2-ZYLLY
 
Tool Versions:
Toolchain:       MDK-ARM Plus  Version: 5.36.0.0
Toolchain Path:  D:\Keil_v5\ARM\ARMCC\Bin
C Compiler:      Armcc.exe V5.06 update 7 (build 960)
Assembler:       Armasm.exe V5.06 update 7 (build 960)
Linker/Locator:  ArmLink.exe V5.06 update 7 (build 960)
Library Manager: ArmAr.exe V5.06 update 7 (build 960)
Hex Converter:   FromElf.exe V5.06 update 7 (build 960)
CPU DLL:         SARMCM3.DLL V5.36.0.0
Dialog DLL:      DCM.DLL V1.17.3.0
Target DLL:      STLink\ST-LINKIII-KEIL_SWO.dll V3.0.9.0
Dialog DLL:      TCM.DLL V1.53.0.0
 
<h2>Project:</h2>
D:\examples\Standard_Hero\MDK-ARM\Standard_Hero.uvprojx
Project File Date:  06/19/2023

<h2>Output:</h2>
*** Using Compiler 'V5.06 update 7 (build 960)', folder: 'D:\Keil_v5\ARM\ARMCC\Bin'
Build target 'Standard_Hero'
compiling stm32f4xx_hal_msp.c...
compiling freertos.c...
compiling gpio.c...
compiling usart.c...
compiling main.c...
compiling i2c.c...
compiling tim.c...
compiling dma.c...
compiling can.c...
compiling spi.c...
compiling stm32f4xx_it.c...
compiling bsp_can.c...
compiling system_stm32f4xx.c...
compiling remote_control.c...
compiling gimbal_behaviour.c...
compiling bsp_delay.c...
compiling bsp_rc.c...
compiling bsp_led.c...
compiling chassis_task.c...
compiling CAN_receive.c...
compiling bsp_usart.c...
compiling calibrate_task.c...
compiling chassis_behaviour.c...
compiling bsp_imu_pwm.c...
compiling bsp_buzzer.c...
compiling bsp_flash.c...
compiling gimbal_task.c...
compiling bsp_spi.c...
compiling message_usart.c...
compiling led_task.c...
compiling stm32f4xx_hal_gpio.c...
compiling stm32f4xx_hal_flash_ex.c...
compiling stm32f4xx_hal_flash_ramfunc.c...
compiling stm32f4xx_hal_can.c...
compiling stm32f4xx_hal_rcc_ex.c...
compiling stm32f4xx_hal_rcc.c...
compiling stm32f4xx_hal_flash.c...
compiling detect_task.c...
compiling INS_task.c...
compiling stm32f4xx_hal_dma_ex.c...
compiling stm32f4xx_hal_exti.c...
compiling stm32f4xx_hal.c...
compiling stm32f4xx_hal_pwr_ex.c...
compiling user_lib.c...
compiling stm32f4xx_hal_dma.c...
compiling croutine.c...
compiling event_groups.c...
compiling list.c...
compiling queue.c...
compiling stm32f4xx_hal_pwr.c...
compiling stm32f4xx_hal_tim.c...
compiling stream_buffer.c...
compiling timers.c...
compiling stm32f4xx_hal_i2c_ex.c...
compiling stm32f4xx_hal_cortex.c...
compiling tasks.c...
compiling stm32f4xx_hal_spi.c...
compiling heap_4.c...
compiling ist8310driver.c...
compiling port.c...
compiling cmsis_os.c...
compiling stm32f4xx_hal_i2c.c...
compiling pid.c...
compiling stm32f4xx_hal_uart.c...
compiling stm32f4xx_hal_tim_ex.c...
compiling AHRS_middleware.c...
compiling ist8310driver_middleware.c...
compiling BMI088driver.c...
compiling BMI088Middleware.c...
linking...
Program Size: Code=60916 RO-data=3116 RW-data=652 ZI-data=20860  
FromELF: creating hex file...
".\Standard_Hero\standard_hero_V1.axf" - 0 Error(s), 0 Warning(s).

<h2>Software Packages used:</h2>

Package Vendor: ARM
                http://www.keil.com/pack/ARM.CMSIS.5.8.0.pack
                ARM.CMSIS.5.8.0
                CMSIS (Common Microcontroller Software Interface Standard)
   * Component: CORE Version: 5.5.0

Package Vendor: Keil
                http://www.keil.com/pack/Keil.STM32F4xx_DFP.2.15.0.pack
                Keil.STM32F4xx_DFP.2.15.0
                STMicroelectronics STM32F4 Series Device Support, Drivers and Examples

<h2>Collection of Component include folders:</h2>
  .\RTE\_Standard_Hero
  D:\STM\ARM\CMSIS\5.8.0\CMSIS\Core\Include
  D:\STM\Keil\STM32F4xx_DFP\2.15.0\Drivers\CMSIS\Device\ST\STM32F4xx\Include

<h2>Collection of Component Files used:</h2>

   * Component: ARM::CMSIS:CORE:5.5.0
Build Time Elapsed:  00:00:30
</pre>
</body>
</html>
