Component: ARM Compiler 5.06 update 7 (build 960) Tool: armlink [4d3601]

==============================================================================

Section Cross References

    startup_stm32f407xx.o(RESET) refers to startup_stm32f407xx.o(STACK) for __initial_sp
    startup_stm32f407xx.o(RESET) refers to startup_stm32f407xx.o(.text) for Reset_Handler
    startup_stm32f407xx.o(RESET) refers to stm32f4xx_it.o(i.NMI_Handler) for NMI_Handler
    startup_stm32f407xx.o(RESET) refers to stm32f4xx_it.o(i.HardFault_Handler) for HardFault_Handler
    startup_stm32f407xx.o(RESET) refers to stm32f4xx_it.o(i.MemManage_Handler) for MemManage_Handler
    startup_stm32f407xx.o(RESET) refers to stm32f4xx_it.o(i.BusFault_Handler) for BusFault_Handler
    startup_stm32f407xx.o(RESET) refers to stm32f4xx_it.o(i.UsageFault_Handler) for UsageFault_Handler
    startup_stm32f407xx.o(RESET) refers to port.o(.emb_text) for SVC_Handler
    startup_stm32f407xx.o(RESET) refers to stm32f4xx_it.o(i.DebugMon_Handler) for DebugMon_Handler
    startup_stm32f407xx.o(RESET) refers to stm32f4xx_it.o(i.SysTick_Handler) for SysTick_Handler
    startup_stm32f407xx.o(RESET) refers to stm32f4xx_it.o(i.EXTI0_IRQHandler) for EXTI0_IRQHandler
    startup_stm32f407xx.o(RESET) refers to stm32f4xx_it.o(i.EXTI3_IRQHandler) for EXTI3_IRQHandler
    startup_stm32f407xx.o(RESET) refers to stm32f4xx_it.o(i.EXTI4_IRQHandler) for EXTI4_IRQHandler
    startup_stm32f407xx.o(RESET) refers to stm32f4xx_it.o(i.DMA1_Stream1_IRQHandler) for DMA1_Stream1_IRQHandler
    startup_stm32f407xx.o(RESET) refers to stm32f4xx_it.o(i.CAN1_RX0_IRQHandler) for CAN1_RX0_IRQHandler
    startup_stm32f407xx.o(RESET) refers to stm32f4xx_it.o(i.EXTI9_5_IRQHandler) for EXTI9_5_IRQHandler
    startup_stm32f407xx.o(RESET) refers to remote_control.o(i.USART1_IRQHandler) for USART1_IRQHandler
    startup_stm32f407xx.o(RESET) refers to remote_control.o(i.USART3_IRQHandler) for USART3_IRQHandler
    startup_stm32f407xx.o(RESET) refers to ins_task.o(i.DMA2_Stream2_IRQHandler) for DMA2_Stream2_IRQHandler
    startup_stm32f407xx.o(RESET) refers to stm32f4xx_it.o(i.DMA2_Stream3_IRQHandler) for DMA2_Stream3_IRQHandler
    startup_stm32f407xx.o(RESET) refers to stm32f4xx_it.o(i.CAN2_RX0_IRQHandler) for CAN2_RX0_IRQHandler
    startup_stm32f407xx.o(RESET) refers to stm32f4xx_it.o(i.DMA2_Stream5_IRQHandler) for DMA2_Stream5_IRQHandler
    startup_stm32f407xx.o(RESET) refers to stm32f4xx_it.o(i.DMA2_Stream7_IRQHandler) for DMA2_Stream7_IRQHandler
    startup_stm32f407xx.o(.text) refers to system_stm32f4xx.o(i.SystemInit) for SystemInit
    startup_stm32f407xx.o(.text) refers to entry.o(.ARM.Collect$$$$00000000) for __main
    main.o(i.SystemClock_Config) refers to memseta.o(.text) for __aeabi_memclr4
    main.o(i.SystemClock_Config) refers to stm32f4xx_hal_rcc.o(i.HAL_RCC_OscConfig) for HAL_RCC_OscConfig
    main.o(i.SystemClock_Config) refers to main.o(i.Error_Handler) for Error_Handler
    main.o(i.SystemClock_Config) refers to stm32f4xx_hal_rcc.o(i.HAL_RCC_ClockConfig) for HAL_RCC_ClockConfig
    main.o(i.main) refers to stm32f4xx_hal.o(i.HAL_Init) for HAL_Init
    main.o(i.main) refers to main.o(i.SystemClock_Config) for SystemClock_Config
    main.o(i.main) refers to gpio.o(i.MX_GPIO_Init) for MX_GPIO_Init
    main.o(i.main) refers to dma.o(i.MX_DMA_Init) for MX_DMA_Init
    main.o(i.main) refers to can.o(i.MX_CAN1_Init) for MX_CAN1_Init
    main.o(i.main) refers to usart.o(i.MX_USART1_UART_Init) for MX_USART1_UART_Init
    main.o(i.main) refers to usart.o(i.MX_USART3_UART_Init) for MX_USART3_UART_Init
    main.o(i.main) refers to can.o(i.MX_CAN2_Init) for MX_CAN2_Init
    main.o(i.main) refers to i2c.o(i.MX_I2C3_Init) for MX_I2C3_Init
    main.o(i.main) refers to tim.o(i.MX_TIM5_Init) for MX_TIM5_Init
    main.o(i.main) refers to spi.o(i.MX_SPI1_Init) for MX_SPI1_Init
    main.o(i.main) refers to tim.o(i.MX_TIM10_Init) for MX_TIM10_Init
    main.o(i.main) refers to tim.o(i.MX_TIM4_Init) for MX_TIM4_Init
    main.o(i.main) refers to stm32f4xx_hal_tim.o(i.HAL_TIM_Base_Start) for HAL_TIM_Base_Start
    main.o(i.main) refers to remote_control.o(i.remote_control_init) for remote_control_init
    main.o(i.main) refers to bsp_can.o(i.can_filter_init) for can_filter_init
    main.o(i.main) refers to stm32f4xx_hal_tim.o(i.HAL_TIM_PWM_Start) for HAL_TIM_PWM_Start
    main.o(i.main) refers to calibrate_task.o(i.cali_param_init) for cali_param_init
    main.o(i.main) refers to freertos.o(i.MX_FREERTOS_Init) for MX_FREERTOS_Init
    main.o(i.main) refers to cmsis_os.o(i.osKernelStart) for osKernelStart
    main.o(i.main) refers to tim.o(.bss) for htim4
    gpio.o(i.MX_GPIO_Init) refers to memseta.o(.text) for __aeabi_memclr4
    gpio.o(i.MX_GPIO_Init) refers to stm32f4xx_hal_gpio.o(i.HAL_GPIO_WritePin) for HAL_GPIO_WritePin
    gpio.o(i.MX_GPIO_Init) refers to stm32f4xx_hal_gpio.o(i.HAL_GPIO_Init) for HAL_GPIO_Init
[...]
    BMI088_init                              0x08000c89   Thumb Code    52  bmi088driver.o(i.BMI088_init)
    BMI088_read                              0x08000cbd   Thumb Code   372  bmi088driver.o(i.BMI088_read)
    BMI088_read_write_byte                   0x08000e79   Thumb Code    28  bmi088middleware.o(i.BMI088_read_write_byte)
    BMI088_temperature_read_over             0x08000e99   Thumb Code    52  bmi088driver.o(i.BMI088_temperature_read_over)
    BusFault_Handler                         0x08000ee1   Thumb Code     4  stm32f4xx_it.o(i.BusFault_Handler)
    CAN1_RX0_IRQHandler                      0x08000ee5   Thumb Code    10  stm32f4xx_it.o(i.CAN1_RX0_IRQHandler)
    CAN2_RX0_IRQHandler                      0x08000ef5   Thumb Code    10  stm32f4xx_it.o(i.CAN2_RX0_IRQHandler)
    CAN_cmd_chassis                          0x08000f05   Thumb Code    68  can_receive.o(i.CAN_cmd_chassis)
    CAN_cmd_chassis_reset_ID                 0x08000f55   Thumb Code    54  can_receive.o(i.CAN_cmd_chassis_reset_ID)
    CAN_cmd_gimbal                           0x08000f99   Thumb Code    68  can_receive.o(i.CAN_cmd_gimbal)
    DMA1_Stream1_IRQHandler                  0x08000fe9   Thumb Code    10  stm32f4xx_it.o(i.DMA1_Stream1_IRQHandler)
    DMA2_Stream2_IRQHandler                  0x08000ff9   Thumb Code  2182  ins_task.o(i.DMA2_Stream2_IRQHandler)
    DMA2_Stream3_IRQHandler                  0x08001891   Thumb Code    10  stm32f4xx_it.o(i.DMA2_Stream3_IRQHandler)
    DMA2_Stream5_IRQHandler                  0x080018a1   Thumb Code    10  stm32f4xx_it.o(i.DMA2_Stream5_IRQHandler)
    DMA2_Stream7_IRQHandler                  0x080018b1   Thumb Code    10  stm32f4xx_it.o(i.DMA2_Stream7_IRQHandler)
    DebugMon_Handler                         0x080019ab   Thumb Code     2  stm32f4xx_it.o(i.DebugMon_Handler)
    EXTI0_IRQHandler                         0x080019ad   Thumb Code    10  stm32f4xx_it.o(i.EXTI0_IRQHandler)
    EXTI3_IRQHandler                         0x080019b7   Thumb Code    10  stm32f4xx_it.o(i.EXTI3_IRQHandler)
    EXTI4_IRQHandler                         0x080019c1   Thumb Code    10  stm32f4xx_it.o(i.EXTI4_IRQHandler)
    EXTI9_5_IRQHandler                       0x080019cb   Thumb Code    10  stm32f4xx_it.o(i.EXTI9_5_IRQHandler)
    Error_Handler                            0x080019d5   Thumb Code     2  main.o(i.Error_Handler)
    FLASH_Erase_Sector                       0x080019d9   Thumb Code    76  stm32f4xx_hal_flash_ex.o(i.FLASH_Erase_Sector)
    FLASH_FlushCaches                        0x08001a29   Thumb Code    84  stm32f4xx_hal_flash_ex.o(i.FLASH_FlushCaches)
    FLASH_WaitForLastOperation               0x08001bb9   Thumb Code    88  stm32f4xx_hal_flash.o(i.FLASH_WaitForLastOperation)
    HAL_CAN_ActivateNotification             0x08001c19   Thumb Code    36  stm32f4xx_hal_can.o(i.HAL_CAN_ActivateNotification)
    HAL_CAN_AddTxMessage                     0x08001c3d   Thumb Code   260  stm32f4xx_hal_can.o(i.HAL_CAN_AddTxMessage)
    HAL_CAN_ConfigFilter                     0x08001d41   Thumb Code   290  stm32f4xx_hal_can.o(i.HAL_CAN_ConfigFilter)
    HAL_CAN_ErrorCallback                    0x08001e69   Thumb Code     2  stm32f4xx_hal_can.o(i.HAL_CAN_ErrorCallback)
    HAL_CAN_GetRxMessage                     0x08001e6b   Thumb Code   364  stm32f4xx_hal_can.o(i.HAL_CAN_GetRxMessage)
    HAL_CAN_IRQHandler                       0x08001fd7   Thumb Code   564  stm32f4xx_hal_can.o(i.HAL_CAN_IRQHandler)
    HAL_CAN_Init                             0x0800220b   Thumb Code   360  stm32f4xx_hal_can.o(i.HAL_CAN_Init)
    HAL_CAN_MspInit                          0x08002375   Thumb Code   328  can.o(i.HAL_CAN_MspInit)
    HAL_CAN_RxFifo0FullCallback              0x080024d5   Thumb Code     2  stm32f4xx_hal_can.o(i.HAL_CAN_RxFifo0FullCallback)
    HAL_CAN_RxFifo0MsgPendingCallback        0x080024d9   Thumb Code   212  can_receive.o(i.HAL_CAN_RxFifo0MsgPendingCallback)
    HAL_CAN_RxFifo1FullCallback              0x080025b5   Thumb Code     2  stm32f4xx_hal_can.o(i.HAL_CAN_RxFifo1FullCallback)
    HAL_CAN_RxFifo1MsgPendingCallback        0x080025b7   Thumb Code     2  stm32f4xx_hal_can.o(i.HAL_CAN_RxFifo1MsgPendingCallback)
    HAL_CAN_SleepCallback                    0x080025b9   Thumb Code     2  stm32f4xx_hal_can.o(i.HAL_CAN_SleepCallback)
    HAL_CAN_Start                            0x080025bb   Thumb Code   100  stm32f4xx_hal_can.o(i.HAL_CAN_Start)
    HAL_CAN_TxMailbox0AbortCallback          0x0800261f   Thumb Code     2  stm32f4xx_hal_can.o(i.HAL_CAN_TxMailbox0AbortCallback)
    HAL_CAN_TxMailbox0CompleteCallback       0x08002621   Thumb Code     2  stm32f4xx_hal_can.o(i.HAL_CAN_TxMailbox0CompleteCallback)
    HAL_CAN_TxMailbox1AbortCallback          0x08002623   Thumb Code     2  stm32f4xx_hal_can.o(i.HAL_CAN_TxMailbox1AbortCallback)
    HAL_CAN_TxMailbox1CompleteCallback       0x08002625   Thumb Code     2  stm32f4xx_hal_can.o(i.HAL_CAN_TxMailbox1CompleteCallback)
    HAL_CAN_TxMailbox2AbortCallback          0x08002627   Thumb Code     2  stm32f4xx_hal_can.o(i.HAL_CAN_TxMailbox2AbortCallback)
    HAL_CAN_TxMailbox2CompleteCallback       0x08002629   Thumb Code     2  stm32f4xx_hal_can.o(i.HAL_CAN_TxMailbox2CompleteCallback)
    HAL_CAN_WakeUpFromRxMsgCallback          0x0800262b   Thumb Code     2  stm32f4xx_hal_can.o(i.HAL_CAN_WakeUpFromRxMsgCallback)
    HAL_DMA_IRQHandler                       0x0800262d   Thumb Code   488  stm32f4xx_hal_dma.o(i.HAL_DMA_IRQHandler)
    HAL_DMA_Init                             0x08002819   Thumb Code   230  stm32f4xx_hal_dma.o(i.HAL_DMA_Init)
    HAL_DMA_Start_IT                         0x08002905   Thumb Code   112  stm32f4xx_hal_dma.o(i.HAL_DMA_Start_IT)
    HAL_Delay                                0x08002975   Thumb Code    34  stm32f4xx_hal.o(i.HAL_Delay)
    HAL_FLASHEx_Erase                        0x0800299d   Thumb Code   162  stm32f4xx_hal_flash_ex.o(i.HAL_FLASHEx_Erase)
    HAL_FLASH_Lock                           0x08002a49   Thumb Code    14  stm32f4xx_hal_flash.o(i.HAL_FLASH_Lock)
    HAL_FLASH_Program                        0x08002a5d   Thumb Code   118  stm32f4xx_hal_flash.o(i.HAL_FLASH_Program)
    HAL_FLASH_Unlock                         0x08002add   Thumb Code    34  stm32f4xx_hal_flash.o(i.HAL_FLASH_Unlock)
    HAL_GPIO_EXTI_Callback                   0x08002b11   Thumb Code   152  ins_task.o(i.HAL_GPIO_EXTI_Callback)
    HAL_GPIO_EXTI_IRQHandler                 0x08002bc9   Thumb Code    18  stm32f4xx_hal_gpio.o(i.HAL_GPIO_EXTI_IRQHandler)
    HAL_GPIO_Init                            0x08002be1   Thumb Code   538  stm32f4xx_hal_gpio.o(i.HAL_GPIO_Init)
    HAL_GPIO_WritePin                        0x08002e0d   Thumb Code    14  stm32f4xx_hal_gpio.o(i.HAL_GPIO_WritePin)
    HAL_GetTick                              0x08002e1d   Thumb Code     6  stm32f4xx_hal.o(i.HAL_GetTick)
    HAL_I2C_Init                             0x08002e29   Thumb Code   410  stm32f4xx_hal_i2c.o(i.HAL_I2C_Init)
    HAL_I2C_Mem_Read                         0x08002fd5   Thumb Code   692  stm32f4xx_hal_i2c.o(i.HAL_I2C_Mem_Read)
    HAL_I2C_Mem_Write                        0x08003295   Thumb Code   362  stm32f4xx_hal_i2c.o(i.HAL_I2C_Mem_Write)
    HAL_I2C_MspInit                          0x08003409   Thumb Code   182  i2c.o(i.HAL_I2C_MspInit)
    HAL_IncTick                              0x080034d1   Thumb Code    12  stm32f4xx_hal.o(i.HAL_IncTick)
    HAL_Init                                 0x080034e1   Thumb Code    48  stm32f4xx_hal.o(i.HAL_Init)
    HAL_InitTick                             0x08003515   Thumb Code    58  stm32f4xx_hal.o(i.HAL_InitTick)
    HAL_MspInit                              0x08003559   Thumb Code    78  stm32f4xx_hal_msp.o(i.HAL_MspInit)
    HAL_NVIC_EnableIRQ                       0x080035ad   Thumb Code    28  stm32f4xx_hal_cortex.o(i.HAL_NVIC_EnableIRQ)
    HAL_NVIC_SetPriority                     0x080035c9   Thumb Code    98  stm32f4xx_hal_cortex.o(i.HAL_NVIC_SetPriority)
    HAL_NVIC_SetPriorityGrouping             0x08003631   Thumb Code    30  stm32f4xx_hal_cortex.o(i.HAL_NVIC_SetPriorityGrouping)
    HAL_RCC_ClockConfig                      0x08003655   Thumb Code   354  stm32f4xx_hal_rcc.o(i.HAL_RCC_ClockConfig)
    HAL_RCC_GetHCLKFreq                      0x080037d1   Thumb Code     6  stm32f4xx_hal_rcc.o(i.HAL_RCC_GetHCLKFreq)
    HAL_RCC_GetPCLK1Freq                     0x080037dd   Thumb Code    22  stm32f4xx_hal_rcc.o(i.HAL_RCC_GetPCLK1Freq)
    HAL_RCC_GetPCLK2Freq                     0x080037fd   Thumb Code    22  stm32f4xx_hal_rcc.o(i.HAL_RCC_GetPCLK2Freq)
    HAL_RCC_GetSysClockFreq                  0x0800381d   Thumb Code    94  stm32f4xx_hal_rcc.o(i.HAL_RCC_GetSysClockFreq)
    HAL_RCC_OscConfig                        0x0800388d   Thumb Code  1154  stm32f4xx_hal_rcc.o(i.HAL_RCC_OscConfig)
    HAL_SPI_Init                             0x08003d0f   Thumb Code   190  stm32f4xx_hal_spi.o(i.HAL_SPI_Init)
    HAL_SPI_MspInit                          0x08003dcd   Thumb Code   316  spi.o(i.HAL_SPI_MspInit)
    HAL_SPI_TransmitReceive                  0x08003f25   Thumb Code   504  stm32f4xx_hal_spi.o(i.HAL_SPI_TransmitReceive)
    HAL_SYSTICK_Config                       0x0800411d   Thumb Code    36  stm32f4xx_hal_cortex.o(i.HAL_SYSTICK_Config)
    HAL_TIMEx_MasterConfigSynchronization    0x08004145   Thumb Code   154  stm32f4xx_hal_tim_ex.o(i.HAL_TIMEx_MasterConfigSynchronization)
    HAL_TIM_Base_Init                        0x080041df   Thumb Code    92  stm32f4xx_hal_tim.o(i.HAL_TIM_Base_Init)
    HAL_TIM_Base_MspInit                     0x0800423d   Thumb Code    88  tim.o(i.HAL_TIM_Base_MspInit)
    HAL_TIM_Base_Start                       0x080042a1   Thumb Code   128  stm32f4xx_hal_tim.o(i.HAL_TIM_Base_Start)
    HAL_TIM_ConfigClockSource                0x08004321   Thumb Code   234  stm32f4xx_hal_tim.o(i.HAL_TIM_ConfigClockSource)
    HAL_TIM_MspPostInit                      0x0800440d   Thumb Code   226  tim.o(i.HAL_TIM_MspPostInit)
    HAL_TIM_PWM_ConfigChannel                0x0800450d   Thumb Code   216  stm32f4xx_hal_tim.o(i.HAL_TIM_PWM_ConfigChannel)
    HAL_TIM_PWM_Init                         0x080045e5   Thumb Code    92  stm32f4xx_hal_tim.o(i.HAL_TIM_PWM_Init)
    HAL_TIM_PWM_MspInit                      0x08004641   Thumb Code    44  tim.o(i.HAL_TIM_PWM_MspInit)
    HAL_TIM_PWM_Start                        0x08004675   Thumb Code   210  stm32f4xx_hal_tim.o(i.HAL_TIM_PWM_Start)
    HAL_UARTEx_RxEventCallback               0x08004751   Thumb Code     2  stm32f4xx_hal_uart.o(i.HAL_UARTEx_RxEventCallback)
    HAL_UART_ErrorCallback                   0x08004753   Thumb Code     2  stm32f4xx_hal_uart.o(i.HAL_UART_ErrorCallback)
    HAL_UART_Init                            0x08004755   Thumb Code   100  stm32f4xx_hal_uart.o(i.HAL_UART_Init)
    HAL_UART_MspInit                         0x080047b9   Thumb Code   526  usart.o(i.HAL_UART_MspInit)
    HAL_UART_Receive_DMA                     0x080049f5   Thumb Code    46  stm32f4xx_hal_uart.o(i.HAL_UART_Receive_DMA)
    HAL_UART_RxCpltCallback                  0x08004a23   Thumb Code     2  stm32f4xx_hal_uart.o(i.HAL_UART_RxCpltCallback)
    HAL_UART_RxHalfCpltCallback              0x08004a25   Thumb Code     2  stm32f4xx_hal_uart.o(i.HAL_UART_RxHalfCpltCallback)
    HAL_UART_Transmit                        0x08004a27   Thumb Code   202  stm32f4xx_hal_uart.o(i.HAL_UART_Transmit)
    HardFault_Handler                        0x08004af1   Thumb Code     4  stm32f4xx_it.o(i.HardFault_Handler)
    INS_cali_gyro                            0x08005005   Thumb Code   110  ins_task.o(i.INS_cali_gyro)
    INS_set_cali_gyro                        0x08005081   Thumb Code    62  ins_task.o(i.INS_set_cali_gyro)
    INS_task                                 0x080050c9   Thumb Code   704  ins_task.o(i.INS_task)
    MX_CAN1_Init                             0x080053fd   Thumb Code    58  can.o(i.MX_CAN1_Init)
    MX_CAN2_Init                             0x08005441   Thumb Code    58  can.o(i.MX_CAN2_Init)
    MX_DMA_Init                              0x08005485   Thumb Code   146  dma.o(i.MX_DMA_Init)
    MX_FREERTOS_Init                         0x0800551d   Thumb Code   174  freertos.o(i.MX_FREERTOS_Init)
    MX_GPIO_Init                             0x080055ed   Thumb Code   450  gpio.o(i.MX_GPIO_Init)
    MX_I2C3_Init                             0x080057c5   Thumb Code    48  i2c.o(i.MX_I2C3_Init)
    MX_SPI1_Init                             0x08005801   Thumb Code    62  spi.o(i.MX_SPI1_Init)
    MX_TIM10_Init                            0x08005849   Thumb Code   100  tim.o(i.MX_TIM10_Init)
    MX_TIM4_Init                             0x080058b5   Thumb Code   154  tim.o(i.MX_TIM4_Init)
    MX_TIM5_Init                             0x08005959   Thumb Code   146  tim.o(i.MX_TIM5_Init)
    MX_USART1_UART_Init                      0x080059f5   Thumb Code    46  usart.o(i.MX_USART1_UART_Init)
    MX_USART3_UART_Init                      0x08005a2d   Thumb Code    44  usart.o(i.MX_USART3_UART_Init)
    MemManage_Handler                        0x08005a65   Thumb Code     4  stm32f4xx_it.o(i.MemManage_Handler)
    NMI_Handler                              0x08005a69   Thumb Code     2  stm32f4xx_it.o(i.NMI_Handler)
    PID_calc                                 0x08005a6d   Thumb Code   492  pid.o(i.PID_calc)
    PID_clear                                0x08005c5d   Thumb Code    72  pid.o(i.PID_clear)
    PID_init                                 0x08005ca9   Thumb Code    92  pid.o(i.PID_init)
    RC_init                                  0x08006071   Thumb Code   280  bsp_rc.o(i.RC_init)
    RC_restart                               0x080061a1   Thumb Code    72  bsp_rc.o(i.RC_restart)
    RC_unable                                0x080061f1   Thumb Code    18  bsp_rc.o(i.RC_unable)
    SPI1_DMA_enable                          0x08006209   Thumb Code 10024  bsp_spi.o(i.SPI1_DMA_enable)
    SPI1_DMA_init                            0x08008945   Thumb Code   360  bsp_spi.o(i.SPI1_DMA_init)
    StartDefaultTask                         0x08008c01   Thumb Code    10  freertos.o(i.StartDefaultTask)
    SysTick_Handler                          0x08008c0b   Thumb Code    20  stm32f4xx_it.o(i.SysTick_Handler)
    SystemClock_Config                       0x08008c21   Thumb Code   170  main.o(i.SystemClock_Config)
    SystemInit                               0x08008cd5   Thumb Code    82  system_stm32f4xx.o(i.SystemInit)
    TIM_Base_SetConfig                       0x08008d39   Thumb Code   182  stm32f4xx_hal_tim.o(i.TIM_Base_SetConfig)
    TIM_CCxChannelCmd                        0x08008e05   Thumb Code    30  stm32f4xx_hal_tim.o(i.TIM_CCxChannelCmd)
    TIM_ETR_SetConfig                        0x08008e23   Thumb Code    22  stm32f4xx_hal_tim.o(i.TIM_ETR_SetConfig)
    TIM_OC2_SetConfig                        0x08008eb9   Thumb Code   112  stm32f4xx_hal_tim.o(i.TIM_OC2_SetConfig)
    UART_Start_Receive_DMA                   0x08009299   Thumb Code   138  stm32f4xx_hal_uart.o(i.UART_Start_Receive_DMA)
    UART_receive                             0x080093bd   Thumb Code    32  message_usart.o(i.UART_receive)
    USART1_IRQHandler                        0x080093ed   Thumb Code   264  remote_control.o(i.USART1_IRQHandler)
    USART3_IRQHandler                        0x08009511   Thumb Code   276  remote_control.o(i.USART3_IRQHandler)
    UsageFault_Handler                       0x08009641   Thumb Code     4  stm32f4xx_it.o(i.UsageFault_Handler)
    __0printf$3                              0x08009645   Thumb Code    22  printf3.o(i.__0printf$3)
    __1printf$3                              0x08009645   Thumb Code     0  printf3.o(i.__0printf$3)
    __2printf                                0x08009645   Thumb Code     0  printf3.o(i.__0printf$3)
    __ARM_fpclassifyf                        0x08009665   Thumb Code    38  fpclassifyf.o(i.__ARM_fpclassifyf)
    __hardfp_asinf                           0x0800968d   Thumb Code   258  asinf.o(i.__hardfp_asinf)
    __hardfp_atan2f                          0x080097b9   Thumb Code   594  atan2f.o(i.__hardfp_atan2f)
    __hardfp_fabs                            0x08009a65   Thumb Code    20  fabs.o(i.__hardfp_fabs)
    __hardfp_sqrtf                           0x08009a79   Thumb Code    58  sqrtf_full.o(i.__hardfp_sqrtf)
    __mathlib_flt_infnan                     0x08009ab3   Thumb Code     6  funder.o(i.__mathlib_flt_infnan)
    __mathlib_flt_infnan2                    0x08009ab9   Thumb Code     6  funder.o(i.__mathlib_flt_infnan2)
    __mathlib_flt_invalid                    0x08009ac1   Thumb Code    10  funder.o(i.__mathlib_flt_invalid)
    __mathlib_flt_underflow                  0x08009ad1   Thumb Code    10  funder.o(i.__mathlib_flt_underflow)
    __scatterload_copy                       0x08009ae1   Thumb Code    14  handlers.o(i.__scatterload_copy)
    __scatterload_null                       0x08009aef   Thumb Code     2  handlers.o(i.__scatterload_null)
    __scatterload_zeroinit                   0x08009af1   Thumb Code    14  handlers.o(i.__scatterload_zeroinit)
    __set_errno                              0x08009b01   Thumb Code     6  errno.o(i.__set_errno)
    abs_limit                                0x08009cc5   Thumb Code    48  user_lib.o(i.abs_limit)
    bmi088_accel_init                        0x0800a1bd   Thumb Code   302  bmi088driver.o(i.bmi088_accel_init)
    bmi088_accel_self_test                   0x0800a2f1   Thumb Code   760  bmi088driver.o(i.bmi088_accel_self_test)
    bmi088_gyro_init                         0x0800a5ed   Thumb Code   238  bmi088driver.o(i.bmi088_gyro_init)
    bmi088_gyro_self_test                    0x0800a6e1   Thumb Code   208  bmi088driver.o(i.bmi088_gyro_self_test)
    buzzer_off                               0x0800a7b1   Thumb Code    10  bsp_buzzer.o(i.buzzer_off)
    buzzer_on                                0x0800a7c1   Thumb Code    14  bsp_buzzer.o(i.buzzer_on)
    cali_param_init                          0x0800a9f1   Thumb Code   168  calibrate_task.o(i.cali_param_init)
    calibrate_task                           0x0800aaa9   Thumb Code   304  calibrate_task.o(i.calibrate_task)
    can_filter_init                          0x0800abf1   Thumb Code    84  bsp_can.o(i.can_filter_init)
    chassis_behaviour_control_set            0x0800ac4d   Thumb Code   156  chassis_behaviour.o(i.chassis_behaviour_control_set)
    chassis_behaviour_mode_set               0x0800aced   Thumb Code   134  chassis_behaviour.o(i.chassis_behaviour_mode_set)
    chassis_rc_to_control_vector             0x0800b419   Thumb Code   320  chassis_task.o(i.chassis_rc_to_control_vector)
    chassis_task                             0x0800b7c1   Thumb Code   166  chassis_task.o(i.chassis_task)
    detect_hook                              0x0800b8f1   Thumb Code   288  detect_task.o(i.detect_hook)
    detect_task                              0x0800bb81   Thumb Code   628  detect_task.o(i.detect_task)
    first_order_filter_cali                  0x0800be09   Thumb Code    84  user_lib.o(i.first_order_filter_cali)
    first_order_filter_init                  0x0800be5d   Thumb Code    32  user_lib.o(i.first_order_filter_init)
    flash_erase_address                      0x0800be81   Thumb Code    46  bsp_flash.o(i.flash_erase_address)
    flash_read                               0x0800beaf   Thumb Code    20  bsp_flash.o(i.flash_read)
    flash_write_single_address               0x0800bec5   Thumb Code   136  bsp_flash.o(i.flash_write_single_address)
    fp32_constrain                           0x0800bf5d   Thumb Code    42  user_lib.o(i.fp32_constrain)
    fputc                                    0x0800bf89   Thumb Code    26  message_usart.o(i.fputc)
    get_INS_angle_point                      0x0800c0a1   Thumb Code     4  ins_task.o(i.get_INS_angle_point)
    get_angle                                0x0800c0a9   Thumb Code   232  ahrs.o(i.get_angle)
    get_chassis_motor_measure_point          0x0800c191   Thumb Code    18  can_receive.o(i.get_chassis_motor_measure_point)
    get_control_temperature                  0x0800c1a9   Thumb Code     8  calibrate_task.o(i.get_control_temperature)
    get_error_list_point                     0x0800c1b5   Thumb Code     4  detect_task.o(i.get_error_list_point)
    get_gyro_data_point                      0x0800c1bd   Thumb Code     4  ins_task.o(i.get_gyro_data_point)
    get_next_flash_address                   0x0800c1c5   Thumb Code   186  bsp_flash.o(i.get_next_flash_address)
    get_pitch_gimbal_motor_measure_point     0x0800c2ad   Thumb Code     4  can_receive.o(i.get_pitch_gimbal_motor_measure_point)
    get_pitch_motor_point                    0x0800c2b5   Thumb Code     4  gimbal_task.o(i.get_pitch_motor_point)
    get_remote_control_point                 0x0800c2bd   Thumb Code     4  remote_control.o(i.get_remote_control_point)
    get_yaw_gimbal_motor_measure_point       0x0800c2c5   Thumb Code     4  can_receive.o(i.get_yaw_gimbal_motor_measure_point)
    get_yaw_motor_point                      0x0800c2cd   Thumb Code     4  gimbal_task.o(i.get_yaw_motor_point)
    gimbal_behaviour_control_set             0x0800c6e1   Thumb Code   136  gimbal_behaviour.o(i.gimbal_behaviour_control_set)
    gimbal_behaviour_mode_set                0x0800c76d   Thumb Code   134  gimbal_behaviour.o(i.gimbal_behaviour_mode_set)
    gimbal_task                              0x0800d1c5   Thumb Code   188  gimbal_task.o(i.gimbal_task)
    gyro_offset_calc                         0x0800d2b5   Thumb Code    78  ins_task.o(i.gyro_offset_calc)
    imu_pwm_set                              0x0800d5dd   Thumb Code     8  bsp_imu_pwm.o(i.imu_pwm_set)
    ist8310_GPIO_init                        0x0800d6a1   Thumb Code     2  ist8310driver_middleware.o(i.ist8310_GPIO_init)
    ist8310_IIC_read_single_reg              0x0800d6a5   Thumb Code    40  ist8310driver_middleware.o(i.ist8310_IIC_read_single_reg)
    ist8310_IIC_write_single_reg             0x0800d6d1   Thumb Code    34  ist8310driver_middleware.o(i.ist8310_IIC_write_single_reg)
    ist8310_RST_H                            0x0800d6f9   Thumb Code    14  ist8310driver_middleware.o(i.ist8310_RST_H)
    ist8310_RST_L                            0x0800d70d   Thumb Code    14  ist8310driver_middleware.o(i.ist8310_RST_L)
    ist8310_com_init                         0x0800d721   Thumb Code     2  ist8310driver_middleware.o(i.ist8310_com_init)
    ist8310_delay_ms                         0x0800d723   Thumb Code    12  ist8310driver_middleware.o(i.ist8310_delay_ms)
    ist8310_delay_us                         0x0800d72f   Thumb Code    74  ist8310driver_middleware.o(i.ist8310_delay_us)
    ist8310_init                             0x0800d779   Thumb Code   136  ist8310driver.o(i.ist8310_init)
    loop_fp32_constrain                      0x0800d805   Thumb Code    96  user_lib.o(i.loop_fp32_constrain)
    main                                     0x0800d865   Thumb Code   120  main.o(i.main)
    msg_send_task                            0x0800d925   Thumb Code   320  message_usart.o(i.msg_send_task)
    osDelay                                  0x0800dac9   Thumb Code    16  cmsis_os.o(i.osDelay)
    osKernelStart                            0x0800dad9   Thumb Code    10  cmsis_os.o(i.osKernelStart)
    osThreadCreate                           0x0800dae3   Thumb Code    92  cmsis_os.o(i.osThreadCreate)
    pcTaskGetName                            0x0800db41   Thumb Code    30  tasks.o(i.pcTaskGetName)
    pvPortMalloc                             0x0800df89   Thumb Code   224  heap_4.o(i.pvPortMalloc)
    pxPortInitialiseStack                    0x0800e071   Thumb Code    38  port.o(i.pxPortInitialiseStack)
    remote_control_init                      0x0800e121   Thumb Code    16  remote_control.o(i.remote_control_init)
    sqrtf                                    0x0800e20f   Thumb Code    62  sqrtf_full.o(i.sqrtf)
    toe_is_error                             0x0800e24d   Thumb Code    20  detect_task.o(i.toe_is_error)
    ulTaskNotifyTake                         0x0800e265   Thumb Code    96  tasks.o(i.ulTaskNotifyTake)
    uxListRemove                             0x0800e347   Thumb Code    38  list.o(i.uxListRemove)
    uxTaskGetStackHighWaterMark              0x0800e36d   Thumb Code    14  tasks.o(i.uxTaskGetStackHighWaterMark)
    vApplicationGetIdleTaskMemory            0x0800e381   Thumb Code    14  freertos.o(i.vApplicationGetIdleTaskMemory)
    vListInitialise                          0x0800e399   Thumb Code    22  list.o(i.vListInitialise)
    vListInitialiseItem                      0x0800e3af   Thumb Code     6  list.o(i.vListInitialiseItem)
    vListInsert                              0x0800e3b5   Thumb Code    54  list.o(i.vListInsert)
    vListInsertEnd                           0x0800e3eb   Thumb Code    24  list.o(i.vListInsertEnd)
    vPortEnterCritical                       0x0800e405   Thumb Code    54  port.o(i.vPortEnterCritical)
    vPortExitCritical                        0x0800e445   Thumb Code    38  port.o(i.vPortExitCritical)
    vPortFree                                0x0800e471   Thumb Code    94  heap_4.o(i.vPortFree)
    vPortSetupTimerInterrupt                 0x0800e4d5   Thumb Code    32  port.o(i.vPortSetupTimerInterrupt)
    vPortValidateInterruptPriority           0x0800e4f9   Thumb Code    74  port.o(i.vPortValidateInterruptPriority)
    vTaskDelay                               0x0800e54d   Thumb Code    70  tasks.o(i.vTaskDelay)
    vTaskNotifyGiveFromISR                   0x0800e59d   Thumb Code   176  tasks.o(i.vTaskNotifyGiveFromISR)
    vTaskStartScheduler                      0x0800e659   Thumb Code   120  tasks.o(i.vTaskStartScheduler)
    vTaskSuspendAll                          0x0800e6e1   Thumb Code    10  tasks.o(i.vTaskSuspendAll)
    vTaskSwitchContext                       0x0800e6f1   Thumb Code    86  tasks.o(i.vTaskSwitchContext)
    xPortStartScheduler                      0x0800e751   Thumb Code   232  port.o(i.xPortStartScheduler)
    xPortSysTickHandler                      0x0800e855   Thumb Code    38  port.o(i.xPortSysTickHandler)
    xTaskCreate                              0x0800e881   Thumb Code   108  tasks.o(i.xTaskCreate)
    xTaskCreateStatic                        0x0800e8ed   Thumb Code    96  tasks.o(i.xTaskCreateStatic)
    xTaskGetHandle                           0x0800e94d   Thumb Code   124  tasks.o(i.xTaskGetHandle)
    xTaskGetSchedulerState                   0x0800e9d9   Thumb Code    24  tasks.o(i.xTaskGetSchedulerState)
    xTaskGetTickCount                        0x0800e9f5   Thumb Code     6  tasks.o(i.xTaskGetTickCount)
    xTaskIncrementTick                       0x0800ea01   Thumb Code   202  tasks.o(i.xTaskIncrementTick)
    xTaskResumeAll                           0x0800ead5   Thumb Code   190  tasks.o(i.xTaskResumeAll)
    AHBPrescTable                            0x0800ec64   Data          16  system_stm32f4xx.o(.constdata)
    APBPrescTable                            0x0800ec74   Data           8  system_stm32f4xx.o(.constdata)
    sinTable_f32                             0x0800ed64   Data        2052  arm_common_tables.o(.constdata)
    Region$$Table$$Base                      0x0800f624   Number         0  anon$$obj.o(Region$$Table)
    Region$$Table$$Limit                     0x0800f644   Number         0  anon$$obj.o(Region$$Table)
    gimbalTaskHandle                         0x20000000   Data           4  freertos.o(.data)
    imuTaskHandle                            0x20000004   Data           4  freertos.o(.data)
    chassisTaskHandle                        0x20000008   Data           4  freertos.o(.data)
    detect_handle                            0x2000000c   Data           4  freertos.o(.data)
    calibrate_tast_handle                    0x20000010   Data           4  freertos.o(.data)
    message_handle                           0x20000014   Data           4  freertos.o(.data)
    defaultTaskHandle                        0x20000018   Data           4  freertos.o(.data)
    SystemCoreClock                          0x20000020   Data           4  system_stm32f4xx.o(.data)
    gimbal_high_water                        0x2000004c   Data           4  gimbal_task.o(.data)
    gyro_dma_rx_buf                          0x20000080   Data           8  ins_task.o(.data)
    gyro_dma_tx_buf                          0x20000088   Data           8  ins_task.o(.data)
    accel_dma_tx_buf                         0x20000090   Data           9  ins_task.o(.data)
    accel_temp_dma_rx_buf                    0x20000099   Data           4  ins_task.o(.data)
    accel_temp_dma_tx_buf                    0x2000009d   Data           4  ins_task.o(.data)
    gyro_update_flag                         0x200000a1   Data           1  ins_task.o(.data)
    accel_update_flag                        0x200000a2   Data           1  ins_task.o(.data)
    accel_temp_update_flag                   0x200000a3   Data           1  ins_task.o(.data)
    mag_update_flag                          0x200000a4   Data           1  ins_task.o(.data)
    imu_start_dma_flag                       0x200000a5   Data           1  ins_task.o(.data)
    gyro_scale_factor                        0x200000a8   Data          36  ins_task.o(.data)
    accel_scale_factor                       0x200000cc   Data          36  ins_task.o(.data)
    mag_scale_factor                         0x200000f0   Data          36  ins_task.o(.data)
    chassis_high_water                       0x2000011c   Data           4  chassis_task.o(.data)
    chassis_behaviour_mode                   0x20000120   Data           1  chassis_behaviour.o(.data)
    calibrate_task_stack                     0x20000134   Data           4  calibrate_task.o(.data)
    cali_hook_fun                            0x20000160   Data          20  calibrate_task.o(.data)
    detect_task_stack                        0x20000188   Data           4  detect_task.o(.data)
    device_name                              0x20000198   Data          56  message_usart.o(.data)
    recv_end_flag                            0x200001d0   Data           1  message_usart.o(.data)
    rx_len                                   0x200001d2   Data           2  message_usart.o(.data)
    ch                                       0x200001d4   Data           1  message_usart.o(.data)
    ch_r                                     0x200001d5   Data           1  message_usart.o(.data)
    BMI088_ACCEL_SEN                         0x200001d8   Data           4  bmi088driver.o(.data)
    BMI088_GYRO_SEN                          0x200001dc   Data           4  bmi088driver.o(.data)
    uwTickFreq                               0x20000204   Data           1  stm32f4xx_hal.o(.data)
    uwTickPrio                               0x20000208   Data           4  stm32f4xx_hal.o(.data)
    uwTick                                   0x2000020c   Data           4  stm32f4xx_hal.o(.data)
    pxCurrentTCB                             0x20000210   Data           4  tasks.o(.data)
    __stdout                                 0x20000288   Data           4  stdout.o(.data)
    hcan1                                    0x200004e4   Data          40  can.o(.bss)
    hcan2                                    0x2000050c   Data          40  can.o(.bss)
    hi2c3                                    0x20000534   Data          84  i2c.o(.bss)
    hspi1                                    0x20000588   Data          88  spi.o(.bss)
    hdma_spi1_rx                             0x200005e0   Data          96  spi.o(.bss)
    hdma_spi1_tx                             0x20000640   Data          96  spi.o(.bss)
    htim4                                    0x200006a0   Data          72  tim.o(.bss)
    htim5                                    0x200006e8   Data          72  tim.o(.bss)
    htim10                                   0x20000730   Data          72  tim.o(.bss)
    huart1                                   0x20000778   Data          68  usart.o(.bss)
    huart3                                   0x200007bc   Data          68  usart.o(.bss)
    hdma_usart1_rx                           0x20000800   Data          96  usart.o(.bss)
    hdma_usart1_tx                           0x20000860   Data          96  usart.o(.bss)
    hdma_usart3_rx                           0x200008c0   Data          96  usart.o(.bss)
    user_speed                               0x20000920   Data          10  can_receive.o(.bss)
    rc_ctrl                                  0x200009a0   Data          22  remote_control.o(.bss)
    gimbal_control                           0x20000a00   Data         488  gimbal_task.o(.bss)
    accel_dma_rx_buf                         0x20000be8   Data           9  ins_task.o(.bss)
    bmi088_real_data                         0x20000bf4   Data          36  ins_task.o(.bss)
    gyro_offset                              0x20000c18   Data          12  ins_task.o(.bss)
    gyro_cali_offset                         0x20000c24   Data          12  ins_task.o(.bss)
    accel_offset                             0x20000c30   Data          12  ins_task.o(.bss)
    accel_cali_offset                        0x20000c3c   Data          12  ins_task.o(.bss)
    ist8310_real_data                        0x20000c48   Data          16  ins_task.o(.bss)
    mag_offset                               0x20000c58   Data          12  ins_task.o(.bss)
    mag_cali_offset                          0x20000c64   Data          12  ins_task.o(.bss)
    INS_angle                                0x20000d10   Data          12  ins_task.o(.bss)
    INS_angle_system                         0x20000d1c   Data          12  ins_task.o(.bss)
    chassis_move                             0x20000d28   Data         556  chassis_task.o(.bss)
    cali_sensor                              0x20001028   Data          65  calibrate_task.o(.bss)
    error_list                               0x20001069   Data         540  detect_task.o(.bss)
    rx_buffer                                0x20001285   Data         100  message_usart.o(.bss)
    pFlash                                   0x200012f8   Data          32  stm32f4xx_hal_flash.o(.bss)
    __initial_sp                             0x20005408   Data           0  startup_stm32f407xx.o(STACK)



==============================================================================

Memory Map of the image

  Image Entry point : 0x08000189

  Load Region LR_IROM1 (Base: 0x08000000, Size: 0x0000f8d4, Max: 0x00100000, ABSOLUTE, COMPRESSED[0x0000f700])

    Execution Region ER_IROM1 (Exec base: 0x08000000, Load base: 0x08000000, Size: 0x0000f644, Max: 0x00100000, ABSOLUTE)

    Exec Addr    Load Addr    Size         Type   Attr      Idx    E Section Name        Object

    0x08000000   0x08000000   0x00000188   Data   RO            3    RESET               startup_stm32f407xx.o
    0x08000188   0x08000188   0x00000000   Code   RO         8059  * .ARM.Collect$$$$00000000  mc_w.l(entry.o)
    0x08000188   0x08000188   0x00000004   Code   RO         8362    .ARM.Collect$$$$00000001  mc_w.l(entry2.o)
    0x0800018c   0x0800018c   0x00000004   Code   RO         8365    .ARM.Collect$$$$00000004  mc_w.l(entry5.o)
    0x08000190   0x08000190   0x00000000   Code   RO         8367    .ARM.Collect$$$$00000008  mc_w.l(entry7b.o)
    0x08000190   0x08000190   0x00000000   Code   RO         8369    .ARM.Collect$$$$0000000A  mc_w.l(entry8b.o)
    0x08000190   0x08000190   0x00000008   Code   RO         8370    .ARM.Collect$$$$0000000B  mc_w.l(entry9a.o)
    0x08000198   0x08000198   0x00000004   Code   RO         8377    .ARM.Collect$$$$0000000E  mc_w.l(entry12b.o)
    0x0800019c   0x0800019c   0x00000000   Code   RO         8372    .ARM.Collect$$$$0000000F  mc_w.l(entry10a.o)
    0x0800019c   0x0800019c   0x00000000   Code   RO         8374    .ARM.Collect$$$$00000011  mc_w.l(entry11a.o)
    0x0800019c   0x0800019c   0x00000004   Code   RO         8363    .ARM.Collect$$$$00002712  mc_w.l(entry2.o)
    0x080001a0   0x080001a0   0x000000be   Code   RO         7670    .emb_text           port.o
    0x0800025e   0x0800025e   0x00000002   PAD
    0x08000260   0x08000260   0x00000024   Code   RO            4    .text               startup_stm32f407xx.o
    0x08000284   0x08000284   0x00000078   Code   RO         7750    .text               arm_cortexM4lf_math.lib(arm_cos_f32.o)
    0x080002fc   0x080002fc   0x00000074   Code   RO         7803    .text               arm_cortexM4lf_math.lib(arm_sin_f32.o)
    0x08000370   0x08000370   0x00000062   Code   RO         8062    .text               mc_w.l(uldiv.o)
    0x080003d2   0x080003d2   0x00000024   Code   RO         8064    .text               mc_w.l(memcpya.o)
    0x080003f6   0x080003f6   0x00000024   Code   RO         8068    .text               mc_w.l(memseta.o)
    0x0800041a   0x0800041a   0x0000000e   Code   RO         8070    .text               mc_w.l(strlen.o)
    0x08000428   0x08000428   0x00000026   Code   RO         8335    .text               mf_w.l(f2d.o)
    0x0800044e   0x0800044e   0x00000002   PAD
    0x08000450   0x08000450   0x00000030   Code   RO         8337    .text               mf_w.l(cdcmple.o)
    0x08000480   0x08000480   0x00000030   Code   RO         8339    .text               mf_w.l(cdrcmple.o)
    0x080004b0   0x080004b0   0x00000038   Code   RO         8341    .text               mf_w.l(d2f.o)
    0x080004e8   0x080004e8   0x0000002c   Code   RO         8379    .text               mc_w.l(uidiv.o)
    0x08000514   0x08000514   0x0000001e   Code   RO         8381    .text               mc_w.l(llshl.o)
    0x08000532   0x08000532   0x00000020   Code   RO         8383    .text               mc_w.l(llushr.o)
    0x08000552   0x08000552   0x00000000   Code   RO         8392    .text               mc_w.l(iusefp.o)
    0x08000552   0x08000552   0x0000006e   Code   RO         8393    .text               mf_w.l(fepilogue.o)
    0x080005c0   0x080005c0   0x00000024   Code   RO         8403    .text               mc_w.l(init.o)
    0x080005e4   0x080005e4   0x00000056   Code   RO         8417    .text               mc_w.l(__dczerorl2.o)
    0x0800063a   0x0800063a   0x00000018   Code   RO         2364    i.AHRS_asinf        ahrs_middleware.o
    0x08000652   0x08000652   0x00000020   Code   RO         2365    i.AHRS_atan2f       ahrs_middleware.o
    0x08000672   0x08000672   0x00000018   Code   RO         2366    i.AHRS_cosf         ahrs_middleware.o
    0x0800068a   0x0800068a   0x0000001a   Code   RO         7824    i.AHRS_fabs         AHRS.lib(ahrs.o)
    0x080006a4   0x080006a4   0x00000010   Code   RO         2367    i.AHRS_get_height   ahrs_middleware.o
    0x080006b4   0x080006b4   0x0000000c   Code   RO         2368    i.AHRS_get_latitude  ahrs_middleware.o
    0x080006c0   0x080006c0   0x0000029c   Code   RO         7825    i.AHRS_init         AHRS.lib(ahrs.o)
    0x0800095c   0x0800095c   0x00000024   Code   RO         2369    i.AHRS_invSqrt      ahrs_middleware.o
    0x08000980   0x08000980   0x00000018   Code   RO         2370    i.AHRS_sinf         ahrs_middleware.o
    0x08000998   0x08000998   0x0000013a   Code   RO         7826    i.AHRS_update       AHRS.lib(ahrs.o)
    0x08000ad2   0x08000ad2   0x00000002   PAD
    0x08000ad4   0x08000ad4   0x00000014   Code   RO         2660    i.BMI088_ACCEL_NS_H  bmi088middleware.o
    0x08000ae8   0x08000ae8   0x00000014   Code   RO         2661    i.BMI088_ACCEL_NS_L  bmi088middleware.o
    0x08000afc   0x08000afc   0x00000002   Code   RO         2662    i.BMI088_GPIO_init  bmi088middleware.o
    0x08000afe   0x08000afe   0x00000002   PAD
    0x08000b00   0x08000b00   0x00000014   Code   RO         2663    i.BMI088_GYRO_NS_H  bmi088middleware.o
    0x08000b14   0x08000b14   0x00000014   Code   RO         2664    i.BMI088_GYRO_NS_L  bmi088middleware.o
    0x08000b28   0x08000b28   0x00000090   Code   RO         2524    i.BMI088_accel_read_over  bmi088driver.o
    0x08000bb8   0x08000bb8   0x00000002   Code   RO         2665    i.BMI088_com_init   bmi088middleware.o
    0x08000bba   0x08000bba   0x0000001a   Code   RO         2666    i.BMI088_delay_ms   bmi088middleware.o
    0x08000bd4   0x08000bd4   0x0000004a   Code   RO         2667    i.BMI088_delay_us   bmi088middleware.o
    0x08000c1e   0x08000c1e   0x00000002   PAD
    0x08000c20   0x08000c20   0x00000068   Code   RO         2525    i.BMI088_gyro_read_over  bmi088driver.o
    0x08000c88   0x08000c88   0x00000034   Code   RO         2526    i.BMI088_init       bmi088driver.o
    0x08000cbc   0x08000cbc   0x0000017c   Code   RO         2527    i.BMI088_read       bmi088driver.o
    0x08000e38   0x08000e38   0x00000026   Code   RO         2530    i.BMI088_read_muli_reg  bmi088driver.o
    0x08000e5e   0x08000e5e   0x00000018   Code   RO         2531    i.BMI088_read_single_reg  bmi088driver.o
    0x08000e76   0x08000e76   0x00000002   PAD
    0x08000e78   0x08000e78   0x00000020   Code   RO         2668    i.BMI088_read_write_byte  bmi088middleware.o
    0x08000e98   0x08000e98   0x00000034   Code   RO         2532    i.BMI088_temperature_read_over  bmi088driver.o
    0x08000ecc   0x08000ecc   0x00000014   Code   RO         2533    i.BMI088_write_single_reg  bmi088driver.o
    0x08000ee0   0x08000ee0   0x00000004   Code   RO          624    i.BusFault_Handler  stm32f4xx_it.o
    0x08000ee4   0x08000ee4   0x00000010   Code   RO          625    i.CAN1_RX0_IRQHandler  stm32f4xx_it.o
    0x08000ef4   0x08000ef4   0x00000010   Code   RO          626    i.CAN2_RX0_IRQHandler  stm32f4xx_it.o
    0x08000f04   0x08000f04   0x00000050   Code   RO         1204    i.CAN_cmd_chassis   can_receive.o
    0x08000f54   0x08000f54   0x00000044   Code   RO         1205    i.CAN_cmd_chassis_reset_ID  can_receive.o
    0x08000f98   0x08000f98   0x00000050   Code   RO         1206    i.CAN_cmd_gimbal    can_receive.o
    0x08000fe8   0x08000fe8   0x00000010   Code   RO          627    i.DMA1_Stream1_IRQHandler  stm32f4xx_it.o
    0x08000ff8   0x08000ff8   0x00000898   Code   RO         1726    i.DMA2_Stream2_IRQHandler  ins_task.o
    0x08001890   0x08001890   0x00000010   Code   RO          628    i.DMA2_Stream3_IRQHandler  stm32f4xx_it.o
    0x080018a0   0x080018a0   0x00000010   Code   RO          629    i.DMA2_Stream5_IRQHandler  stm32f4xx_it.o
    0x080018b0   0x080018b0   0x00000010   Code   RO          630    i.DMA2_Stream7_IRQHandler  stm32f4xx_it.o
    0x080018c0   0x080018c0   0x00000034   Code   RO         3585    i.DMA_CalcBaseAndBitshift  stm32f4xx_hal_dma.o
    0x080018f4   0x080018f4   0x0000007e   Code   RO         3586    i.DMA_CheckFifoParam  stm32f4xx_hal_dma.o
    0x08001972   0x08001972   0x00000038   Code   RO         3587    i.DMA_SetConfig     stm32f4xx_hal_dma.o
    0x080019aa   0x080019aa   0x00000002   Code   RO          631    i.DebugMon_Handler  stm32f4xx_it.o
    0x080019ac   0x080019ac   0x0000000a   Code   RO          632    i.EXTI0_IRQHandler  stm32f4xx_it.o
    0x080019b6   0x080019b6   0x0000000a   Code   RO          633    i.EXTI3_IRQHandler  stm32f4xx_it.o
    0x080019c0   0x080019c0   0x0000000a   Code   RO          634    i.EXTI4_IRQHandler  stm32f4xx_it.o
    0x080019ca   0x080019ca   0x0000000a   Code   RO          635    i.EXTI9_5_IRQHandler  stm32f4xx_it.o
    0x080019d4   0x080019d4   0x00000002   Code   RO           13    i.Error_Handler     main.o
    0x080019d6   0x080019d6   0x00000002   PAD
    0x080019d8   0x080019d8   0x00000050   Code   RO         3355    i.FLASH_Erase_Sector  stm32f4xx_hal_flash_ex.o
    0x08001a28   0x08001a28   0x00000058   Code   RO         3356    i.FLASH_FlushCaches  stm32f4xx_hal_flash_ex.o
    0x08001a80   0x08001a80   0x00000028   Code   RO         3357    i.FLASH_MassErase   stm32f4xx_hal_flash_ex.o
    0x08001aa8   0x08001aa8   0x00000020   Code   RO         3237    i.FLASH_Program_Byte  stm32f4xx_hal_flash.o
    0x08001ac8   0x08001ac8   0x00000034   Code   RO         3238    i.FLASH_Program_DoubleWord  stm32f4xx_hal_flash.o
    0x08001afc   0x08001afc   0x00000024   Code   RO         3239    i.FLASH_Program_HalfWord  stm32f4xx_hal_flash.o
    0x08001b20   0x08001b20   0x00000024   Code   RO         3240    i.FLASH_Program_Word  stm32f4xx_hal_flash.o
    0x08001b44   0x08001b44   0x00000074   Code   RO         3241    i.FLASH_SetErrorCode  stm32f4xx_hal_flash.o
    0x08001bb8   0x08001bb8   0x00000060   Code   RO         3242    i.FLASH_WaitForLastOperation  stm32f4xx_hal_flash.o
    0x08001c18   0x08001c18   0x00000024   Code   RO         2848    i.HAL_CAN_ActivateNotification  stm32f4xx_hal_can.o
    0x08001c3c   0x08001c3c   0x00000104   Code   RO         2849    i.HAL_CAN_AddTxMessage  stm32f4xx_hal_can.o
    0x08001d40   0x08001d40   0x00000128   Code   RO         2850    i.HAL_CAN_ConfigFilter  stm32f4xx_hal_can.o
    0x08001e68   0x08001e68   0x00000002   Code   RO         2853    i.HAL_CAN_ErrorCallback  stm32f4xx_hal_can.o
    0x08001e6a   0x08001e6a   0x0000016c   Code   RO         2856    i.HAL_CAN_GetRxMessage  stm32f4xx_hal_can.o
    0x08001fd6   0x08001fd6   0x00000234   Code   RO         2860    i.HAL_CAN_IRQHandler  stm32f4xx_hal_can.o
    0x0800220a   0x0800220a   0x00000168   Code   RO         2861    i.HAL_CAN_Init      stm32f4xx_hal_can.o
    0x08002372   0x08002372   0x00000002   PAD
    0x08002374   0x08002374   0x00000160   Code   RO          348    i.HAL_CAN_MspInit   can.o
    0x080024d4   0x080024d4   0x00000002   Code   RO         2868    i.HAL_CAN_RxFifo0FullCallback  stm32f4xx_hal_can.o
    0x080024d6   0x080024d6   0x00000002   PAD
    0x080024d8   0x080024d8   0x000000dc   Code   RO         1207    i.HAL_CAN_RxFifo0MsgPendingCallback  can_receive.o
    0x080025b4   0x080025b4   0x00000002   Code   RO         2870    i.HAL_CAN_RxFifo1FullCallback  stm32f4xx_hal_can.o
    0x080025b6   0x080025b6   0x00000002   Code   RO         2871    i.HAL_CAN_RxFifo1MsgPendingCallback  stm32f4xx_hal_can.o
    0x080025b8   0x080025b8   0x00000002   Code   RO         2872    i.HAL_CAN_SleepCallback  stm32f4xx_hal_can.o
    0x080025ba   0x080025ba   0x00000064   Code   RO         2873    i.HAL_CAN_Start     stm32f4xx_hal_can.o
    0x0800261e   0x0800261e   0x00000002   Code   RO         2875    i.HAL_CAN_TxMailbox0AbortCallback  stm32f4xx_hal_can.o
    0x08002620   0x08002620   0x00000002   Code   RO         2876    i.HAL_CAN_TxMailbox0CompleteCallback  stm32f4xx_hal_can.o
    0x08002622   0x08002622   0x00000002   Code   RO         2877    i.HAL_CAN_TxMailbox1AbortCallback  stm32f4xx_hal_can.o
    0x08002624   0x08002624   0x00000002   Code   RO         2878    i.HAL_CAN_TxMailbox1CompleteCallback  stm32f4xx_hal_can.o
    0x08002626   0x08002626   0x00000002   Code   RO         2879    i.HAL_CAN_TxMailbox2AbortCallback  stm32f4xx_hal_can.o
    0x08002628   0x08002628   0x00000002   Code   RO         2880    i.HAL_CAN_TxMailbox2CompleteCallback  stm32f4xx_hal_can.o
    0x0800262a   0x0800262a   0x00000002   Code   RO         2882    i.HAL_CAN_WakeUpFromRxMsgCallback  stm32f4xx_hal_can.o
    0x0800262c   0x0800262c   0x000001ec   Code   RO         3593    i.HAL_DMA_IRQHandler  stm32f4xx_hal_dma.o
    0x08002818   0x08002818   0x000000ec   Code   RO         3594    i.HAL_DMA_Init      stm32f4xx_hal_dma.o
    0x08002904   0x08002904   0x00000070   Code   RO         3598    i.HAL_DMA_Start_IT  stm32f4xx_hal_dma.o
    0x08002974   0x08002974   0x00000028   Code   RO         4002    i.HAL_Delay         stm32f4xx_hal.o
    0x0800299c   0x0800299c   0x000000ac   Code   RO         3367    i.HAL_FLASHEx_Erase  stm32f4xx_hal_flash_ex.o
    0x08002a48   0x08002a48   0x00000014   Code   RO         3246    i.HAL_FLASH_Lock    stm32f4xx_hal_flash.o
    0x08002a5c   0x08002a5c   0x00000080   Code   RO         3251    i.HAL_FLASH_Program  stm32f4xx_hal_flash.o
    0x08002adc   0x08002adc   0x00000034   Code   RO         3253    i.HAL_FLASH_Unlock  stm32f4xx_hal_flash.o
    0x08002b10   0x08002b10   0x000000b8   Code   RO         1727    i.HAL_GPIO_EXTI_Callback  ins_task.o
    0x08002bc8   0x08002bc8   0x00000018   Code   RO         3480    i.HAL_GPIO_EXTI_IRQHandler  stm32f4xx_hal_gpio.o
    0x08002be0   0x08002be0   0x0000022c   Code   RO         3481    i.HAL_GPIO_Init     stm32f4xx_hal_gpio.o
    0x08002e0c   0x08002e0c   0x0000000e   Code   RO         3485    i.HAL_GPIO_WritePin  stm32f4xx_hal_gpio.o
    0x08002e1a   0x08002e1a   0x00000002   PAD
    0x08002e1c   0x08002e1c   0x0000000c   Code   RO         4008    i.HAL_GetTick       stm32f4xx_hal.o
    0x08002e28   0x08002e28   0x000001ac   Code   RO         4264    i.HAL_I2C_Init      stm32f4xx_hal_i2c.o
    0x08002fd4   0x08002fd4   0x000002c0   Code   RO         4282    i.HAL_I2C_Mem_Read  stm32f4xx_hal_i2c.o
    0x08003294   0x08003294   0x00000174   Code   RO         4285    i.HAL_I2C_Mem_Write  stm32f4xx_hal_i2c.o
    0x08003408   0x08003408   0x000000c8   Code   RO          421    i.HAL_I2C_MspInit   i2c.o
    0x080034d0   0x080034d0   0x00000010   Code   RO         4014    i.HAL_IncTick       stm32f4xx_hal.o
    0x080034e0   0x080034e0   0x00000034   Code   RO         4015    i.HAL_Init          stm32f4xx_hal.o
    0x08003514   0x08003514   0x00000044   Code   RO         4016    i.HAL_InitTick      stm32f4xx_hal.o
    0x08003558   0x08003558   0x00000054   Code   RO          748    i.HAL_MspInit       stm32f4xx_hal_msp.o
    0x080035ac   0x080035ac   0x0000001c   Code   RO         3870    i.HAL_NVIC_EnableIRQ  stm32f4xx_hal_cortex.o
    0x080035c8   0x080035c8   0x00000068   Code   RO         3876    i.HAL_NVIC_SetPriority  stm32f4xx_hal_cortex.o
    0x08003630   0x08003630   0x00000024   Code   RO         3877    i.HAL_NVIC_SetPriorityGrouping  stm32f4xx_hal_cortex.o
    0x08003654   0x08003654   0x0000017c   Code   RO         3082    i.HAL_RCC_ClockConfig  stm32f4xx_hal_rcc.o
    0x080037d0   0x080037d0   0x0000000c   Code   RO         3087    i.HAL_RCC_GetHCLKFreq  stm32f4xx_hal_rcc.o
    0x080037dc   0x080037dc   0x00000020   Code   RO         3089    i.HAL_RCC_GetPCLK1Freq  stm32f4xx_hal_rcc.o
    0x080037fc   0x080037fc   0x00000020   Code   RO         3090    i.HAL_RCC_GetPCLK2Freq  stm32f4xx_hal_rcc.o
    0x0800381c   0x0800381c   0x00000070   Code   RO         3091    i.HAL_RCC_GetSysClockFreq  stm32f4xx_hal_rcc.o
    0x0800388c   0x0800388c   0x00000482   Code   RO         3094    i.HAL_RCC_OscConfig  stm32f4xx_hal_rcc.o
    0x08003d0e   0x08003d0e   0x000000be   Code   RO         4754    i.HAL_SPI_Init      stm32f4xx_hal_spi.o
    0x08003dcc   0x08003dcc   0x00000158   Code   RO          463    i.HAL_SPI_MspInit   spi.o
    0x08003f24   0x08003f24   0x000001f8   Code   RO         4763    i.HAL_SPI_TransmitReceive  stm32f4xx_hal_spi.o
    0x0800411c   0x0800411c   0x00000028   Code   RO         3881    i.HAL_SYSTICK_Config  stm32f4xx_hal_cortex.o
    0x08004144   0x08004144   0x0000009a   Code   RO         5801    i.HAL_TIMEx_MasterConfigSynchronization  stm32f4xx_hal_tim_ex.o
    0x080041de   0x080041de   0x0000005c   Code   RO         5067    i.HAL_TIM_Base_Init  stm32f4xx_hal_tim.o
    0x0800423a   0x0800423a   0x00000002   PAD
    0x0800423c   0x0800423c   0x00000064   Code   RO          505    i.HAL_TIM_Base_MspInit  tim.o
    0x080042a0   0x080042a0   0x00000080   Code   RO         5070    i.HAL_TIM_Base_Start  stm32f4xx_hal_tim.o
    0x08004320   0x08004320   0x000000ea   Code   RO         5076    i.HAL_TIM_ConfigClockSource  stm32f4xx_hal_tim.o
    0x0800440a   0x0800440a   0x00000002   PAD
    0x0800440c   0x0800440c   0x00000100   Code   RO          506    i.HAL_TIM_MspPostInit  tim.o
    0x0800450c   0x0800450c   0x000000d8   Code   RO         5139    i.HAL_TIM_PWM_ConfigChannel  stm32f4xx_hal_tim.o
    0x080045e4   0x080045e4   0x0000005c   Code   RO         5142    i.HAL_TIM_PWM_Init  stm32f4xx_hal_tim.o
    0x08004640   0x08004640   0x00000034   Code   RO          508    i.HAL_TIM_PWM_MspInit  tim.o
    0x08004674   0x08004674   0x000000dc   Code   RO         5147    i.HAL_TIM_PWM_Start  stm32f4xx_hal_tim.o
    0x08004750   0x08004750   0x00000002   Code   RO         6060    i.HAL_UARTEx_RxEventCallback  stm32f4xx_hal_uart.o
    0x08004752   0x08004752   0x00000002   Code   RO         6074    i.HAL_UART_ErrorCallback  stm32f4xx_hal_uart.o
    0x08004754   0x08004754   0x00000064   Code   RO         6078    i.HAL_UART_Init     stm32f4xx_hal_uart.o
    0x080047b8   0x080047b8   0x0000023c   Code   RO          577    i.HAL_UART_MspInit  usart.o
    0x080049f4   0x080049f4   0x0000002e   Code   RO         6082    i.HAL_UART_Receive_DMA  stm32f4xx_hal_uart.o
    0x08004a22   0x08004a22   0x00000002   Code   RO         6084    i.HAL_UART_RxCpltCallback  stm32f4xx_hal_uart.o
    0x08004a24   0x08004a24   0x00000002   Code   RO         6085    i.HAL_UART_RxHalfCpltCallback  stm32f4xx_hal_uart.o
    0x08004a26   0x08004a26   0x000000ca   Code   RO         6086    i.HAL_UART_Transmit  stm32f4xx_hal_uart.o
    0x08004af0   0x08004af0   0x00000004   Code   RO          636    i.HardFault_Handler  stm32f4xx_it.o
    0x08004af4   0x08004af4   0x00000032   Code   RO         4307    i.I2C_IsAcknowledgeFailed  stm32f4xx_hal_i2c.o
    0x08004b26   0x08004b26   0x00000002   PAD
    0x08004b28   0x08004b28   0x00000154   Code   RO         4318    i.I2C_RequestMemoryRead  stm32f4xx_hal_i2c.o
    0x08004c7c   0x08004c7c   0x000000d0   Code   RO         4319    i.I2C_RequestMemoryWrite  stm32f4xx_hal_i2c.o
    0x08004d4c   0x08004d4c   0x0000005c   Code   RO         4327    i.I2C_WaitOnBTFFlagUntilTimeout  stm32f4xx_hal_i2c.o
    0x08004da8   0x08004da8   0x000000b4   Code   RO         4328    i.I2C_WaitOnFlagUntilTimeout  stm32f4xx_hal_i2c.o
    0x08004e5c   0x08004e5c   0x000000ce   Code   RO         4329    i.I2C_WaitOnMasterAddressFlagUntilTimeout  stm32f4xx_hal_i2c.o
    0x08004f2a   0x08004f2a   0x0000007c   Code   RO         4330    i.I2C_WaitOnRXNEFlagUntilTimeout  stm32f4xx_hal_i2c.o
    0x08004fa6   0x08004fa6   0x0000005c   Code   RO         4333    i.I2C_WaitOnTXEFlagUntilTimeout  stm32f4xx_hal_i2c.o
    0x08005002   0x08005002   0x00000002   PAD
    0x08005004   0x08005004   0x0000007c   Code   RO         1728    i.INS_cali_gyro     ins_task.o
    0x08005080   0x08005080   0x00000048   Code   RO         1729    i.INS_set_cali_gyro  ins_task.o
    0x080050c8   0x080050c8   0x00000334   Code   RO         1730    i.INS_task          ins_task.o
    0x080053fc   0x080053fc   0x00000044   Code   RO          349    i.MX_CAN1_Init      can.o
    0x08005440   0x08005440   0x00000044   Code   RO          350    i.MX_CAN2_Init      can.o
    0x08005484   0x08005484   0x00000098   Code   RO          396    i.MX_DMA_Init       dma.o
    0x0800551c   0x0800551c   0x000000d0   Code   RO          276    i.MX_FREERTOS_Init  freertos.o
    0x080055ec   0x080055ec   0x000001d8   Code   RO          252    i.MX_GPIO_Init      gpio.o
    0x080057c4   0x080057c4   0x0000003c   Code   RO          422    i.MX_I2C3_Init      i2c.o
    0x08005800   0x08005800   0x00000048   Code   RO          464    i.MX_SPI1_Init      spi.o
    0x08005848   0x08005848   0x0000006c   Code   RO          509    i.MX_TIM10_Init     tim.o
    0x080058b4   0x080058b4   0x000000a4   Code   RO          510    i.MX_TIM4_Init      tim.o
    0x08005958   0x08005958   0x0000009c   Code   RO          511    i.MX_TIM5_Init      tim.o
    0x080059f4   0x080059f4   0x00000038   Code   RO          578    i.MX_USART1_UART_Init  usart.o
    0x08005a2c   0x08005a2c   0x00000038   Code   RO          579    i.MX_USART3_UART_Init  usart.o
    0x08005a64   0x08005a64   0x00000004   Code   RO          637    i.MemManage_Handler  stm32f4xx_it.o
    0x08005a68   0x08005a68   0x00000002   Code   RO          638    i.NMI_Handler       stm32f4xx_it.o
    0x08005a6a   0x08005a6a   0x00000002   PAD
    0x08005a6c   0x08005a6c   0x000001f0   Code   RO         2222    i.PID_calc          pid.o
    0x08005c5c   0x08005c5c   0x0000004c   Code   RO         2223    i.PID_clear         pid.o
    0x08005ca8   0x08005ca8   0x00000060   Code   RO         2224    i.PID_init          pid.o
    0x08005d08   0x08005d08   0x00000368   Code   RO         2007    i.RC_cmd_to_calibrate  calibrate_task.o
    0x08006070   0x08006070   0x00000130   Code   RO          913    i.RC_init           bsp_rc.o
    0x080061a0   0x080061a0   0x00000050   Code   RO          914    i.RC_restart        bsp_rc.o
    0x080061f0   0x080061f0   0x00000018   Code   RO          915    i.RC_unable         bsp_rc.o
    0x08006208   0x08006208   0x0000273c   Code   RO         1111    i.SPI1_DMA_enable   bsp_spi.o
    0x08008944   0x08008944   0x00000180   Code   RO         1112    i.SPI1_DMA_init     bsp_spi.o
    0x08008ac4   0x08008ac4   0x00000064   Code   RO         4792    i.SPI_EndRxTxTransaction  stm32f4xx_hal_spi.o
    0x08008b28   0x08008b28   0x000000d8   Code   RO         4797    i.SPI_WaitFlagStateUntilTimeout  stm32f4xx_hal_spi.o
    0x08008c00   0x08008c00   0x0000000a   Code   RO          277    i.StartDefaultTask  freertos.o
    0x08008c0a   0x08008c0a   0x00000014   Code   RO          639    i.SysTick_Handler   stm32f4xx_it.o
    0x08008c1e   0x08008c1e   0x00000002   PAD
    0x08008c20   0x08008c20   0x000000b4   Code   RO           14    i.SystemClock_Config  main.o
    0x08008cd4   0x08008cd4   0x00000064   Code   RO          773    i.SystemInit        system_stm32f4xx.o
    0x08008d38   0x08008d38   0x000000cc   Code   RO         5160    i.TIM_Base_SetConfig  stm32f4xx_hal_tim.o
    0x08008e04   0x08008e04   0x0000001e   Code   RO         5161    i.TIM_CCxChannelCmd  stm32f4xx_hal_tim.o
    0x08008e22   0x08008e22   0x00000016   Code   RO         5171    i.TIM_ETR_SetConfig  stm32f4xx_hal_tim.o
    0x08008e38   0x08008e38   0x00000010   Code   RO         5172    i.TIM_ITRx_SetConfig  stm32f4xx_hal_tim.o
    0x08008e48   0x08008e48   0x00000070   Code   RO         5173    i.TIM_OC1_SetConfig  stm32f4xx_hal_tim.o
    0x08008eb8   0x08008eb8   0x00000078   Code   RO         5174    i.TIM_OC2_SetConfig  stm32f4xx_hal_tim.o
    0x08008f30   0x08008f30   0x00000078   Code   RO         5175    i.TIM_OC3_SetConfig  stm32f4xx_hal_tim.o
    0x08008fa8   0x08008fa8   0x00000058   Code   RO         5176    i.TIM_OC4_SetConfig  stm32f4xx_hal_tim.o
    0x08009000   0x08009000   0x00000026   Code   RO         5178    i.TIM_TI1_ConfigInputStage  stm32f4xx_hal_tim.o
    0x08009026   0x08009026   0x00000024   Code   RO         5180    i.TIM_TI2_ConfigInputStage  stm32f4xx_hal_tim.o
    0x0800904a   0x0800904a   0x0000004a   Code   RO         6092    i.UART_DMAError     stm32f4xx_hal_uart.o
    0x08009094   0x08009094   0x00000084   Code   RO         6093    i.UART_DMAReceiveCplt  stm32f4xx_hal_uart.o
    0x08009118   0x08009118   0x0000001a   Code   RO         6095    i.UART_DMARxHalfCplt  stm32f4xx_hal_uart.o
    0x08009132   0x08009132   0x0000004e   Code   RO         6101    i.UART_EndRxTransfer  stm32f4xx_hal_uart.o
    0x08009180   0x08009180   0x0000001c   Code   RO         6103    i.UART_EndTxTransfer  stm32f4xx_hal_uart.o
    0x0800919c   0x0800919c   0x000000fc   Code   RO         6105    i.UART_SetConfig    stm32f4xx_hal_uart.o
    0x08009298   0x08009298   0x00000098   Code   RO         6106    i.UART_Start_Receive_DMA  stm32f4xx_hal_uart.o
    0x08009330   0x08009330   0x0000008c   Code   RO         6109    i.UART_WaitOnFlagUntilTimeout  stm32f4xx_hal_uart.o
    0x080093bc   0x080093bc   0x00000030   Code   RO         2149    i.UART_receive      message_usart.o
    0x080093ec   0x080093ec   0x00000124   Code   RO         1359    i.USART1_IRQHandler  remote_control.o
    0x08009510   0x08009510   0x00000130   Code   RO         1360    i.USART3_IRQHandler  remote_control.o
    0x08009640   0x08009640   0x00000004   Code   RO          640    i.UsageFault_Handler  stm32f4xx_it.o
    0x08009644   0x08009644   0x00000020   Code   RO         8163    i.__0printf$3       mc_w.l(printf3.o)
    0x08009664   0x08009664   0x00000026   Code   RO         8343    i.__ARM_fpclassifyf  m_wm.l(fpclassifyf.o)
    0x0800968a   0x0800968a   0x00000002   PAD
    0x0800968c   0x0800968c   0x0000012c   Code   RO         8005    i.__hardfp_asinf    m_wm.l(asinf.o)
    0x080097b8   0x080097b8   0x000002ac   Code   RO         8017    i.__hardfp_atan2f   m_wm.l(atan2f.o)
    0x08009a64   0x08009a64   0x00000014   Code   RO         8029    i.__hardfp_fabs     m_wm.l(fabs.o)
    0x08009a78   0x08009a78   0x0000003a   Code   RO         8047    i.__hardfp_sqrtf    m_wm.l(sqrtf_full.o)
    0x08009ab2   0x08009ab2   0x00000006   Code   RO         8346    i.__mathlib_flt_infnan  m_wm.l(funder.o)
    0x08009ab8   0x08009ab8   0x00000006   Code   RO         8347    i.__mathlib_flt_infnan2  m_wm.l(funder.o)
    0x08009abe   0x08009abe   0x00000002   PAD
    0x08009ac0   0x08009ac0   0x00000010   Code   RO         8348    i.__mathlib_flt_invalid  m_wm.l(funder.o)
    0x08009ad0   0x08009ad0   0x00000010   Code   RO         8351    i.__mathlib_flt_underflow  m_wm.l(funder.o)
    0x08009ae0   0x08009ae0   0x0000000e   Code   RO         8411    i.__scatterload_copy  mc_w.l(handlers.o)
    0x08009aee   0x08009aee   0x00000002   Code   RO         8412    i.__scatterload_null  mc_w.l(handlers.o)
    0x08009af0   0x08009af0   0x0000000e   Code   RO         8413    i.__scatterload_zeroinit  mc_w.l(handlers.o)
    0x08009afe   0x08009afe   0x00000002   PAD
    0x08009b00   0x08009b00   0x0000000c   Code   RO         8387    i.__set_errno       mc_w.l(errno.o)
    0x08009b0c   0x08009b0c   0x000001b8   Code   RO         8170    i._printf_core      mc_w.l(printf3.o)
    0x08009cc4   0x08009cc4   0x00000030   Code   RO         2261    i.abs_limit         user_lib.o
    0x08009cf4   0x08009cf4   0x000001d0   Code   RO         7827    i.accel_comple_filter  AHRS.lib(ahrs.o)
    0x08009ec4   0x08009ec4   0x0000018c   Code   RO         7828    i.accel_update_kp_ki  AHRS.lib(ahrs.o)
    0x0800a050   0x0800a050   0x0000016c   Code   RO         7829    i.angle_to_quat     AHRS.lib(ahrs.o)
    0x0800a1bc   0x0800a1bc   0x00000134   Code   RO         2534    i.bmi088_accel_init  bmi088driver.o
    0x0800a2f0   0x0800a2f0   0x000002fc   Code   RO         2535    i.bmi088_accel_self_test  bmi088driver.o
    0x0800a5ec   0x0800a5ec   0x000000f4   Code   RO         2536    i.bmi088_gyro_init  bmi088driver.o
    0x0800a6e0   0x0800a6e0   0x000000d0   Code   RO         2537    i.bmi088_gyro_self_test  bmi088driver.o
    0x0800a7b0   0x0800a7b0   0x00000010   Code   RO         1145    i.buzzer_off        bsp_buzzer.o
    0x0800a7c0   0x0800a7c0   0x00000014   Code   RO         1146    i.buzzer_on         bsp_buzzer.o
    0x0800a7d4   0x0800a7d4   0x000000ec   Code   RO         2008    i.cali_data_read    calibrate_task.o
    0x0800a8c0   0x0800a8c0   0x0000008c   Code   RO         2009    i.cali_data_write   calibrate_task.o
    0x0800a94c   0x0800a94c   0x00000006   Code   RO         2010    i.cali_gimbal_hook  calibrate_task.o
    0x0800a952   0x0800a952   0x00000002   PAD
    0x0800a954   0x0800a954   0x00000064   Code   RO         2011    i.cali_gyro_hook    calibrate_task.o
    0x0800a9b8   0x0800a9b8   0x00000036   Code   RO         2012    i.cali_head_hook    calibrate_task.o
    0x0800a9ee   0x0800a9ee   0x00000002   PAD
    0x0800a9f0   0x0800a9f0   0x000000b8   Code   RO         2013    i.cali_param_init   calibrate_task.o
    0x0800aaa8   0x0800aaa8   0x00000148   Code   RO         2014    i.calibrate_task    calibrate_task.o
    0x0800abf0   0x0800abf0   0x0000005c   Code   RO          809    i.can_filter_init   bsp_can.o
    0x0800ac4c   0x0800ac4c   0x000000a0   Code   RO         1947    i.chassis_behaviour_control_set  chassis_behaviour.o
    0x0800acec   0x0800acec   0x0000008c   Code   RO         1948    i.chassis_behaviour_mode_set  chassis_behaviour.o
    0x0800ad78   0x0800ad78   0x000001c4   Code   RO         1867    i.chassis_control_loop  chassis_task.o
    0x0800af3c   0x0800af3c   0x00000060   Code   RO         1949    i.chassis_engineer_follow_chassis_yaw_control  chassis_behaviour.o
    0x0800af9c   0x0800af9c   0x00000164   Code   RO         1868    i.chassis_feedback_update  chassis_task.o
    0x0800b100   0x0800b100   0x0000011c   Code   RO         1950    i.chassis_infantry_follow_gimbal_yaw_control  chassis_behaviour.o
    0x0800b21c   0x0800b21c   0x000000d8   Code   RO         1869    i.chassis_init      chassis_task.o
    0x0800b2f4   0x0800b2f4   0x00000058   Code   RO         1870    i.chassis_mode_change_control_transit  chassis_task.o
    0x0800b34c   0x0800b34c   0x00000044   Code   RO         1951    i.chassis_no_follow_yaw_control  chassis_behaviour.o
    0x0800b390   0x0800b390   0x0000002c   Code   RO         1952    i.chassis_no_move_control  chassis_behaviour.o
    0x0800b3bc   0x0800b3bc   0x0000005c   Code   RO         1953    i.chassis_open_set_control  chassis_behaviour.o
    0x0800b418   0x0800b418   0x0000015c   Code   RO         1871    i.chassis_rc_to_control_vector  chassis_task.o
    0x0800b574   0x0800b574   0x00000238   Code   RO         1872    i.chassis_set_contorl  chassis_task.o
    0x0800b7ac   0x0800b7ac   0x00000012   Code   RO         1873    i.chassis_set_mode  chassis_task.o
    0x0800b7be   0x0800b7be   0x00000002   PAD
    0x0800b7c0   0x0800b7c0   0x000000b0   Code   RO         1874    i.chassis_task      chassis_task.o
    0x0800b870   0x0800b870   0x00000054   Code   RO         1875    i.chassis_vector_to_mecanum_wheel_speed  chassis_task.o
    0x0800b8c4   0x0800b8c4   0x0000002c   Code   RO         1954    i.chassis_zero_force_control  chassis_behaviour.o
    0x0800b8f0   0x0800b8f0   0x00000124   Code   RO         2096    i.detect_hook       detect_task.o
    0x0800ba14   0x0800ba14   0x0000016c   Code   RO         2097    i.detect_init       detect_task.o
    0x0800bb80   0x0800bb80   0x00000288   Code   RO         2098    i.detect_task       detect_task.o
    0x0800be08   0x0800be08   0x00000054   Code   RO         2262    i.first_order_filter_cali  user_lib.o
    0x0800be5c   0x0800be5c   0x00000024   Code   RO         2263    i.first_order_filter_init  user_lib.o
    0x0800be80   0x0800be80   0x0000002e   Code   RO         1023    i.flash_erase_address  bsp_flash.o
    0x0800beae   0x0800beae   0x00000014   Code   RO         1024    i.flash_read        bsp_flash.o
    0x0800bec2   0x0800bec2   0x00000002   PAD
    0x0800bec4   0x0800bec4   0x00000098   Code   RO         1026    i.flash_write_single_address  bsp_flash.o
    0x0800bf5c   0x0800bf5c   0x0000002a   Code   RO         2264    i.fp32_constrain    user_lib.o
    0x0800bf86   0x0800bf86   0x00000002   PAD
    0x0800bf88   0x0800bf88   0x00000024   Code   RO         2150    i.fputc             message_usart.o
    0x0800bfac   0x0800bfac   0x000000f4   Code   RO         1027    i.ger_sector        bsp_flash.o
    0x0800c0a0   0x0800c0a0   0x00000008   Code   RO         1731    i.get_INS_angle_point  ins_task.o
    0x0800c0a8   0x0800c0a8   0x000000e8   Code   RO         7830    i.get_angle         AHRS.lib(ahrs.o)
    0x0800c190   0x0800c190   0x00000018   Code   RO         1208    i.get_chassis_motor_measure_point  can_receive.o
    0x0800c1a8   0x0800c1a8   0x0000000c   Code   RO         2015    i.get_control_temperature  calibrate_task.o
    0x0800c1b4   0x0800c1b4   0x00000008   Code   RO         2099    i.get_error_list_point  detect_task.o
    0x0800c1bc   0x0800c1bc   0x00000008   Code   RO         1734    i.get_gyro_data_point  ins_task.o
    0x0800c1c4   0x0800c1c4   0x000000e8   Code   RO         1028    i.get_next_flash_address  bsp_flash.o
    0x0800c2ac   0x0800c2ac   0x00000008   Code   RO         1209    i.get_pitch_gimbal_motor_measure_point  can_receive.o
    0x0800c2b4   0x0800c2b4   0x00000008   Code   RO         1437    i.get_pitch_motor_point  gimbal_task.o
    0x0800c2bc   0x0800c2bc   0x00000008   Code   RO         1361    i.get_remote_control_point  remote_control.o
    0x0800c2c4   0x0800c2c4   0x00000008   Code   RO         1211    i.get_yaw_gimbal_motor_measure_point  can_receive.o
    0x0800c2cc   0x0800c2cc   0x00000008   Code   RO         1438    i.get_yaw_motor_point  gimbal_task.o
    0x0800c2d4   0x0800c2d4   0x000000bc   Code   RO         1439    i.gimbal_PID_calc   gimbal_task.o
    0x0800c390   0x0800c390   0x00000030   Code   RO         1440    i.gimbal_PID_clear  gimbal_task.o
    0x0800c3c0   0x0800c3c0   0x00000030   Code   RO         1441    i.gimbal_PID_init   gimbal_task.o
    0x0800c3f0   0x0800c3f0   0x000001fc   Code   RO         1614    i.gimbal_absolute_angle_control  gimbal_behaviour.o
    0x0800c5ec   0x0800c5ec   0x000000f4   Code   RO         1442    i.gimbal_absolute_angle_limit  gimbal_task.o
    0x0800c6e0   0x0800c6e0   0x0000008c   Code   RO         1615    i.gimbal_behaviour_control_set  gimbal_behaviour.o
    0x0800c76c   0x0800c76c   0x0000008c   Code   RO         1616    i.gimbal_behaviour_mode_set  gimbal_behaviour.o
    0x0800c7f8   0x0800c7f8   0x0000015c   Code   RO         1617    i.gimbal_behavour_set  gimbal_behaviour.o
    0x0800c954   0x0800c954   0x000001d0   Code   RO         1618    i.gimbal_cali_control  gimbal_behaviour.o
    0x0800cb24   0x0800cb24   0x00000070   Code   RO         1443    i.gimbal_control_loop  gimbal_task.o
    0x0800cb94   0x0800cb94   0x00000088   Code   RO         1444    i.gimbal_feedback_update  gimbal_task.o
    0x0800cc1c   0x0800cc1c   0x00000154   Code   RO         1445    i.gimbal_init       gimbal_task.o
    0x0800cd70   0x0800cd70   0x000000c4   Code   RO         1619    i.gimbal_init_control  gimbal_behaviour.o
    0x0800ce34   0x0800ce34   0x000000c0   Code   RO         1446    i.gimbal_mode_change_control_transit  gimbal_task.o
    0x0800cef4   0x0800cef4   0x00000020   Code   RO         1620    i.gimbal_motionless_control  gimbal_behaviour.o
    0x0800cf14   0x0800cf14   0x0000005c   Code   RO         1447    i.gimbal_motor_absolute_angle_control  gimbal_task.o
    0x0800cf70   0x0800cf70   0x00000022   Code   RO         1448    i.gimbal_motor_raw_angle_control  gimbal_task.o
    0x0800cf92   0x0800cf92   0x0000005e   Code   RO         1449    i.gimbal_motor_relative_angle_control  gimbal_task.o
    0x0800cff0   0x0800cff0   0x000000d4   Code   RO         1621    i.gimbal_relative_angle_control  gimbal_behaviour.o
    0x0800d0c4   0x0800d0c4   0x0000004a   Code   RO         1450    i.gimbal_relative_angle_limit  gimbal_task.o
    0x0800d10e   0x0800d10e   0x00000002   PAD
    0x0800d110   0x0800d110   0x000000a0   Code   RO         1451    i.gimbal_set_control  gimbal_task.o
    0x0800d1b0   0x0800d1b0   0x00000012   Code   RO         1452    i.gimbal_set_mode   gimbal_task.o
    0x0800d1c2   0x0800d1c2   0x00000002   PAD
    0x0800d1c4   0x0800d1c4   0x000000d0   Code   RO         1453    i.gimbal_task       gimbal_task.o
    0x0800d294   0x0800d294   0x00000020   Code   RO         1622    i.gimbal_zero_force_control  gimbal_behaviour.o
    0x0800d2b4   0x0800d2b4   0x00000054   Code   RO         1736    i.gyro_offset_calc  ins_task.o
    0x0800d308   0x0800d308   0x0000012c   Code   RO         1737    i.imu_cali_slove    ins_task.o
    0x0800d434   0x0800d434   0x000001a8   Code   RO         1738    i.imu_cmd_spi_dma   ins_task.o
    0x0800d5dc   0x0800d5dc   0x0000000c   Code   RO         1083    i.imu_pwm_set       bsp_imu_pwm.o
    0x0800d5e8   0x0800d5e8   0x000000b8   Code   RO         1739    i.imu_temp_control  ins_task.o
    0x0800d6a0   0x0800d6a0   0x00000002   Code   RO         2765    i.ist8310_GPIO_init  ist8310driver_middleware.o
    0x0800d6a2   0x0800d6a2   0x00000002   PAD
    0x0800d6a4   0x0800d6a4   0x0000002c   Code   RO         2767    i.ist8310_IIC_read_single_reg  ist8310driver_middleware.o
    0x0800d6d0   0x0800d6d0   0x00000028   Code   RO         2769    i.ist8310_IIC_write_single_reg  ist8310driver_middleware.o
    0x0800d6f8   0x0800d6f8   0x00000014   Code   RO         2770    i.ist8310_RST_H     ist8310driver_middleware.o
    0x0800d70c   0x0800d70c   0x00000014   Code   RO         2771    i.ist8310_RST_L     ist8310driver_middleware.o
    0x0800d720   0x0800d720   0x00000002   Code   RO         2772    i.ist8310_com_init  ist8310driver_middleware.o
    0x0800d722   0x0800d722   0x0000000c   Code   RO         2773    i.ist8310_delay_ms  ist8310driver_middleware.o
    0x0800d72e   0x0800d72e   0x0000004a   Code   RO         2774    i.ist8310_delay_us  ist8310driver_middleware.o
    0x0800d778   0x0800d778   0x0000008c   Code   RO         2730    i.ist8310_init      ist8310driver.o
    0x0800d804   0x0800d804   0x00000060   Code   RO         2269    i.loop_fp32_constrain  user_lib.o
    0x0800d864   0x0800d864   0x00000080   Code   RO           15    i.main              main.o
    0x0800d8e4   0x0800d8e4   0x0000000c   Code   RO         7236    i.makeFreeRtosPriority  cmsis_os.o
    0x0800d8f0   0x0800d8f0   0x00000034   Code   RO         1454    i.motor_ecd_to_angle_change  gimbal_task.o
    0x0800d924   0x0800d924   0x000001a4   Code   RO         2151    i.msg_send_task     message_usart.o
    0x0800dac8   0x0800dac8   0x00000010   Code   RO         7238    i.osDelay           cmsis_os.o
    0x0800dad8   0x0800dad8   0x0000000a   Code   RO         7241    i.osKernelStart     cmsis_os.o
    0x0800dae2   0x0800dae2   0x0000005c   Code   RO         7275    i.osThreadCreate    cmsis_os.o
    0x0800db3e   0x0800db3e   0x00000002   PAD
    0x0800db40   0x0800db40   0x00000024   Code   RO         6884    i.pcTaskGetName     tasks.o
    0x0800db64   0x0800db64   0x00000078   Code   RO         6885    i.prvAddCurrentTaskToDelayedList  tasks.o
    0x0800dbdc   0x0800dbdc   0x00000088   Code   RO         6886    i.prvAddNewTaskToReadyList  tasks.o
    0x0800dc64   0x0800dc64   0x00000040   Code   RO         6887    i.prvCheckTasksWaitingTermination  tasks.o
    0x0800dca4   0x0800dca4   0x00000040   Code   RO         6888    i.prvDeleteTCB      tasks.o
    0x0800dce4   0x0800dce4   0x00000050   Code   RO         7603    i.prvHeapInit       heap_4.o
    0x0800dd34   0x0800dd34   0x00000028   Code   RO         6889    i.prvIdleTask       tasks.o
    0x0800dd5c   0x0800dd5c   0x00000094   Code   RO         6890    i.prvInitialiseNewTask  tasks.o
    0x0800ddf0   0x0800ddf0   0x00000060   Code   RO         6891    i.prvInitialiseTaskLists  tasks.o
    0x0800de50   0x0800de50   0x0000005c   Code   RO         7604    i.prvInsertBlockIntoFreeList  heap_4.o
    0x0800deac   0x0800deac   0x00000024   Code   RO         6892    i.prvResetNextTaskUnblockTime  tasks.o
    0x0800ded0   0x0800ded0   0x0000006e   Code   RO         6893    i.prvSearchForNameWithinSingleList  tasks.o
    0x0800df3e   0x0800df3e   0x00000018   Code   RO         6894    i.prvTaskCheckFreeStackSpace  tasks.o
    0x0800df56   0x0800df56   0x00000002   PAD
    0x0800df58   0x0800df58   0x00000030   Code   RO         7671    i.prvTaskExitError  port.o
    0x0800df88   0x0800df88   0x000000e8   Code   RO         7605    i.pvPortMalloc      heap_4.o
    0x0800e070   0x0800e070   0x0000002c   Code   RO         7672    i.pxPortInitialiseStack  port.o
    0x0800e09c   0x0800e09c   0x00000084   Code   RO         7835    i.quat_normalization  AHRS.lib(ahrs.o)
    0x0800e120   0x0800e120   0x00000014   Code   RO         1362    i.remote_control_init  remote_control.o
    0x0800e134   0x0800e134   0x000000da   Code   RO         1363    i.sbus_to_rc        remote_control.o
    0x0800e20e   0x0800e20e   0x0000003e   Code   RO         8049    i.sqrtf             m_wm.l(sqrtf_full.o)
    0x0800e24c   0x0800e24c   0x00000018   Code   RO         2100    i.toe_is_error      detect_task.o
    0x0800e264   0x0800e264   0x00000068   Code   RO         6897    i.ulTaskNotifyTake  tasks.o
    0x0800e2cc   0x0800e2cc   0x0000007a   Code   RO         7836    i.update_w          AHRS.lib(ahrs.o)
    0x0800e346   0x0800e346   0x00000026   Code   RO         6517    i.uxListRemove      list.o
    0x0800e36c   0x0800e36c   0x00000014   Code   RO         6900    i.uxTaskGetStackHighWaterMark  tasks.o
    0x0800e380   0x0800e380   0x00000018   Code   RO          278    i.vApplicationGetIdleTaskMemory  freertos.o
    0x0800e398   0x0800e398   0x00000016   Code   RO         6518    i.vListInitialise   list.o
    0x0800e3ae   0x0800e3ae   0x00000006   Code   RO         6519    i.vListInitialiseItem  list.o
    0x0800e3b4   0x0800e3b4   0x00000036   Code   RO         6520    i.vListInsert       list.o
    0x0800e3ea   0x0800e3ea   0x00000018   Code   RO         6521    i.vListInsertEnd    list.o
    0x0800e402   0x0800e402   0x00000002   PAD
    0x0800e404   0x0800e404   0x00000040   Code   RO         7674    i.vPortEnterCritical  port.o
    0x0800e444   0x0800e444   0x0000002c   Code   RO         7675    i.vPortExitCritical  port.o
    0x0800e470   0x0800e470   0x00000064   Code   RO         7606    i.vPortFree         heap_4.o
    0x0800e4d4   0x0800e4d4   0x00000024   Code   RO         7676    i.vPortSetupTimerInterrupt  port.o
    0x0800e4f8   0x0800e4f8   0x00000054   Code   RO         7677    i.vPortValidateInterruptPriority  port.o
    0x0800e54c   0x0800e54c   0x00000050   Code   RO         6904    i.vTaskDelay        tasks.o
    0x0800e59c   0x0800e59c   0x000000bc   Code   RO         6909    i.vTaskNotifyGiveFromISR  tasks.o
    0x0800e658   0x0800e658   0x00000088   Code   RO         6917    i.vTaskStartScheduler  tasks.o
    0x0800e6e0   0x0800e6e0   0x00000010   Code   RO         6919    i.vTaskSuspendAll   tasks.o
    0x0800e6f0   0x0800e6f0   0x00000060   Code   RO         6920    i.vTaskSwitchContext  tasks.o
    0x0800e750   0x0800e750   0x00000104   Code   RO         7678    i.xPortStartScheduler  port.o
    0x0800e854   0x0800e854   0x0000002c   Code   RO         7679    i.xPortSysTickHandler  port.o
    0x0800e880   0x0800e880   0x0000006c   Code   RO         6923    i.xTaskCreate       tasks.o
    0x0800e8ec   0x0800e8ec   0x00000060   Code   RO         6924    i.xTaskCreateStatic  tasks.o
    0x0800e94c   0x0800e94c   0x0000008c   Code   RO         6928    i.xTaskGetHandle    tasks.o
    0x0800e9d8   0x0800e9d8   0x0000001c   Code   RO         6929    i.xTaskGetSchedulerState  tasks.o
    0x0800e9f4   0x0800e9f4   0x0000000c   Code   RO         6930    i.xTaskGetTickCount  tasks.o
    0x0800ea00   0x0800ea00   0x000000d4   Code   RO         6932    i.xTaskIncrementTick  tasks.o
    0x0800ead4   0x0800ead4   0x000000cc   Code   RO         6938    i.xTaskResumeAll    tasks.o
    0x0800eba0   0x0800eba0   0x000000c4   Data   RO          280    .constdata          freertos.o
    0x0800ec64   0x0800ec64   0x00000018   Data   RO          774    .constdata          system_stm32f4xx.o
    0x0800ec7c   0x0800ec7c   0x00000018   Data   RO         1457    .constdata          gimbal_task.o
    0x0800ec94   0x0800ec94   0x00000018   Data   RO         1741    .constdata          ins_task.o
    0x0800ecac   0x0800ecac   0x00000020   Data   RO         1877    .constdata          chassis_task.o
    0x0800eccc   0x0800eccc   0x0000000f   Data   RO         2018    .constdata          calibrate_task.o
    0x0800ecdb   0x0800ecdb   0x00000001   PAD
    0x0800ecdc   0x0800ecdc   0x00000054   Data   RO         2102    .constdata          detect_task.o
    0x0800ed30   0x0800ed30   0x00000012   Data   RO         2542    .constdata          bmi088driver.o
    0x0800ed42   0x0800ed42   0x0000000c   Data   RO         2733    .constdata          ist8310driver.o
    0x0800ed4e   0x0800ed4e   0x00000008   Data   RO         3600    .constdata          stm32f4xx_hal_dma.o
    0x0800ed56   0x0800ed56   0x00000002   PAD
    0x0800ed58   0x0800ed58   0x0000000c   Data   RO         7837    .constdata          AHRS.lib(ahrs.o)
    0x0800ed64   0x0800ed64   0x00000804   Data   RO         7970    .constdata          arm_cortexM4lf_math.lib(arm_common_tables.o)
    0x0800f568   0x0800f568   0x00000044   Data   RO          281    .conststring        freertos.o
    0x0800f5ac   0x0800f5ac   0x00000078   Data   RO         2153    .conststring        message_usart.o
    0x0800f624   0x0800f624   0x00000020   Data   RO         8409    Region$$Table       anon$$obj.o


    Execution Region RW_IRAM1 (Exec base: 0x20000000, Load base: 0x0800f644, Size: 0x00005408, Max: 0x00020000, ABSOLUTE, COMPRESSED[0x000000bc])

    Exec Addr    Load Addr    Size         Type   Attr      Idx    E Section Name        Object

    0x20000000   COMPRESSED   0x0000001c   Data   RW          282    .data               freertos.o
    0x2000001c   COMPRESSED   0x00000004   Data   RW          352    .data               can.o
    0x20000020   COMPRESSED   0x00000004   Data   RW          775    .data               system_stm32f4xx.o
    0x20000024   COMPRESSED   0x00000010   Data   RW         1029    .data               bsp_flash.o
    0x20000034   COMPRESSED   0x00000011   Data   RW         1213    .data               can_receive.o
    0x20000045   COMPRESSED   0x00000001   PAD
    0x20000046   COMPRESSED   0x00000004   Data   RW         1367    .data               remote_control.o
    0x2000004a   COMPRESSED   0x00000002   PAD
    0x2000004c   COMPRESSED   0x00000014   Data   RW         1458    .data               gimbal_task.o
    0x20000060   COMPRESSED   0x0000001c   Data   RW         1623    .data               gimbal_behaviour.o
    0x2000007c   COMPRESSED   0x000000a0   Data   RW         1742    .data               ins_task.o
    0x2000011c   COMPRESSED   0x00000004   Data   RW         1878    .data               chassis_task.o
    0x20000120   COMPRESSED   0x00000011   Data   RW         1955    .data               chassis_behaviour.o
    0x20000131   COMPRESSED   0x00000003   PAD
    0x20000134   COMPRESSED   0x00000054   Data   RW         2019    .data               calibrate_task.o
    0x20000188   COMPRESSED   0x00000009   Data   RW         2103    .data               detect_task.o
    0x20000191   COMPRESSED   0x00000003   PAD
    0x20000194   COMPRESSED   0x00000044   Data   RW         2154    .data               message_usart.o
    0x200001d8   COMPRESSED   0x0000002c   Data   RW         2543    .data               bmi088driver.o
    0x20000204   COMPRESSED   0x0000000c   Data   RW         4022    .data               stm32f4xx_hal.o
    0x20000210   COMPRESSED   0x0000003c   Data   RW         6941    .data               tasks.o
    0x2000024c   COMPRESSED   0x00000020   Data   RW         7612    .data               heap_4.o
    0x2000026c   COMPRESSED   0x0000000c   Data   RW         7680    .data               port.o
    0x20000278   COMPRESSED   0x00000010   Data   RW         7838    .data               AHRS.lib(ahrs.o)
    0x20000288   COMPRESSED   0x00000004   Data   RW         8378    .data               mc_w.l(stdout.o)
    0x2000028c   COMPRESSED   0x00000004   Data   RW         8388    .data               mc_w.l(errno.o)
    0x20000290        -       0x00000254   Zero   RW          279    .bss                freertos.o
    0x200004e4        -       0x00000050   Zero   RW          351    .bss                can.o
    0x20000534        -       0x00000054   Zero   RW          423    .bss                i2c.o
    0x20000588        -       0x00000118   Zero   RW          465    .bss                spi.o
    0x200006a0        -       0x000000d8   Zero   RW          512    .bss                tim.o
    0x20000778        -       0x000001a8   Zero   RW          580    .bss                usart.o
    0x20000920        -       0x00000080   Zero   RW         1212    .bss                can_receive.o
    0x200009a0        -       0x0000005e   Zero   RW         1366    .bss                remote_control.o
    0x200009fe   COMPRESSED   0x00000002   PAD
    0x20000a00        -       0x000001e8   Zero   RW         1456    .bss                gimbal_task.o
    0x20000be8        -       0x00000140   Zero   RW         1740    .bss                ins_task.o
    0x20000d28        -       0x0000022c   Zero   RW         1876    .bss                chassis_task.o
    0x20000f54        -       0x00000115   Zero   RW         2017    .bss                calibrate_task.o
    0x20001069        -       0x0000021c   Zero   RW         2101    .bss                detect_task.o
    0x20001285        -       0x00000072   Zero   RW         2152    .bss                message_usart.o
    0x200012f7   COMPRESSED   0x00000001   PAD
    0x200012f8        -       0x00000020   Zero   RW         3254    .bss                stm32f4xx_hal_flash.o
    0x20001318        -       0x000000f0   Zero   RW         6940    .bss                tasks.o
    0x20001408        -       0x00003c00   Zero   RW         7611    .bss                heap_4.o
    0x20005008        -       0x00000400   Zero   RW            1    STACK               startup_stm32f407xx.o


==============================================================================

Image component sizes


      Code (inc. data)   RO Data    RW Data    ZI Data      Debug   Object Name

       168          4          0          0          0       5128   ahrs_middleware.o
      2338         40         18         44          0      10383   bmi088driver.o
       216         28          0          0          0       4860   bmi088middleware.o
        36         12          0          0          0        961   bsp_buzzer.o
        92          8          0          0          0     598222   bsp_can.o
       694        108          0         16          0       3985   bsp_flash.o
        12          4          0          0          0        486   bsp_imu_pwm.o
       408         38          0          0          0       2053   bsp_rc.o
     10428        170          0          0          0       5630   bsp_spi.o
      1932        110         15         84        277       7322   calibrate_task.o
       488         44          0          4         80       2330   can.o
       488         68          0         17        128     606827   can_receive.o
       928         74          0         17          0       6506   chassis_behaviour.o
      2306        126         32          4        556      11244   chassis_task.o
       130          0          0          0          0      22883   cmsis_os.o
      1336         46         84          9        540       3777   detect_task.o
       152          6          0          0          0        790   dma.o
         0          0          0          0          0      16768   event_groups.o
       242         44        264         28        596       3082   freertos.o
      2072        170          0         28          0       7983   gimbal_behaviour.o
      2056        106         24         20        488      17707   gimbal_task.o
       472         22          0          0          0       1163   gpio.o
       504         32          0         32      15360       7495   heap_4.o
       260         30          0          0         84       1641   i2c.o
      4408        336         24        160        320      21617   ins_task.o
       140          4         12          0          0       1883   ist8310driver.o
       214         22          0          0          0       4626   ist8310driver_middleware.o
       144          0          0          0          0       3514   list.o
       310         18          0          0          0     757296   main.o
       504        126        120         68        114       4132   message_usart.o
       668         12          0          0          0       2834   pid.o
       814         92          0         12          0      11857   port.o
       842         64          0          4         94       5333   remote_control.o
       416         38          0          0        280       1851   spi.o
        36          8        392          0       1024        824   startup_stm32f407xx.o
       188         30          0         12          0       9321   stm32f4xx_hal.o
      2004          6          0          0          0      14759   stm32f4xx_hal_can.o
       208         16          0          0          0      33611   stm32f4xx_hal_cortex.o
      1074         18          8          0          0       5903   stm32f4xx_hal_dma.o
       568         74          0          0         32       5962   stm32f4xx_hal_flash.o
       380         24          0          0          0       3302   stm32f4xx_hal_flash_ex.o
       594         24          0          0          0       2939   stm32f4xx_hal_gpio.o
      2796         48          0          0          0      13502   stm32f4xx_hal_i2c.o
        84          6          0          0          0        810   stm32f4xx_hal_msp.o
      1722        104          0          0          0       6448   stm32f4xx_hal_rcc.o
      1010         14          0          0          0       4781   stm32f4xx_hal_spi.o
      1768         56          0          0          0      12837   stm32f4xx_hal_tim.o
       154          0          0          0          0       1384   stm32f4xx_hal_tim_ex.o
      1238         18          0          0          0      11374   stm32f4xx_hal_uart.o
       176         36          0          0          0       7949   stm32f4xx_it.o
       100         18         24          4          0       1119   system_stm32f4xx.o
      2314        200          0         60        240      27857   tasks.o
       836         78          0          0        216       4302   tim.o
       684         68          0          0        424       2616   usart.o
       306          4          0          0          0       4107   user_lib.o

    ----------------------------------------------------------------------
     54508       2852       1052        632      20856    2339876   Object Totals
         0          0         32          0          0          0   (incl. Generated)
        50          0          3          9          3          0   (incl. Padding)

    ----------------------------------------------------------------------

      Code (inc. data)   RO Data    RW Data    ZI Data      Debug   Library Member Name

      2718         84         12         16          0       9922   ahrs.o
         0          0       2052          0          0       4636   arm_common_tables.o
       120         12          0          0          0      16970   arm_cos_f32.o
       116         12          0          0          0        658   arm_sin_f32.o
       300         42          0          0          0        176   asinf.o
       684         90          0          0          0        208   atan2f.o
        20          0          0          0          0        124   fabs.o
        38          0          0          0          0        116   fpclassifyf.o
        44         12          0          0          0        464   funder.o
       120          0          0          0          0        272   sqrtf_full.o
        86          0          0          0          0          0   __dczerorl2.o
         0          0          0          0          0          0   entry.o
         0          0          0          0          0          0   entry10a.o
         0          0          0          0          0          0   entry11a.o
         4          0          0          0          0          0   entry12b.o
         8          4          0          0          0          0   entry2.o
         4          0          0          0          0          0   entry5.o
         0          0          0          0          0          0   entry7b.o
         0          0          0          0          0          0   entry8b.o
         8          4          0          0          0          0   entry9a.o
        12          6          0          4          0         68   errno.o
        30          0          0          0          0          0   handlers.o
        36          8          0          0          0         68   init.o
         0          0          0          0          0          0   iusefp.o
        30          0          0          0          0         68   llshl.o
        32          0          0          0          0         68   llushr.o
        36          0          0          0          0         68   memcpya.o
        36          0          0          0          0        108   memseta.o
       472         14          0          0          0        184   printf3.o
         0          0          0          4          0          0   stdout.o
        14          0          0          0          0         68   strlen.o
        44          0          0          0          0         80   uidiv.o
        98          0          0          0          0         92   uldiv.o
        48          0          0          0          0         68   cdcmple.o
        48          0          0          0          0         68   cdrcmple.o
        56          0          0          0          0         88   d2f.o
        38          0          0          0          0         68   f2d.o
       110          0          0          0          0        168   fepilogue.o

    ----------------------------------------------------------------------
      5420        288       2064         24          0      34878   Library Totals
        10          0          0          0          0          0   (incl. Padding)

    ----------------------------------------------------------------------

      Code (inc. data)   RO Data    RW Data    ZI Data      Debug   Library Name

      2718         84         12         16          0       9922   AHRS.lib
       236         24       2052          0          0      22264   arm_cortexM4lf_math.lib
      1206        144          0          0          0       1360   m_wm.l
       950         36          0          8          0        872   mc_w.l
       300          0          0          0          0        460   mf_w.l

    ----------------------------------------------------------------------
      5420        288       2064         24          0      34878   Library Totals

    ----------------------------------------------------------------------

==============================================================================


      Code (inc. data)   RO Data    RW Data    ZI Data      Debug   

     59928       3140       3116        656      20856    2340214   Grand Totals
     59928       3140       3116        188      20856    2340214   ELF Image Totals (compressed)
     59928       3140       3116        188          0          0   ROM Totals

==============================================================================

    Total RO  Size (Code + RO Data)                63044 (  61.57kB)
    Total RW  Size (RW Data + ZI Data)             21512 (  21.01kB)
    Total ROM Size (Code + RO Data + RW Data)      63232 (  61.75kB)

==============================================================================

