Component: ARM Compiler 5.06 update 7 (build 960) Tool: armlink [4d3601]

==============================================================================

Section Cross References

    startup_stm32f407xx.o(RESET) refers to startup_stm32f407xx.o(STACK) for __initial_sp
    startup_stm32f407xx.o(RESET) refers to startup_stm32f407xx.o(.text) for Reset_Handler
    startup_stm32f407xx.o(RESET) refers to stm32f4xx_it.o(i.NMI_Handler) for NMI_Handler
    startup_stm32f407xx.o(RESET) refers to stm32f4xx_it.o(i.HardFault_Handler) for HardFault_Handler
    startup_stm32f407xx.o(RESET) refers to stm32f4xx_it.o(i.MemManage_Handler) for MemManage_Handler
    startup_stm32f407xx.o(RESET) refers to stm32f4xx_it.o(i.BusFault_Handler) for BusFault_Handler
    startup_stm32f407xx.o(RESET) refers to stm32f4xx_it.o(i.UsageFault_Handler) for UsageFault_Handler
    startup_stm32f407xx.o(RESET) refers to port.o(.emb_text) for SVC_Handler
    startup_stm32f407xx.o(RESET) refers to stm32f4xx_it.o(i.DebugMon_Handler) for DebugMon_Handler
    startup_stm32f407xx.o(RESET) refers to stm32f4xx_it.o(i.SysTick_Handler) for SysTick_Handler
    startup_stm32f407xx.o(RESET) refers to stm32f4xx_it.o(i.EXTI0_IRQHandler) for EXTI0_IRQHandler
    startup_stm32f407xx.o(RESET) refers to stm32f4xx_it.o(i.EXTI3_IRQHandler) for EXTI3_IRQHandler
    startup_stm32f407xx.o(RESET) refers to stm32f4xx_it.o(i.EXTI4_IRQHandler) for EXTI4_IRQHandler
    startup_stm32f407xx.o(RESET) refers to stm32f4xx_it.o(i.DMA1_Stream1_IRQHandler) for DMA1_Stream1_IRQHandler
    startup_stm32f407xx.o(RESET) refers to stm32f4xx_it.o(i.CAN1_RX0_IRQHandler) for CAN1_RX0_IRQHandler
    startup_stm32f407xx.o(RESET) refers to stm32f4xx_it.o(i.EXTI9_5_IRQHandler) for EXTI9_5_IRQHandler
    startup_stm32f407xx.o(RESET) refers to bsp_usart.o(i.USART1_IRQHandler) for USART1_IRQHandler
    startup_stm32f407xx.o(RESET) refers to remote_control.o(i.USART3_IRQHandler) for USART3_IRQHandler
    startup_stm32f407xx.o(RESET) refers to ins_task.o(i.DMA2_Stream2_IRQHandler) for DMA2_Stream2_IRQHandler
    startup_stm32f407xx.o(RESET) refers to stm32f4xx_it.o(i.DMA2_Stream3_IRQHandler) for DMA2_Stream3_IRQHandler
    startup_stm32f407xx.o(RESET) refers to stm32f4xx_it.o(i.CAN2_RX0_IRQHandler) for CAN2_RX0_IRQHandler
    startup_stm32f407xx.o(RESET) refers to stm32f4xx_it.o(i.DMA2_Stream5_IRQHandler) for DMA2_Stream5_IRQHandler
    startup_stm32f407xx.o(RESET) refers to stm32f4xx_it.o(i.DMA2_Stream7_IRQHandler) for DMA2_Stream7_IRQHandler
    startup_stm32f407xx.o(.text) refers to system_stm32f4xx.o(i.SystemInit) for SystemInit
    startup_stm32f407xx.o(.text) refers to entry.o(.ARM.Collect$$$$00000000) for __main
    main.o(i.SystemClock_Config) refers to memseta.o(.text) for __aeabi_memclr4
    main.o(i.SystemClock_Config) refers to stm32f4xx_hal_rcc.o(i.HAL_RCC_OscConfig) for HAL_RCC_OscConfig
    main.o(i.SystemClock_Config) refers to main.o(i.Error_Handler) for Error_Handler
    main.o(i.SystemClock_Config) refers to stm32f4xx_hal_rcc.o(i.HAL_RCC_ClockConfig) for HAL_RCC_ClockConfig
    main.o(i.main) refers to stm32f4xx_hal.o(i.HAL_Init) for HAL_Init
    main.o(i.main) refers to main.o(i.SystemClock_Config) for SystemClock_Config
    main.o(i.main) refers to gpio.o(i.MX_GPIO_Init) for MX_GPIO_Init
    main.o(i.main) refers to can.o(i.MX_CAN1_Init) for MX_CAN1_Init
    main.o(i.main) refers to dma.o(i.MX_DMA_Init) for MX_DMA_Init
    main.o(i.main) refers to usart.o(i.MX_USART1_UART_Init) for MX_USART1_UART_Init
    main.o(i.main) refers to usart.o(i.MX_USART3_UART_Init) for MX_USART3_UART_Init
    main.o(i.main) refers to can.o(i.MX_CAN2_Init) for MX_CAN2_Init
    main.o(i.main) refers to i2c.o(i.MX_I2C3_Init) for MX_I2C3_Init
    main.o(i.main) refers to tim.o(i.MX_TIM5_Init) for MX_TIM5_Init
    main.o(i.main) refers to spi.o(i.MX_SPI1_Init) for MX_SPI1_Init
    main.o(i.main) refers to tim.o(i.MX_TIM10_Init) for MX_TIM10_Init
    main.o(i.main) refers to tim.o(i.MX_TIM4_Init) for MX_TIM4_Init
    main.o(i.main) refers to stm32f4xx_hal_tim.o(i.HAL_TIM_Base_Start) for HAL_TIM_Base_Start
    main.o(i.main) refers to remote_control.o(i.remote_control_init) for remote_control_init
    main.o(i.main) refers to bsp_can.o(i.can_filter_init) for can_filter_init
    main.o(i.main) refers to stm32f4xx_hal_tim.o(i.HAL_TIM_PWM_Start) for HAL_TIM_PWM_Start
    main.o(i.main) refers to stm32f4xx_hal_uart.o(i.HAL_UART_Receive_DMA) for HAL_UART_Receive_DMA
    main.o(i.main) refers to freertos.o(i.MX_FREERTOS_Init) for MX_FREERTOS_Init
    main.o(i.main) refers to cmsis_os.o(i.osKernelStart) for osKernelStart
    main.o(i.main) refers to tim.o(.bss) for htim5
    main.o(i.main) refers to usart.o(.bss) for huart1
    main.o(i.main) refers to bsp_usart.o(.bss) for rx_buffer
    gpio.o(i.MX_GPIO_Init) refers to memseta.o(.text) for __aeabi_memclr4
    gpio.o(i.MX_GPIO_Init) refers to stm32f4xx_hal_gpio.o(i.HAL_GPIO_WritePin) for HAL_GPIO_WritePin
[...]
    I2C3_EV_IRQHandler                       0x0800027b   Thumb Code     0  startup_stm32f407xx.o(.text)
    OTG_FS_IRQHandler                        0x0800027b   Thumb Code     0  startup_stm32f407xx.o(.text)
    OTG_FS_WKUP_IRQHandler                   0x0800027b   Thumb Code     0  startup_stm32f407xx.o(.text)
    OTG_HS_EP1_IN_IRQHandler                 0x0800027b   Thumb Code     0  startup_stm32f407xx.o(.text)
    OTG_HS_EP1_OUT_IRQHandler                0x0800027b   Thumb Code     0  startup_stm32f407xx.o(.text)
    OTG_HS_IRQHandler                        0x0800027b   Thumb Code     0  startup_stm32f407xx.o(.text)
    OTG_HS_WKUP_IRQHandler                   0x0800027b   Thumb Code     0  startup_stm32f407xx.o(.text)
    PVD_IRQHandler                           0x0800027b   Thumb Code     0  startup_stm32f407xx.o(.text)
    RCC_IRQHandler                           0x0800027b   Thumb Code     0  startup_stm32f407xx.o(.text)
    RTC_Alarm_IRQHandler                     0x0800027b   Thumb Code     0  startup_stm32f407xx.o(.text)
    RTC_WKUP_IRQHandler                      0x0800027b   Thumb Code     0  startup_stm32f407xx.o(.text)
    SDIO_IRQHandler                          0x0800027b   Thumb Code     0  startup_stm32f407xx.o(.text)
    SPI1_IRQHandler                          0x0800027b   Thumb Code     0  startup_stm32f407xx.o(.text)
    SPI2_IRQHandler                          0x0800027b   Thumb Code     0  startup_stm32f407xx.o(.text)
    SPI3_IRQHandler                          0x0800027b   Thumb Code     0  startup_stm32f407xx.o(.text)
    TAMP_STAMP_IRQHandler                    0x0800027b   Thumb Code     0  startup_stm32f407xx.o(.text)
    TIM1_BRK_TIM9_IRQHandler                 0x0800027b   Thumb Code     0  startup_stm32f407xx.o(.text)
    TIM1_CC_IRQHandler                       0x0800027b   Thumb Code     0  startup_stm32f407xx.o(.text)
    TIM1_TRG_COM_TIM11_IRQHandler            0x0800027b   Thumb Code     0  startup_stm32f407xx.o(.text)
    TIM1_UP_TIM10_IRQHandler                 0x0800027b   Thumb Code     0  startup_stm32f407xx.o(.text)
    TIM2_IRQHandler                          0x0800027b   Thumb Code     0  startup_stm32f407xx.o(.text)
    TIM3_IRQHandler                          0x0800027b   Thumb Code     0  startup_stm32f407xx.o(.text)
    TIM4_IRQHandler                          0x0800027b   Thumb Code     0  startup_stm32f407xx.o(.text)
    TIM5_IRQHandler                          0x0800027b   Thumb Code     0  startup_stm32f407xx.o(.text)
    TIM6_DAC_IRQHandler                      0x0800027b   Thumb Code     0  startup_stm32f407xx.o(.text)
    TIM7_IRQHandler                          0x0800027b   Thumb Code     0  startup_stm32f407xx.o(.text)
    TIM8_BRK_TIM12_IRQHandler                0x0800027b   Thumb Code     0  startup_stm32f407xx.o(.text)
    TIM8_CC_IRQHandler                       0x0800027b   Thumb Code     0  startup_stm32f407xx.o(.text)
    TIM8_TRG_COM_TIM14_IRQHandler            0x0800027b   Thumb Code     0  startup_stm32f407xx.o(.text)
    TIM8_UP_TIM13_IRQHandler                 0x0800027b   Thumb Code     0  startup_stm32f407xx.o(.text)
    UART4_IRQHandler                         0x0800027b   Thumb Code     0  startup_stm32f407xx.o(.text)
    UART5_IRQHandler                         0x0800027b   Thumb Code     0  startup_stm32f407xx.o(.text)
    USART2_IRQHandler                        0x0800027b   Thumb Code     0  startup_stm32f407xx.o(.text)
    USART6_IRQHandler                        0x0800027b   Thumb Code     0  startup_stm32f407xx.o(.text)
    WWDG_IRQHandler                          0x0800027b   Thumb Code     0  startup_stm32f407xx.o(.text)
    arm_cos_f32                              0x08000285   Thumb Code   108  arm_cos_f32.o(.text)
    arm_sin_f32                              0x080002fd   Thumb Code   104  arm_sin_f32.o(.text)
    __aeabi_uldivmod                         0x08000371   Thumb Code    98  uldiv.o(.text)
    __aeabi_memcpy                           0x080003d3   Thumb Code    36  memcpya.o(.text)
    __aeabi_memcpy4                          0x080003d3   Thumb Code     0  memcpya.o(.text)
    __aeabi_memcpy8                          0x080003d3   Thumb Code     0  memcpya.o(.text)
    __aeabi_memset                           0x080003f7   Thumb Code    14  memseta.o(.text)
    __aeabi_memset4                          0x080003f7   Thumb Code     0  memseta.o(.text)
    __aeabi_memset8                          0x080003f7   Thumb Code     0  memseta.o(.text)
    __aeabi_memclr                           0x08000405   Thumb Code     4  memseta.o(.text)
    __aeabi_memclr4                          0x08000405   Thumb Code     0  memseta.o(.text)
    __aeabi_memclr8                          0x08000405   Thumb Code     0  memseta.o(.text)
    memset                                   0x08000409   Thumb Code    18  memseta.o(.text)
    strlen                                   0x0800041b   Thumb Code    14  strlen.o(.text)
    __aeabi_f2d                              0x08000429   Thumb Code    38  f2d.o(.text)
    __aeabi_d2f                              0x0800044f   Thumb Code    56  d2f.o(.text)
    __aeabi_llsl                             0x08000487   Thumb Code    30  llshl.o(.text)
    _ll_shift_l                              0x08000487   Thumb Code     0  llshl.o(.text)
    __aeabi_llsr                             0x080004a5   Thumb Code    32  llushr.o(.text)
    _ll_ushift_r                             0x080004a5   Thumb Code     0  llushr.o(.text)
    __I$use$fp                               0x080004c5   Thumb Code     0  iusefp.o(.text)
    _float_round                             0x080004c5   Thumb Code    18  fepilogue.o(.text)
    _float_epilogue                          0x080004d7   Thumb Code    92  fepilogue.o(.text)
    __scatterload                            0x08000535   Thumb Code    28  init.o(.text)
    __scatterload_rt2                        0x08000535   Thumb Code     0  init.o(.text)
    __decompress                             0x08000559   Thumb Code     0  __dczerorl2.o(.text)
    __decompress1                            0x08000559   Thumb Code    86  __dczerorl2.o(.text)
    AHRS_asinf                               0x080005af   Thumb Code    24  ahrs_middleware.o(i.AHRS_asinf)
    AHRS_atan2f                              0x080005c7   Thumb Code    32  ahrs_middleware.o(i.AHRS_atan2f)
    AHRS_cosf                                0x080005e7   Thumb Code    24  ahrs_middleware.o(i.AHRS_cosf)
    AHRS_get_height                          0x08000619   Thumb Code    12  ahrs_middleware.o(i.AHRS_get_height)
    AHRS_get_latitude                        0x08000629   Thumb Code    12  ahrs_middleware.o(i.AHRS_get_latitude)
    AHRS_init                                0x08000635   Thumb Code   626  ahrs.o(i.AHRS_init)
    AHRS_invSqrt                             0x080008d1   Thumb Code    36  ahrs_middleware.o(i.AHRS_invSqrt)
    AHRS_sinf                                0x080008f5   Thumb Code    24  ahrs_middleware.o(i.AHRS_sinf)
    AHRS_update                              0x0800090d   Thumb Code   314  ahrs.o(i.AHRS_update)
    BMI088_ACCEL_NS_H                        0x08000a49   Thumb Code    14  bmi088middleware.o(i.BMI088_ACCEL_NS_H)
    BMI088_ACCEL_NS_L                        0x08000a5d   Thumb Code    14  bmi088middleware.o(i.BMI088_ACCEL_NS_L)
    BMI088_GPIO_init                         0x08000a71   Thumb Code     2  bmi088middleware.o(i.BMI088_GPIO_init)
    BMI088_GYRO_NS_H                         0x08000a75   Thumb Code    14  bmi088middleware.o(i.BMI088_GYRO_NS_H)
    BMI088_GYRO_NS_L                         0x08000a89   Thumb Code    14  bmi088middleware.o(i.BMI088_GYRO_NS_L)
    BMI088_accel_read_over                   0x08000a9d   Thumb Code   134  bmi088driver.o(i.BMI088_accel_read_over)
    BMI088_com_init                          0x08000b2d   Thumb Code     2  bmi088middleware.o(i.BMI088_com_init)
    BMI088_delay_ms                          0x08000b2f   Thumb Code    26  bmi088middleware.o(i.BMI088_delay_ms)
    BMI088_delay_us                          0x08000b49   Thumb Code    74  bmi088middleware.o(i.BMI088_delay_us)
    BMI088_gyro_read_over                    0x08000b95   Thumb Code    98  bmi088driver.o(i.BMI088_gyro_read_over)
    BMI088_init                              0x08000bfd   Thumb Code    52  bmi088driver.o(i.BMI088_init)
    BMI088_read                              0x08000c31   Thumb Code   372  bmi088driver.o(i.BMI088_read)
    BMI088_read_write_byte                   0x08000ded   Thumb Code    28  bmi088middleware.o(i.BMI088_read_write_byte)
    BMI088_temperature_read_over             0x08000e0d   Thumb Code    52  bmi088driver.o(i.BMI088_temperature_read_over)
    BusFault_Handler                         0x08000e55   Thumb Code     4  stm32f4xx_it.o(i.BusFault_Handler)
    CAN1_RX0_IRQHandler                      0x08000e59   Thumb Code    10  stm32f4xx_it.o(i.CAN1_RX0_IRQHandler)
    CAN2_RX0_IRQHandler                      0x08000e69   Thumb Code    10  stm32f4xx_it.o(i.CAN2_RX0_IRQHandler)
    CAN_cmd_chassis                          0x08000e79   Thumb Code    68  can_receive.o(i.CAN_cmd_chassis)
    CAN_cmd_chassis_reset_ID                 0x08000ec9   Thumb Code    54  can_receive.o(i.CAN_cmd_chassis_reset_ID)
    DMA1_Stream1_IRQHandler                  0x08000f0d   Thumb Code    10  stm32f4xx_it.o(i.DMA1_Stream1_IRQHandler)
    DMA2_Stream2_IRQHandler                  0x08000f1d   Thumb Code  2182  ins_task.o(i.DMA2_Stream2_IRQHandler)
    DMA2_Stream3_IRQHandler                  0x080017b5   Thumb Code    10  stm32f4xx_it.o(i.DMA2_Stream3_IRQHandler)
    DMA2_Stream5_IRQHandler                  0x080017c5   Thumb Code    10  stm32f4xx_it.o(i.DMA2_Stream5_IRQHandler)
    DMA2_Stream7_IRQHandler                  0x080017d5   Thumb Code    10  stm32f4xx_it.o(i.DMA2_Stream7_IRQHandler)
    DebugMon_Handler                         0x080018cf   Thumb Code     2  stm32f4xx_it.o(i.DebugMon_Handler)
    EXTI0_IRQHandler                         0x080018d1   Thumb Code    10  stm32f4xx_it.o(i.EXTI0_IRQHandler)
    EXTI3_IRQHandler                         0x080018db   Thumb Code    10  stm32f4xx_it.o(i.EXTI3_IRQHandler)
    EXTI4_IRQHandler                         0x080018e5   Thumb Code    10  stm32f4xx_it.o(i.EXTI4_IRQHandler)
    EXTI9_5_IRQHandler                       0x080018ef   Thumb Code    10  stm32f4xx_it.o(i.EXTI9_5_IRQHandler)
    Error_Handler                            0x080018f9   Thumb Code     2  main.o(i.Error_Handler)
    FLASH_Erase_Sector                       0x080018fd   Thumb Code    76  stm32f4xx_hal_flash_ex.o(i.FLASH_Erase_Sector)
    FLASH_FlushCaches                        0x0800194d   Thumb Code    84  stm32f4xx_hal_flash_ex.o(i.FLASH_FlushCaches)
    FLASH_WaitForLastOperation               0x08001add   Thumb Code    88  stm32f4xx_hal_flash.o(i.FLASH_WaitForLastOperation)
    HAL_CAN_ActivateNotification             0x08001b3d   Thumb Code    36  stm32f4xx_hal_can.o(i.HAL_CAN_ActivateNotification)
    HAL_CAN_AddTxMessage                     0x08001b61   Thumb Code   260  stm32f4xx_hal_can.o(i.HAL_CAN_AddTxMessage)
    HAL_CAN_ConfigFilter                     0x08001c65   Thumb Code   290  stm32f4xx_hal_can.o(i.HAL_CAN_ConfigFilter)
    HAL_CAN_ErrorCallback                    0x08001d8d   Thumb Code     2  stm32f4xx_hal_can.o(i.HAL_CAN_ErrorCallback)
    HAL_CAN_GetRxMessage                     0x08001d8f   Thumb Code   364  stm32f4xx_hal_can.o(i.HAL_CAN_GetRxMessage)
    HAL_CAN_IRQHandler                       0x08001efb   Thumb Code   564  stm32f4xx_hal_can.o(i.HAL_CAN_IRQHandler)
    HAL_CAN_Init                             0x0800212f   Thumb Code   360  stm32f4xx_hal_can.o(i.HAL_CAN_Init)
    HAL_CAN_MspInit                          0x08002299   Thumb Code   328  can.o(i.HAL_CAN_MspInit)
    HAL_CAN_RxFifo0FullCallback              0x080023f9   Thumb Code     2  stm32f4xx_hal_can.o(i.HAL_CAN_RxFifo0FullCallback)
    HAL_CAN_RxFifo0MsgPendingCallback        0x080023fd   Thumb Code   252  can_receive.o(i.HAL_CAN_RxFifo0MsgPendingCallback)
    HAL_CAN_RxFifo1FullCallback              0x08002505   Thumb Code     2  stm32f4xx_hal_can.o(i.HAL_CAN_RxFifo1FullCallback)
    HAL_CAN_RxFifo1MsgPendingCallback        0x08002507   Thumb Code     2  stm32f4xx_hal_can.o(i.HAL_CAN_RxFifo1MsgPendingCallback)
    HAL_CAN_SleepCallback                    0x08002509   Thumb Code     2  stm32f4xx_hal_can.o(i.HAL_CAN_SleepCallback)
    HAL_CAN_Start                            0x0800250b   Thumb Code   100  stm32f4xx_hal_can.o(i.HAL_CAN_Start)
    HAL_CAN_TxMailbox0AbortCallback          0x0800256f   Thumb Code     2  stm32f4xx_hal_can.o(i.HAL_CAN_TxMailbox0AbortCallback)
    HAL_CAN_TxMailbox0CompleteCallback       0x08002571   Thumb Code     2  stm32f4xx_hal_can.o(i.HAL_CAN_TxMailbox0CompleteCallback)
    HAL_CAN_TxMailbox1AbortCallback          0x08002573   Thumb Code     2  stm32f4xx_hal_can.o(i.HAL_CAN_TxMailbox1AbortCallback)
    HAL_CAN_TxMailbox1CompleteCallback       0x08002575   Thumb Code     2  stm32f4xx_hal_can.o(i.HAL_CAN_TxMailbox1CompleteCallback)
    HAL_CAN_TxMailbox2AbortCallback          0x08002577   Thumb Code     2  stm32f4xx_hal_can.o(i.HAL_CAN_TxMailbox2AbortCallback)
    HAL_CAN_TxMailbox2CompleteCallback       0x08002579   Thumb Code     2  stm32f4xx_hal_can.o(i.HAL_CAN_TxMailbox2CompleteCallback)
    HAL_CAN_WakeUpFromRxMsgCallback          0x0800257b   Thumb Code     2  stm32f4xx_hal_can.o(i.HAL_CAN_WakeUpFromRxMsgCallback)
    HAL_DMA_Abort                            0x0800257d   Thumb Code   162  stm32f4xx_hal_dma.o(i.HAL_DMA_Abort)
    HAL_DMA_Abort_IT                         0x0800261f   Thumb Code    36  stm32f4xx_hal_dma.o(i.HAL_DMA_Abort_IT)
    HAL_DMA_IRQHandler                       0x08002645   Thumb Code   488  stm32f4xx_hal_dma.o(i.HAL_DMA_IRQHandler)
    HAL_DMA_Init                             0x08002831   Thumb Code   230  stm32f4xx_hal_dma.o(i.HAL_DMA_Init)
    HAL_DMA_Start_IT                         0x0800291d   Thumb Code   112  stm32f4xx_hal_dma.o(i.HAL_DMA_Start_IT)
    HAL_Delay                                0x0800298d   Thumb Code    34  stm32f4xx_hal.o(i.HAL_Delay)
    HAL_FLASHEx_Erase                        0x080029b5   Thumb Code   162  stm32f4xx_hal_flash_ex.o(i.HAL_FLASHEx_Erase)
    HAL_FLASH_Lock                           0x08002a61   Thumb Code    14  stm32f4xx_hal_flash.o(i.HAL_FLASH_Lock)
    HAL_FLASH_Program                        0x08002a75   Thumb Code   118  stm32f4xx_hal_flash.o(i.HAL_FLASH_Program)
    HAL_FLASH_Unlock                         0x08002af5   Thumb Code    34  stm32f4xx_hal_flash.o(i.HAL_FLASH_Unlock)
    HAL_GPIO_EXTI_Callback                   0x08002b29   Thumb Code   152  ins_task.o(i.HAL_GPIO_EXTI_Callback)
    HAL_GPIO_EXTI_IRQHandler                 0x08002be1   Thumb Code    18  stm32f4xx_hal_gpio.o(i.HAL_GPIO_EXTI_IRQHandler)
    HAL_GPIO_Init                            0x08002bf9   Thumb Code   538  stm32f4xx_hal_gpio.o(i.HAL_GPIO_Init)
    HAL_GPIO_WritePin                        0x08002e29   Thumb Code    14  stm32f4xx_hal_gpio.o(i.HAL_GPIO_WritePin)
    HAL_GetTick                              0x08002e39   Thumb Code     6  stm32f4xx_hal.o(i.HAL_GetTick)
    HAL_I2C_Init                             0x08002e45   Thumb Code   410  stm32f4xx_hal_i2c.o(i.HAL_I2C_Init)
    HAL_I2C_Mem_Read                         0x08002ff1   Thumb Code   692  stm32f4xx_hal_i2c.o(i.HAL_I2C_Mem_Read)
    HAL_I2C_Mem_Write                        0x080032b1   Thumb Code   362  stm32f4xx_hal_i2c.o(i.HAL_I2C_Mem_Write)
    HAL_I2C_MspInit                          0x08003425   Thumb Code   182  i2c.o(i.HAL_I2C_MspInit)
    HAL_IncTick                              0x080034ed   Thumb Code    12  stm32f4xx_hal.o(i.HAL_IncTick)
    HAL_Init                                 0x080034fd   Thumb Code    48  stm32f4xx_hal.o(i.HAL_Init)
    HAL_InitTick                             0x08003531   Thumb Code    58  stm32f4xx_hal.o(i.HAL_InitTick)
    HAL_MspInit                              0x08003575   Thumb Code    78  stm32f4xx_hal_msp.o(i.HAL_MspInit)
    HAL_NVIC_EnableIRQ                       0x080035c9   Thumb Code    28  stm32f4xx_hal_cortex.o(i.HAL_NVIC_EnableIRQ)
    HAL_NVIC_SetPriority                     0x080035e5   Thumb Code    98  stm32f4xx_hal_cortex.o(i.HAL_NVIC_SetPriority)
    HAL_NVIC_SetPriorityGrouping             0x0800364d   Thumb Code    30  stm32f4xx_hal_cortex.o(i.HAL_NVIC_SetPriorityGrouping)
    HAL_RCC_ClockConfig                      0x08003671   Thumb Code   354  stm32f4xx_hal_rcc.o(i.HAL_RCC_ClockConfig)
    HAL_RCC_GetHCLKFreq                      0x080037ed   Thumb Code     6  stm32f4xx_hal_rcc.o(i.HAL_RCC_GetHCLKFreq)
    HAL_RCC_GetPCLK1Freq                     0x080037f9   Thumb Code    22  stm32f4xx_hal_rcc.o(i.HAL_RCC_GetPCLK1Freq)
    HAL_RCC_GetPCLK2Freq                     0x08003819   Thumb Code    22  stm32f4xx_hal_rcc.o(i.HAL_RCC_GetPCLK2Freq)
    HAL_RCC_GetSysClockFreq                  0x08003839   Thumb Code    94  stm32f4xx_hal_rcc.o(i.HAL_RCC_GetSysClockFreq)
    HAL_RCC_OscConfig                        0x080038a9   Thumb Code  1154  stm32f4xx_hal_rcc.o(i.HAL_RCC_OscConfig)
    HAL_SPI_Init                             0x08003d2b   Thumb Code   190  stm32f4xx_hal_spi.o(i.HAL_SPI_Init)
    HAL_SPI_MspInit                          0x08003de9   Thumb Code   316  spi.o(i.HAL_SPI_MspInit)
    HAL_SPI_TransmitReceive                  0x08003f41   Thumb Code   504  stm32f4xx_hal_spi.o(i.HAL_SPI_TransmitReceive)
    HAL_SYSTICK_Config                       0x08004139   Thumb Code    36  stm32f4xx_hal_cortex.o(i.HAL_SYSTICK_Config)
    HAL_TIMEx_MasterConfigSynchronization    0x08004161   Thumb Code   154  stm32f4xx_hal_tim_ex.o(i.HAL_TIMEx_MasterConfigSynchronization)
    HAL_TIM_Base_Init                        0x080041fb   Thumb Code    92  stm32f4xx_hal_tim.o(i.HAL_TIM_Base_Init)
    HAL_TIM_Base_MspInit                     0x08004259   Thumb Code    88  tim.o(i.HAL_TIM_Base_MspInit)
    HAL_TIM_Base_Start                       0x080042bd   Thumb Code   128  stm32f4xx_hal_tim.o(i.HAL_TIM_Base_Start)
    HAL_TIM_ConfigClockSource                0x0800433d   Thumb Code   234  stm32f4xx_hal_tim.o(i.HAL_TIM_ConfigClockSource)
    HAL_TIM_MspPostInit                      0x08004429   Thumb Code   226  tim.o(i.HAL_TIM_MspPostInit)
    HAL_TIM_PWM_ConfigChannel                0x08004529   Thumb Code   216  stm32f4xx_hal_tim.o(i.HAL_TIM_PWM_ConfigChannel)
    HAL_TIM_PWM_Init                         0x08004601   Thumb Code    92  stm32f4xx_hal_tim.o(i.HAL_TIM_PWM_Init)
    HAL_TIM_PWM_MspInit                      0x0800465d   Thumb Code    44  tim.o(i.HAL_TIM_PWM_MspInit)
    HAL_TIM_PWM_Start                        0x08004691   Thumb Code   210  stm32f4xx_hal_tim.o(i.HAL_TIM_PWM_Start)
    HAL_UARTEx_RxEventCallback               0x0800476d   Thumb Code     2  stm32f4xx_hal_uart.o(i.HAL_UARTEx_RxEventCallback)
    HAL_UART_DMAStop                         0x0800476f   Thumb Code   112  stm32f4xx_hal_uart.o(i.HAL_UART_DMAStop)
    HAL_UART_ErrorCallback                   0x080047df   Thumb Code     2  stm32f4xx_hal_uart.o(i.HAL_UART_ErrorCallback)
    HAL_UART_IRQHandler                      0x080047e1   Thumb Code   604  stm32f4xx_hal_uart.o(i.HAL_UART_IRQHandler)
    HAL_UART_Init                            0x08004a41   Thumb Code   100  stm32f4xx_hal_uart.o(i.HAL_UART_Init)
    HAL_UART_MspInit                         0x08004aa5   Thumb Code   526  usart.o(i.HAL_UART_MspInit)
    HAL_UART_Receive_DMA                     0x08004ce1   Thumb Code    46  stm32f4xx_hal_uart.o(i.HAL_UART_Receive_DMA)
    HAL_UART_RxCpltCallback                  0x08004d0f   Thumb Code     2  stm32f4xx_hal_uart.o(i.HAL_UART_RxCpltCallback)
    HAL_UART_RxHalfCpltCallback              0x08004d11   Thumb Code     2  stm32f4xx_hal_uart.o(i.HAL_UART_RxHalfCpltCallback)
    HAL_UART_TxCpltCallback                  0x08004d13   Thumb Code     2  stm32f4xx_hal_uart.o(i.HAL_UART_TxCpltCallback)
    HardFault_Handler                        0x08004d15   Thumb Code     4  stm32f4xx_it.o(i.HardFault_Handler)
    INS_cali_gyro                            0x08005229   Thumb Code   110  ins_task.o(i.INS_cali_gyro)
    INS_set_cali_gyro                        0x080052a5   Thumb Code    62  ins_task.o(i.INS_set_cali_gyro)
    INS_task                                 0x080052ed   Thumb Code   662  ins_task.o(i.INS_task)
    MX_CAN1_Init                             0x080055f1   Thumb Code    58  can.o(i.MX_CAN1_Init)
    MX_CAN2_Init                             0x08005635   Thumb Code    58  can.o(i.MX_CAN2_Init)
    MX_DMA_Init                              0x08005679   Thumb Code   146  dma.o(i.MX_DMA_Init)
    MX_FREERTOS_Init                         0x08005711   Thumb Code   126  freertos.o(i.MX_FREERTOS_Init)
    MX_GPIO_Init                             0x080057a9   Thumb Code   450  gpio.o(i.MX_GPIO_Init)
    MX_I2C3_Init                             0x08005981   Thumb Code    48  i2c.o(i.MX_I2C3_Init)
    MX_SPI1_Init                             0x080059bd   Thumb Code    62  spi.o(i.MX_SPI1_Init)
    MX_TIM10_Init                            0x08005a05   Thumb Code   100  tim.o(i.MX_TIM10_Init)
    MX_TIM4_Init                             0x08005a71   Thumb Code   154  tim.o(i.MX_TIM4_Init)
    MX_TIM5_Init                             0x08005b15   Thumb Code   146  tim.o(i.MX_TIM5_Init)
    MX_USART1_UART_Init                      0x08005bb1   Thumb Code    46  usart.o(i.MX_USART1_UART_Init)
    MX_USART3_UART_Init                      0x08005be9   Thumb Code    44  usart.o(i.MX_USART3_UART_Init)
    MemManage_Handler                        0x08005c21   Thumb Code     4  stm32f4xx_it.o(i.MemManage_Handler)
    NMI_Handler                              0x08005c25   Thumb Code     2  stm32f4xx_it.o(i.NMI_Handler)
    PID_calc                                 0x08005c29   Thumb Code   492  pid.o(i.PID_calc)
    PID_init                                 0x08005e19   Thumb Code    92  pid.o(i.PID_init)
    RC_init                                  0x080061e1   Thumb Code   142  bsp_rc.o(i.RC_init)
    RC_restart                               0x0800627d   Thumb Code    72  bsp_rc.o(i.RC_restart)
    RC_unable                                0x080062cd   Thumb Code    18  bsp_rc.o(i.RC_unable)
    SPI1_DMA_enable                          0x080062e5   Thumb Code 10024  bsp_spi.o(i.SPI1_DMA_enable)
    SPI1_DMA_init                            0x08008a21   Thumb Code   360  bsp_spi.o(i.SPI1_DMA_init)
    StartDefaultTask                         0x08008cdd   Thumb Code    10  freertos.o(i.StartDefaultTask)
    SysTick_Handler                          0x08008ce7   Thumb Code    20  stm32f4xx_it.o(i.SysTick_Handler)
    SystemClock_Config                       0x08008cfd   Thumb Code   170  main.o(i.SystemClock_Config)
    SystemInit                               0x08008db1   Thumb Code    82  system_stm32f4xx.o(i.SystemInit)
    TIM_Base_SetConfig                       0x08008e15   Thumb Code   182  stm32f4xx_hal_tim.o(i.TIM_Base_SetConfig)
    TIM_CCxChannelCmd                        0x08008ee1   Thumb Code    30  stm32f4xx_hal_tim.o(i.TIM_CCxChannelCmd)
    TIM_ETR_SetConfig                        0x08008eff   Thumb Code    22  stm32f4xx_hal_tim.o(i.TIM_ETR_SetConfig)
    TIM_OC2_SetConfig                        0x08008f95   Thumb Code   112  stm32f4xx_hal_tim.o(i.TIM_OC2_SetConfig)
    UART_Start_Receive_DMA                   0x08009469   Thumb Code   134  stm32f4xx_hal_uart.o(i.UART_Start_Receive_DMA)
    USART1_IRQHandler                        0x0800955d   Thumb Code    88  bsp_usart.o(i.USART1_IRQHandler)
    USART3_IRQHandler                        0x080095c5   Thumb Code   264  remote_control.o(i.USART3_IRQHandler)
    UsageFault_Handler                       0x080096e9   Thumb Code     4  stm32f4xx_it.o(i.UsageFault_Handler)
    __ARM_fpclassifyf                        0x080096ed   Thumb Code    38  fpclassifyf.o(i.__ARM_fpclassifyf)
    __hardfp_asinf                           0x08009715   Thumb Code   258  asinf.o(i.__hardfp_asinf)
    __hardfp_atan2f                          0x08009841   Thumb Code   594  atan2f.o(i.__hardfp_atan2f)
    __hardfp_fabs                            0x08009aed   Thumb Code    20  fabs.o(i.__hardfp_fabs)
    __hardfp_sqrtf                           0x08009b01   Thumb Code    58  sqrtf_full.o(i.__hardfp_sqrtf)
    __mathlib_flt_infnan                     0x08009b3b   Thumb Code     6  funder.o(i.__mathlib_flt_infnan)
    __mathlib_flt_infnan2                    0x08009b41   Thumb Code     6  funder.o(i.__mathlib_flt_infnan2)
    __mathlib_flt_invalid                    0x08009b49   Thumb Code    10  funder.o(i.__mathlib_flt_invalid)
    __mathlib_flt_underflow                  0x08009b59   Thumb Code    10  funder.o(i.__mathlib_flt_underflow)
    __scatterload_copy                       0x08009b69   Thumb Code    14  handlers.o(i.__scatterload_copy)
    __scatterload_null                       0x08009b77   Thumb Code     2  handlers.o(i.__scatterload_null)
    __scatterload_zeroinit                   0x08009b79   Thumb Code    14  handlers.o(i.__scatterload_zeroinit)
    __set_errno                              0x08009b89   Thumb Code     6  errno.o(i.__set_errno)
    bmi088_accel_init                        0x0800a05d   Thumb Code   302  bmi088driver.o(i.bmi088_accel_init)
    bmi088_accel_self_test                   0x0800a191   Thumb Code   760  bmi088driver.o(i.bmi088_accel_self_test)
    bmi088_gyro_init                         0x0800a48d   Thumb Code   238  bmi088driver.o(i.bmi088_gyro_init)
    bmi088_gyro_self_test                    0x0800a581   Thumb Code   208  bmi088driver.o(i.bmi088_gyro_self_test)
    buzzer_off                               0x0800a651   Thumb Code    10  bsp_buzzer.o(i.buzzer_off)
    buzzer_on                                0x0800a661   Thumb Code    14  bsp_buzzer.o(i.buzzer_on)
    calibrate_task                           0x0800a7a5   Thumb Code   294  calibrate_task.o(i.calibrate_task)
    can_filter_init                          0x0800a8e1   Thumb Code    84  bsp_can.o(i.can_filter_init)
    chassis_behaviour_control_set            0x0800a93d   Thumb Code   156  chassis_behaviour.o(i.chassis_behaviour_control_set)
    chassis_behaviour_mode_set               0x0800a9dd   Thumb Code   134  chassis_behaviour.o(i.chassis_behaviour_mode_set)
    chassis_rc_to_control_vector             0x0800b0e9   Thumb Code   320  chassis_task.o(i.chassis_rc_to_control_vector)
    chassis_task                             0x0800b415   Thumb Code    76  chassis_task.o(i.chassis_task)
    detect_hook                              0x0800b4e5   Thumb Code   288  detect_task.o(i.detect_hook)
    detect_task                              0x0800b775   Thumb Code   618  detect_task.o(i.detect_task)
    first_order_filter_cali                  0x0800b9f1   Thumb Code    84  user_lib.o(i.first_order_filter_cali)
    first_order_filter_init                  0x0800ba45   Thumb Code    32  user_lib.o(i.first_order_filter_init)
    flash_erase_address                      0x0800ba69   Thumb Code    46  bsp_flash.o(i.flash_erase_address)
    flash_write_single_address               0x0800ba99   Thumb Code   136  bsp_flash.o(i.flash_write_single_address)
    fp32_constrain                           0x0800bb31   Thumb Code    42  user_lib.o(i.fp32_constrain)
    get_INS_angle_point                      0x0800bc51   Thumb Code     4  ins_task.o(i.get_INS_angle_point)
    get_angle                                0x0800bc59   Thumb Code   232  ahrs.o(i.get_angle)
    get_chassis_motor_measure_point          0x0800bd41   Thumb Code    18  can_receive.o(i.get_chassis_motor_measure_point)
    get_control_temperature                  0x0800bd59   Thumb Code     8  calibrate_task.o(i.get_control_temperature)
    get_next_flash_address                   0x0800bd65   Thumb Code   186  bsp_flash.o(i.get_next_flash_address)
    get_remote_control_point                 0x0800be4d   Thumb Code     4  remote_control.o(i.get_remote_control_point)
    gyro_offset_calc                         0x0800be55   Thumb Code    78  ins_task.o(i.gyro_offset_calc)
    imu_pwm_set                              0x0800c17d   Thumb Code     8  bsp_imu_pwm.o(i.imu_pwm_set)
    ist8310_GPIO_init                        0x0800c241   Thumb Code     2  ist8310driver_middleware.o(i.ist8310_GPIO_init)
    ist8310_IIC_read_single_reg              0x0800c245   Thumb Code    40  ist8310driver_middleware.o(i.ist8310_IIC_read_single_reg)
    ist8310_IIC_write_single_reg             0x0800c271   Thumb Code    34  ist8310driver_middleware.o(i.ist8310_IIC_write_single_reg)
    ist8310_RST_H                            0x0800c299   Thumb Code    14  ist8310driver_middleware.o(i.ist8310_RST_H)
    ist8310_RST_L                            0x0800c2ad   Thumb Code    14  ist8310driver_middleware.o(i.ist8310_RST_L)
    ist8310_com_init                         0x0800c2c1   Thumb Code     2  ist8310driver_middleware.o(i.ist8310_com_init)
    ist8310_delay_ms                         0x0800c2c3   Thumb Code    12  ist8310driver_middleware.o(i.ist8310_delay_ms)
    ist8310_delay_us                         0x0800c2cf   Thumb Code    74  ist8310driver_middleware.o(i.ist8310_delay_us)
    ist8310_init                             0x0800c319   Thumb Code   136  ist8310driver.o(i.ist8310_init)
    loop_fp32_constrain                      0x0800c3a5   Thumb Code    96  user_lib.o(i.loop_fp32_constrain)
    main                                     0x0800c405   Thumb Code   128  main.o(i.main)
    osDelay                                  0x0800c49d   Thumb Code    16  cmsis_os.o(i.osDelay)
    osKernelStart                            0x0800c4ad   Thumb Code    10  cmsis_os.o(i.osKernelStart)
    osThreadCreate                           0x0800c4b7   Thumb Code    92  cmsis_os.o(i.osThreadCreate)
    pcTaskGetName                            0x0800c515   Thumb Code    30  tasks.o(i.pcTaskGetName)
    pvPortMalloc                             0x0800c931   Thumb Code   224  heap_4.o(i.pvPortMalloc)
    pxPortInitialiseStack                    0x0800ca19   Thumb Code    38  port.o(i.pxPortInitialiseStack)
    remote_control_init                      0x0800cac9   Thumb Code    16  remote_control.o(i.remote_control_init)
    sqrtf                                    0x0800cbb7   Thumb Code    62  sqrtf_full.o(i.sqrtf)
    ulTaskNotifyTake                         0x0800cbf5   Thumb Code    96  tasks.o(i.ulTaskNotifyTake)
    uxListRemove                             0x0800ccd7   Thumb Code    38  list.o(i.uxListRemove)
    vApplicationGetIdleTaskMemory            0x0800ccfd   Thumb Code    14  freertos.o(i.vApplicationGetIdleTaskMemory)
    vListInitialise                          0x0800cd15   Thumb Code    22  list.o(i.vListInitialise)
    vListInitialiseItem                      0x0800cd2b   Thumb Code     6  list.o(i.vListInitialiseItem)
    vListInsert                              0x0800cd31   Thumb Code    54  list.o(i.vListInsert)
    vListInsertEnd                           0x0800cd67   Thumb Code    24  list.o(i.vListInsertEnd)
    vPortEnterCritical                       0x0800cd81   Thumb Code    54  port.o(i.vPortEnterCritical)
    vPortExitCritical                        0x0800cdc1   Thumb Code    38  port.o(i.vPortExitCritical)
    vPortFree                                0x0800cded   Thumb Code    94  heap_4.o(i.vPortFree)
    vPortSetupTimerInterrupt                 0x0800ce51   Thumb Code    32  port.o(i.vPortSetupTimerInterrupt)
    vPortValidateInterruptPriority           0x0800ce75   Thumb Code    74  port.o(i.vPortValidateInterruptPriority)
    vTaskDelay                               0x0800cec9   Thumb Code    70  tasks.o(i.vTaskDelay)
    vTaskNotifyGiveFromISR                   0x0800cf19   Thumb Code   176  tasks.o(i.vTaskNotifyGiveFromISR)
    vTaskStartScheduler                      0x0800cfd5   Thumb Code   120  tasks.o(i.vTaskStartScheduler)
    vTaskSuspendAll                          0x0800d05d   Thumb Code    10  tasks.o(i.vTaskSuspendAll)
    vTaskSwitchContext                       0x0800d06d   Thumb Code    86  tasks.o(i.vTaskSwitchContext)
    xPortStartScheduler                      0x0800d0cd   Thumb Code   232  port.o(i.xPortStartScheduler)
    xPortSysTickHandler                      0x0800d1d1   Thumb Code    38  port.o(i.xPortSysTickHandler)
    xTaskCreate                              0x0800d1fd   Thumb Code   108  tasks.o(i.xTaskCreate)
    xTaskCreateStatic                        0x0800d269   Thumb Code    96  tasks.o(i.xTaskCreateStatic)
    xTaskGetHandle                           0x0800d2c9   Thumb Code   124  tasks.o(i.xTaskGetHandle)
    xTaskGetSchedulerState                   0x0800d355   Thumb Code    24  tasks.o(i.xTaskGetSchedulerState)
    xTaskGetTickCount                        0x0800d371   Thumb Code     6  tasks.o(i.xTaskGetTickCount)
    xTaskIncrementTick                       0x0800d37d   Thumb Code   202  tasks.o(i.xTaskIncrementTick)
    xTaskResumeAll                           0x0800d451   Thumb Code   190  tasks.o(i.xTaskResumeAll)
    AHBPrescTable                            0x0800d5a8   Data          16  system_stm32f4xx.o(.constdata)
    APBPrescTable                            0x0800d5b8   Data           8  system_stm32f4xx.o(.constdata)
    sinTable_f32                             0x0800d690   Data        2052  arm_common_tables.o(.constdata)
    Region$$Table$$Base                      0x0800dec4   Number         0  anon$$obj.o(Region$$Table)
    Region$$Table$$Limit                     0x0800dee4   Number         0  anon$$obj.o(Region$$Table)
    gimbalTaskHandle                         0x20000000   Data           4  freertos.o(.data)
    imuTaskHandle                            0x20000004   Data           4  freertos.o(.data)
    chassisTaskHandle                        0x20000008   Data           4  freertos.o(.data)
    detect_handle                            0x2000000c   Data           4  freertos.o(.data)
    calibrate_tast_handle                    0x20000010   Data           4  freertos.o(.data)
    defaultTaskHandle                        0x20000014   Data           4  freertos.o(.data)
    SystemCoreClock                          0x2000001c   Data           4  system_stm32f4xx.o(.data)
    recv_end_flag                            0x20000030   Data           1  bsp_usart.o(.data)
    rx_len                                   0x20000032   Data           2  bsp_usart.o(.data)
    ch                                       0x20000034   Data           1  bsp_usart.o(.data)
    ch_r                                     0x20000035   Data           1  bsp_usart.o(.data)
    gyro_dma_rx_buf                          0x20000050   Data           8  ins_task.o(.data)
    gyro_dma_tx_buf                          0x20000058   Data           8  ins_task.o(.data)
    accel_dma_tx_buf                         0x20000060   Data           9  ins_task.o(.data)
    accel_temp_dma_rx_buf                    0x20000069   Data           4  ins_task.o(.data)
    accel_temp_dma_tx_buf                    0x2000006d   Data           4  ins_task.o(.data)
    gyro_update_flag                         0x20000071   Data           1  ins_task.o(.data)
    accel_update_flag                        0x20000072   Data           1  ins_task.o(.data)
    accel_temp_update_flag                   0x20000073   Data           1  ins_task.o(.data)
    mag_update_flag                          0x20000074   Data           1  ins_task.o(.data)
    imu_start_dma_flag                       0x20000075   Data           1  ins_task.o(.data)
    gyro_scale_factor                        0x20000078   Data          36  ins_task.o(.data)
    accel_scale_factor                       0x2000009c   Data          36  ins_task.o(.data)
    mag_scale_factor                         0x200000c0   Data          36  ins_task.o(.data)
    chassis_behaviour_mode                   0x200000ec   Data           1  chassis_behaviour.o(.data)
    cali_hook_fun                            0x20000128   Data          20  calibrate_task.o(.data)
    uwTickFreq                               0x20000158   Data           1  stm32f4xx_hal.o(.data)
    uwTickPrio                               0x2000015c   Data           4  stm32f4xx_hal.o(.data)
    uwTick                                   0x20000160   Data           4  stm32f4xx_hal.o(.data)
    pxCurrentTCB                             0x20000164   Data           4  tasks.o(.data)
    BMI088_ACCEL_SEN                         0x200001cc   Data           4  bmi088driver.o(.data)
    BMI088_GYRO_SEN                          0x200001d0   Data           4  bmi088driver.o(.data)
    hcan1                                    0x20000460   Data          40  can.o(.bss)
    hcan2                                    0x20000488   Data          40  can.o(.bss)
    hi2c3                                    0x200004b0   Data          84  i2c.o(.bss)
    hspi1                                    0x20000504   Data          88  spi.o(.bss)
    hdma_spi1_rx                             0x2000055c   Data          96  spi.o(.bss)
    hdma_spi1_tx                             0x200005bc   Data          96  spi.o(.bss)
    htim4                                    0x2000061c   Data          72  tim.o(.bss)
    htim5                                    0x20000664   Data          72  tim.o(.bss)
    htim10                                   0x200006ac   Data          72  tim.o(.bss)
    huart1                                   0x200006f4   Data          68  usart.o(.bss)
    huart3                                   0x20000738   Data          68  usart.o(.bss)
    hdma_usart1_rx                           0x2000077c   Data          96  usart.o(.bss)
    hdma_usart1_tx                           0x200007dc   Data          96  usart.o(.bss)
    hdma_usart3_rx                           0x2000083c   Data          96  usart.o(.bss)
    rx_buffer                                0x2000089c   Data         100  bsp_usart.o(.bss)
    user_speed                               0x20000900   Data          10  can_receive.o(.bss)
    rc_ctrl                                  0x20000980   Data          22  remote_control.o(.bss)
    accel_dma_rx_buf                         0x200009e0   Data           9  ins_task.o(.bss)
    bmi088_real_data                         0x200009ec   Data          36  ins_task.o(.bss)
    gyro_offset                              0x20000a10   Data          12  ins_task.o(.bss)
    gyro_cali_offset                         0x20000a1c   Data          12  ins_task.o(.bss)
    accel_offset                             0x20000a28   Data          12  ins_task.o(.bss)
    accel_cali_offset                        0x20000a34   Data          12  ins_task.o(.bss)
    ist8310_real_data                        0x20000a40   Data          16  ins_task.o(.bss)
    mag_offset                               0x20000a50   Data          12  ins_task.o(.bss)
    mag_cali_offset                          0x20000a5c   Data          12  ins_task.o(.bss)
    INS_angle                                0x20000b08   Data          12  ins_task.o(.bss)
    chassis_move                             0x20000b14   Data         548  chassis_task.o(.bss)
    cali_sensor                              0x20000e0c   Data          65  calibrate_task.o(.bss)
    error_list                               0x20000e4d   Data         540  detect_task.o(.bss)
    pFlash                                   0x2000106c   Data          32  stm32f4xx_hal_flash.o(.bss)
    __initial_sp                             0x20005180   Data           0  startup_stm32f407xx.o(STACK)



==============================================================================

Memory Map of the image

  Image Entry point : 0x08000189

  Load Region LR_IROM1 (Base: 0x08000000, Size: 0x0000e0f0, Max: 0x00100000, ABSOLUTE, COMPRESSED[0x0000df74])

    Execution Region ER_IROM1 (Exec base: 0x08000000, Load base: 0x08000000, Size: 0x0000dee4, Max: 0x00100000, ABSOLUTE)

    Exec Addr    Load Addr    Size         Type   Attr      Idx    E Section Name        Object

    0x08000000   0x08000000   0x00000188   Data   RO            3    RESET               startup_stm32f407xx.o
    0x08000188   0x08000188   0x00000000   Code   RO         7825  * .ARM.Collect$$$$00000000  mc_w.l(entry.o)
    0x08000188   0x08000188   0x00000004   Code   RO         7867    .ARM.Collect$$$$00000001  mc_w.l(entry2.o)
    0x0800018c   0x0800018c   0x00000004   Code   RO         7870    .ARM.Collect$$$$00000004  mc_w.l(entry5.o)
    0x08000190   0x08000190   0x00000000   Code   RO         7872    .ARM.Collect$$$$00000008  mc_w.l(entry7b.o)
    0x08000190   0x08000190   0x00000000   Code   RO         7874    .ARM.Collect$$$$0000000A  mc_w.l(entry8b.o)
    0x08000190   0x08000190   0x00000008   Code   RO         7875    .ARM.Collect$$$$0000000B  mc_w.l(entry9a.o)
    0x08000198   0x08000198   0x00000004   Code   RO         7882    .ARM.Collect$$$$0000000E  mc_w.l(entry12b.o)
    0x0800019c   0x0800019c   0x00000000   Code   RO         7877    .ARM.Collect$$$$0000000F  mc_w.l(entry10a.o)
    0x0800019c   0x0800019c   0x00000000   Code   RO         7879    .ARM.Collect$$$$00000011  mc_w.l(entry11a.o)
    0x0800019c   0x0800019c   0x00000004   Code   RO         7868    .ARM.Collect$$$$00002712  mc_w.l(entry2.o)
    0x080001a0   0x080001a0   0x000000be   Code   RO         7113    .emb_text           port.o
    0x0800025e   0x0800025e   0x00000002   PAD
    0x08000260   0x08000260   0x00000024   Code   RO            4    .text               startup_stm32f407xx.o
    0x08000284   0x08000284   0x00000078   Code   RO         7516    .text               arm_cortexM4lf_math.lib(arm_cos_f32.o)
    0x080002fc   0x080002fc   0x00000074   Code   RO         7569    .text               arm_cortexM4lf_math.lib(arm_sin_f32.o)
    0x08000370   0x08000370   0x00000062   Code   RO         7828    .text               mc_w.l(uldiv.o)
    0x080003d2   0x080003d2   0x00000024   Code   RO         7830    .text               mc_w.l(memcpya.o)
    0x080003f6   0x080003f6   0x00000024   Code   RO         7834    .text               mc_w.l(memseta.o)
    0x0800041a   0x0800041a   0x0000000e   Code   RO         7836    .text               mc_w.l(strlen.o)
    0x08000428   0x08000428   0x00000026   Code   RO         7840    .text               mf_w.l(f2d.o)
    0x0800044e   0x0800044e   0x00000038   Code   RO         7846    .text               mf_w.l(d2f.o)
    0x08000486   0x08000486   0x0000001e   Code   RO         7883    .text               mc_w.l(llshl.o)
    0x080004a4   0x080004a4   0x00000020   Code   RO         7885    .text               mc_w.l(llushr.o)
    0x080004c4   0x080004c4   0x00000000   Code   RO         7894    .text               mc_w.l(iusefp.o)
    0x080004c4   0x080004c4   0x0000006e   Code   RO         7895    .text               mf_w.l(fepilogue.o)
    0x08000532   0x08000532   0x00000002   PAD
    0x08000534   0x08000534   0x00000024   Code   RO         7897    .text               mc_w.l(init.o)
    0x08000558   0x08000558   0x00000056   Code   RO         7907    .text               mc_w.l(__dczerorl2.o)
    0x080005ae   0x080005ae   0x00000018   Code   RO         5710    i.AHRS_asinf        ahrs_middleware.o
    0x080005c6   0x080005c6   0x00000020   Code   RO         5711    i.AHRS_atan2f       ahrs_middleware.o
    0x080005e6   0x080005e6   0x00000018   Code   RO         5712    i.AHRS_cosf         ahrs_middleware.o
    0x080005fe   0x080005fe   0x0000001a   Code   RO         7590    i.AHRS_fabs         AHRS.lib(ahrs.o)
    0x08000618   0x08000618   0x00000010   Code   RO         5713    i.AHRS_get_height   ahrs_middleware.o
    0x08000628   0x08000628   0x0000000c   Code   RO         5714    i.AHRS_get_latitude  ahrs_middleware.o
    0x08000634   0x08000634   0x0000029c   Code   RO         7591    i.AHRS_init         AHRS.lib(ahrs.o)
    0x080008d0   0x080008d0   0x00000024   Code   RO         5715    i.AHRS_invSqrt      ahrs_middleware.o
    0x080008f4   0x080008f4   0x00000018   Code   RO         5716    i.AHRS_sinf         ahrs_middleware.o
    0x0800090c   0x0800090c   0x0000013a   Code   RO         7592    i.AHRS_update       AHRS.lib(ahrs.o)
    0x08000a46   0x08000a46   0x00000002   PAD
    0x08000a48   0x08000a48   0x00000014   Code   RO         7329    i.BMI088_ACCEL_NS_H  bmi088middleware.o
    0x08000a5c   0x08000a5c   0x00000014   Code   RO         7330    i.BMI088_ACCEL_NS_L  bmi088middleware.o
    0x08000a70   0x08000a70   0x00000002   Code   RO         7331    i.BMI088_GPIO_init  bmi088middleware.o
    0x08000a72   0x08000a72   0x00000002   PAD
    0x08000a74   0x08000a74   0x00000014   Code   RO         7332    i.BMI088_GYRO_NS_H  bmi088middleware.o
    0x08000a88   0x08000a88   0x00000014   Code   RO         7333    i.BMI088_GYRO_NS_L  bmi088middleware.o
    0x08000a9c   0x08000a9c   0x00000090   Code   RO         7193    i.BMI088_accel_read_over  bmi088driver.o
    0x08000b2c   0x08000b2c   0x00000002   Code   RO         7334    i.BMI088_com_init   bmi088middleware.o
    0x08000b2e   0x08000b2e   0x0000001a   Code   RO         7335    i.BMI088_delay_ms   bmi088middleware.o
    0x08000b48   0x08000b48   0x0000004a   Code   RO         7336    i.BMI088_delay_us   bmi088middleware.o
    0x08000b92   0x08000b92   0x00000002   PAD
    0x08000b94   0x08000b94   0x00000068   Code   RO         7194    i.BMI088_gyro_read_over  bmi088driver.o
    0x08000bfc   0x08000bfc   0x00000034   Code   RO         7195    i.BMI088_init       bmi088driver.o
    0x08000c30   0x08000c30   0x0000017c   Code   RO         7196    i.BMI088_read       bmi088driver.o
    0x08000dac   0x08000dac   0x00000026   Code   RO         7199    i.BMI088_read_muli_reg  bmi088driver.o
    0x08000dd2   0x08000dd2   0x00000018   Code   RO         7200    i.BMI088_read_single_reg  bmi088driver.o
    0x08000dea   0x08000dea   0x00000002   PAD
    0x08000dec   0x08000dec   0x00000020   Code   RO         7337    i.BMI088_read_write_byte  bmi088middleware.o
    0x08000e0c   0x08000e0c   0x00000034   Code   RO         7201    i.BMI088_temperature_read_over  bmi088driver.o
    0x08000e40   0x08000e40   0x00000014   Code   RO         7202    i.BMI088_write_single_reg  bmi088driver.o
    0x08000e54   0x08000e54   0x00000004   Code   RO          617    i.BusFault_Handler  stm32f4xx_it.o
    0x08000e58   0x08000e58   0x00000010   Code   RO          618    i.CAN1_RX0_IRQHandler  stm32f4xx_it.o
    0x08000e68   0x08000e68   0x00000010   Code   RO          619    i.CAN2_RX0_IRQHandler  stm32f4xx_it.o
    0x08000e78   0x08000e78   0x00000050   Code   RO         1220    i.CAN_cmd_chassis   can_receive.o
    0x08000ec8   0x08000ec8   0x00000044   Code   RO         1221    i.CAN_cmd_chassis_reset_ID  can_receive.o
    0x08000f0c   0x08000f0c   0x00000010   Code   RO          620    i.DMA1_Stream1_IRQHandler  stm32f4xx_it.o
    0x08000f1c   0x08000f1c   0x00000898   Code   RO         1601    i.DMA2_Stream2_IRQHandler  ins_task.o
    0x080017b4   0x080017b4   0x00000010   Code   RO          621    i.DMA2_Stream3_IRQHandler  stm32f4xx_it.o
    0x080017c4   0x080017c4   0x00000010   Code   RO          622    i.DMA2_Stream5_IRQHandler  stm32f4xx_it.o
    0x080017d4   0x080017d4   0x00000010   Code   RO          623    i.DMA2_Stream7_IRQHandler  stm32f4xx_it.o
    0x080017e4   0x080017e4   0x00000034   Code   RO         2746    i.DMA_CalcBaseAndBitshift  stm32f4xx_hal_dma.o
    0x08001818   0x08001818   0x0000007e   Code   RO         2747    i.DMA_CheckFifoParam  stm32f4xx_hal_dma.o
    0x08001896   0x08001896   0x00000038   Code   RO         2748    i.DMA_SetConfig     stm32f4xx_hal_dma.o
    0x080018ce   0x080018ce   0x00000002   Code   RO          624    i.DebugMon_Handler  stm32f4xx_it.o
    0x080018d0   0x080018d0   0x0000000a   Code   RO          625    i.EXTI0_IRQHandler  stm32f4xx_it.o
    0x080018da   0x080018da   0x0000000a   Code   RO          626    i.EXTI3_IRQHandler  stm32f4xx_it.o
    0x080018e4   0x080018e4   0x0000000a   Code   RO          627    i.EXTI4_IRQHandler  stm32f4xx_it.o
    0x080018ee   0x080018ee   0x0000000a   Code   RO          628    i.EXTI9_5_IRQHandler  stm32f4xx_it.o
    0x080018f8   0x080018f8   0x00000002   Code   RO           13    i.Error_Handler     main.o
    0x080018fa   0x080018fa   0x00000002   PAD
    0x080018fc   0x080018fc   0x00000050   Code   RO         2516    i.FLASH_Erase_Sector  stm32f4xx_hal_flash_ex.o
    0x0800194c   0x0800194c   0x00000058   Code   RO         2517    i.FLASH_FlushCaches  stm32f4xx_hal_flash_ex.o
    0x080019a4   0x080019a4   0x00000028   Code   RO         2518    i.FLASH_MassErase   stm32f4xx_hal_flash_ex.o
    0x080019cc   0x080019cc   0x00000020   Code   RO         2398    i.FLASH_Program_Byte  stm32f4xx_hal_flash.o
    0x080019ec   0x080019ec   0x00000034   Code   RO         2399    i.FLASH_Program_DoubleWord  stm32f4xx_hal_flash.o
    0x08001a20   0x08001a20   0x00000024   Code   RO         2400    i.FLASH_Program_HalfWord  stm32f4xx_hal_flash.o
    0x08001a44   0x08001a44   0x00000024   Code   RO         2401    i.FLASH_Program_Word  stm32f4xx_hal_flash.o
    0x08001a68   0x08001a68   0x00000074   Code   RO         2402    i.FLASH_SetErrorCode  stm32f4xx_hal_flash.o
    0x08001adc   0x08001adc   0x00000060   Code   RO         2403    i.FLASH_WaitForLastOperation  stm32f4xx_hal_flash.o
    0x08001b3c   0x08001b3c   0x00000024   Code   RO         2009    i.HAL_CAN_ActivateNotification  stm32f4xx_hal_can.o
    0x08001b60   0x08001b60   0x00000104   Code   RO         2010    i.HAL_CAN_AddTxMessage  stm32f4xx_hal_can.o
    0x08001c64   0x08001c64   0x00000128   Code   RO         2011    i.HAL_CAN_ConfigFilter  stm32f4xx_hal_can.o
    0x08001d8c   0x08001d8c   0x00000002   Code   RO         2014    i.HAL_CAN_ErrorCallback  stm32f4xx_hal_can.o
    0x08001d8e   0x08001d8e   0x0000016c   Code   RO         2017    i.HAL_CAN_GetRxMessage  stm32f4xx_hal_can.o
    0x08001efa   0x08001efa   0x00000234   Code   RO         2021    i.HAL_CAN_IRQHandler  stm32f4xx_hal_can.o
    0x0800212e   0x0800212e   0x00000168   Code   RO         2022    i.HAL_CAN_Init      stm32f4xx_hal_can.o
    0x08002296   0x08002296   0x00000002   PAD
    0x08002298   0x08002298   0x00000160   Code   RO          341    i.HAL_CAN_MspInit   can.o
    0x080023f8   0x080023f8   0x00000002   Code   RO         2029    i.HAL_CAN_RxFifo0FullCallback  stm32f4xx_hal_can.o
    0x080023fa   0x080023fa   0x00000002   PAD
    0x080023fc   0x080023fc   0x00000108   Code   RO         1223    i.HAL_CAN_RxFifo0MsgPendingCallback  can_receive.o
    0x08002504   0x08002504   0x00000002   Code   RO         2031    i.HAL_CAN_RxFifo1FullCallback  stm32f4xx_hal_can.o
    0x08002506   0x08002506   0x00000002   Code   RO         2032    i.HAL_CAN_RxFifo1MsgPendingCallback  stm32f4xx_hal_can.o
    0x08002508   0x08002508   0x00000002   Code   RO         2033    i.HAL_CAN_SleepCallback  stm32f4xx_hal_can.o
    0x0800250a   0x0800250a   0x00000064   Code   RO         2034    i.HAL_CAN_Start     stm32f4xx_hal_can.o
    0x0800256e   0x0800256e   0x00000002   Code   RO         2036    i.HAL_CAN_TxMailbox0AbortCallback  stm32f4xx_hal_can.o
    0x08002570   0x08002570   0x00000002   Code   RO         2037    i.HAL_CAN_TxMailbox0CompleteCallback  stm32f4xx_hal_can.o
    0x08002572   0x08002572   0x00000002   Code   RO         2038    i.HAL_CAN_TxMailbox1AbortCallback  stm32f4xx_hal_can.o
    0x08002574   0x08002574   0x00000002   Code   RO         2039    i.HAL_CAN_TxMailbox1CompleteCallback  stm32f4xx_hal_can.o
    0x08002576   0x08002576   0x00000002   Code   RO         2040    i.HAL_CAN_TxMailbox2AbortCallback  stm32f4xx_hal_can.o
    0x08002578   0x08002578   0x00000002   Code   RO         2041    i.HAL_CAN_TxMailbox2CompleteCallback  stm32f4xx_hal_can.o
    0x0800257a   0x0800257a   0x00000002   Code   RO         2043    i.HAL_CAN_WakeUpFromRxMsgCallback  stm32f4xx_hal_can.o
    0x0800257c   0x0800257c   0x000000a2   Code   RO         2749    i.HAL_DMA_Abort     stm32f4xx_hal_dma.o
    0x0800261e   0x0800261e   0x00000024   Code   RO         2750    i.HAL_DMA_Abort_IT  stm32f4xx_hal_dma.o
    0x08002642   0x08002642   0x00000002   PAD
    0x08002644   0x08002644   0x000001ec   Code   RO         2754    i.HAL_DMA_IRQHandler  stm32f4xx_hal_dma.o
    0x08002830   0x08002830   0x000000ec   Code   RO         2755    i.HAL_DMA_Init      stm32f4xx_hal_dma.o
    0x0800291c   0x0800291c   0x00000070   Code   RO         2759    i.HAL_DMA_Start_IT  stm32f4xx_hal_dma.o
    0x0800298c   0x0800298c   0x00000028   Code   RO         3163    i.HAL_Delay         stm32f4xx_hal.o
    0x080029b4   0x080029b4   0x000000ac   Code   RO         2528    i.HAL_FLASHEx_Erase  stm32f4xx_hal_flash_ex.o
    0x08002a60   0x08002a60   0x00000014   Code   RO         2407    i.HAL_FLASH_Lock    stm32f4xx_hal_flash.o
    0x08002a74   0x08002a74   0x00000080   Code   RO         2412    i.HAL_FLASH_Program  stm32f4xx_hal_flash.o
    0x08002af4   0x08002af4   0x00000034   Code   RO         2414    i.HAL_FLASH_Unlock  stm32f4xx_hal_flash.o
    0x08002b28   0x08002b28   0x000000b8   Code   RO         1602    i.HAL_GPIO_EXTI_Callback  ins_task.o
    0x08002be0   0x08002be0   0x00000018   Code   RO         2641    i.HAL_GPIO_EXTI_IRQHandler  stm32f4xx_hal_gpio.o
    0x08002bf8   0x08002bf8   0x00000230   Code   RO         2642    i.HAL_GPIO_Init     stm32f4xx_hal_gpio.o
    0x08002e28   0x08002e28   0x0000000e   Code   RO         2646    i.HAL_GPIO_WritePin  stm32f4xx_hal_gpio.o
    0x08002e36   0x08002e36   0x00000002   PAD
    0x08002e38   0x08002e38   0x0000000c   Code   RO         3169    i.HAL_GetTick       stm32f4xx_hal.o
    0x08002e44   0x08002e44   0x000001ac   Code   RO         3425    i.HAL_I2C_Init      stm32f4xx_hal_i2c.o
    0x08002ff0   0x08002ff0   0x000002c0   Code   RO         3443    i.HAL_I2C_Mem_Read  stm32f4xx_hal_i2c.o
    0x080032b0   0x080032b0   0x00000174   Code   RO         3446    i.HAL_I2C_Mem_Write  stm32f4xx_hal_i2c.o
    0x08003424   0x08003424   0x000000c8   Code   RO          414    i.HAL_I2C_MspInit   i2c.o
    0x080034ec   0x080034ec   0x00000010   Code   RO         3175    i.HAL_IncTick       stm32f4xx_hal.o
    0x080034fc   0x080034fc   0x00000034   Code   RO         3176    i.HAL_Init          stm32f4xx_hal.o
    0x08003530   0x08003530   0x00000044   Code   RO         3177    i.HAL_InitTick      stm32f4xx_hal.o
    0x08003574   0x08003574   0x00000054   Code   RO          741    i.HAL_MspInit       stm32f4xx_hal_msp.o
    0x080035c8   0x080035c8   0x0000001c   Code   RO         3031    i.HAL_NVIC_EnableIRQ  stm32f4xx_hal_cortex.o
    0x080035e4   0x080035e4   0x00000068   Code   RO         3037    i.HAL_NVIC_SetPriority  stm32f4xx_hal_cortex.o
    0x0800364c   0x0800364c   0x00000024   Code   RO         3038    i.HAL_NVIC_SetPriorityGrouping  stm32f4xx_hal_cortex.o
    0x08003670   0x08003670   0x0000017c   Code   RO         2243    i.HAL_RCC_ClockConfig  stm32f4xx_hal_rcc.o
    0x080037ec   0x080037ec   0x0000000c   Code   RO         2248    i.HAL_RCC_GetHCLKFreq  stm32f4xx_hal_rcc.o
    0x080037f8   0x080037f8   0x00000020   Code   RO         2250    i.HAL_RCC_GetPCLK1Freq  stm32f4xx_hal_rcc.o
    0x08003818   0x08003818   0x00000020   Code   RO         2251    i.HAL_RCC_GetPCLK2Freq  stm32f4xx_hal_rcc.o
    0x08003838   0x08003838   0x00000070   Code   RO         2252    i.HAL_RCC_GetSysClockFreq  stm32f4xx_hal_rcc.o
    0x080038a8   0x080038a8   0x00000482   Code   RO         2255    i.HAL_RCC_OscConfig  stm32f4xx_hal_rcc.o
    0x08003d2a   0x08003d2a   0x000000be   Code   RO         3915    i.HAL_SPI_Init      stm32f4xx_hal_spi.o
    0x08003de8   0x08003de8   0x00000158   Code   RO          456    i.HAL_SPI_MspInit   spi.o
    0x08003f40   0x08003f40   0x000001f8   Code   RO         3924    i.HAL_SPI_TransmitReceive  stm32f4xx_hal_spi.o
    0x08004138   0x08004138   0x00000028   Code   RO         3042    i.HAL_SYSTICK_Config  stm32f4xx_hal_cortex.o
    0x08004160   0x08004160   0x0000009a   Code   RO         4962    i.HAL_TIMEx_MasterConfigSynchronization  stm32f4xx_hal_tim_ex.o
    0x080041fa   0x080041fa   0x0000005c   Code   RO         4228    i.HAL_TIM_Base_Init  stm32f4xx_hal_tim.o
    0x08004256   0x08004256   0x00000002   PAD
    0x08004258   0x08004258   0x00000064   Code   RO          498    i.HAL_TIM_Base_MspInit  tim.o
    0x080042bc   0x080042bc   0x00000080   Code   RO         4231    i.HAL_TIM_Base_Start  stm32f4xx_hal_tim.o
    0x0800433c   0x0800433c   0x000000ea   Code   RO         4237    i.HAL_TIM_ConfigClockSource  stm32f4xx_hal_tim.o
    0x08004426   0x08004426   0x00000002   PAD
    0x08004428   0x08004428   0x00000100   Code   RO          499    i.HAL_TIM_MspPostInit  tim.o
    0x08004528   0x08004528   0x000000d8   Code   RO         4300    i.HAL_TIM_PWM_ConfigChannel  stm32f4xx_hal_tim.o
    0x08004600   0x08004600   0x0000005c   Code   RO         4303    i.HAL_TIM_PWM_Init  stm32f4xx_hal_tim.o
    0x0800465c   0x0800465c   0x00000034   Code   RO          501    i.HAL_TIM_PWM_MspInit  tim.o
    0x08004690   0x08004690   0x000000dc   Code   RO         4308    i.HAL_TIM_PWM_Start  stm32f4xx_hal_tim.o
    0x0800476c   0x0800476c   0x00000002   Code   RO         5221    i.HAL_UARTEx_RxEventCallback  stm32f4xx_hal_uart.o
    0x0800476e   0x0800476e   0x00000070   Code   RO         5233    i.HAL_UART_DMAStop  stm32f4xx_hal_uart.o
    0x080047de   0x080047de   0x00000002   Code   RO         5235    i.HAL_UART_ErrorCallback  stm32f4xx_hal_uart.o
    0x080047e0   0x080047e0   0x00000260   Code   RO         5238    i.HAL_UART_IRQHandler  stm32f4xx_hal_uart.o
    0x08004a40   0x08004a40   0x00000064   Code   RO         5239    i.HAL_UART_Init     stm32f4xx_hal_uart.o
    0x08004aa4   0x08004aa4   0x0000023c   Code   RO          570    i.HAL_UART_MspInit  usart.o
    0x08004ce0   0x08004ce0   0x0000002e   Code   RO         5243    i.HAL_UART_Receive_DMA  stm32f4xx_hal_uart.o
    0x08004d0e   0x08004d0e   0x00000002   Code   RO         5245    i.HAL_UART_RxCpltCallback  stm32f4xx_hal_uart.o
    0x08004d10   0x08004d10   0x00000002   Code   RO         5246    i.HAL_UART_RxHalfCpltCallback  stm32f4xx_hal_uart.o
    0x08004d12   0x08004d12   0x00000002   Code   RO         5250    i.HAL_UART_TxCpltCallback  stm32f4xx_hal_uart.o
    0x08004d14   0x08004d14   0x00000004   Code   RO          629    i.HardFault_Handler  stm32f4xx_it.o
    0x08004d18   0x08004d18   0x00000032   Code   RO         3468    i.I2C_IsAcknowledgeFailed  stm32f4xx_hal_i2c.o
    0x08004d4a   0x08004d4a   0x00000002   PAD
    0x08004d4c   0x08004d4c   0x00000154   Code   RO         3479    i.I2C_RequestMemoryRead  stm32f4xx_hal_i2c.o
    0x08004ea0   0x08004ea0   0x000000d0   Code   RO         3480    i.I2C_RequestMemoryWrite  stm32f4xx_hal_i2c.o
    0x08004f70   0x08004f70   0x0000005c   Code   RO         3488    i.I2C_WaitOnBTFFlagUntilTimeout  stm32f4xx_hal_i2c.o
    0x08004fcc   0x08004fcc   0x000000b4   Code   RO         3489    i.I2C_WaitOnFlagUntilTimeout  stm32f4xx_hal_i2c.o
    0x08005080   0x08005080   0x000000ce   Code   RO         3490    i.I2C_WaitOnMasterAddressFlagUntilTimeout  stm32f4xx_hal_i2c.o
    0x0800514e   0x0800514e   0x0000007c   Code   RO         3491    i.I2C_WaitOnRXNEFlagUntilTimeout  stm32f4xx_hal_i2c.o
    0x080051ca   0x080051ca   0x0000005c   Code   RO         3494    i.I2C_WaitOnTXEFlagUntilTimeout  stm32f4xx_hal_i2c.o
    0x08005226   0x08005226   0x00000002   PAD
    0x08005228   0x08005228   0x0000007c   Code   RO         1603    i.INS_cali_gyro     ins_task.o
    0x080052a4   0x080052a4   0x00000048   Code   RO         1604    i.INS_set_cali_gyro  ins_task.o
    0x080052ec   0x080052ec   0x00000304   Code   RO         1605    i.INS_task          ins_task.o
    0x080055f0   0x080055f0   0x00000044   Code   RO          342    i.MX_CAN1_Init      can.o
    0x08005634   0x08005634   0x00000044   Code   RO          343    i.MX_CAN2_Init      can.o
    0x08005678   0x08005678   0x00000098   Code   RO          389    i.MX_DMA_Init       dma.o
    0x08005710   0x08005710   0x00000098   Code   RO          266    i.MX_FREERTOS_Init  freertos.o
    0x080057a8   0x080057a8   0x000001d8   Code   RO          242    i.MX_GPIO_Init      gpio.o
    0x08005980   0x08005980   0x0000003c   Code   RO          415    i.MX_I2C3_Init      i2c.o
    0x080059bc   0x080059bc   0x00000048   Code   RO          457    i.MX_SPI1_Init      spi.o
    0x08005a04   0x08005a04   0x0000006c   Code   RO          502    i.MX_TIM10_Init     tim.o
    0x08005a70   0x08005a70   0x000000a4   Code   RO          503    i.MX_TIM4_Init      tim.o
    0x08005b14   0x08005b14   0x0000009c   Code   RO          504    i.MX_TIM5_Init      tim.o
    0x08005bb0   0x08005bb0   0x00000038   Code   RO          571    i.MX_USART1_UART_Init  usart.o
    0x08005be8   0x08005be8   0x00000038   Code   RO          572    i.MX_USART3_UART_Init  usart.o
    0x08005c20   0x08005c20   0x00000004   Code   RO          630    i.MemManage_Handler  stm32f4xx_it.o
    0x08005c24   0x08005c24   0x00000002   Code   RO          631    i.NMI_Handler       stm32f4xx_it.o
    0x08005c26   0x08005c26   0x00000002   PAD
    0x08005c28   0x08005c28   0x000001f0   Code   RO         5577    i.PID_calc          pid.o
    0x08005e18   0x08005e18   0x00000060   Code   RO         5579    i.PID_init          pid.o
    0x08005e78   0x08005e78   0x00000368   Code   RO         1885    i.RC_cmd_to_calibrate  calibrate_task.o
    0x080061e0   0x080061e0   0x0000009c   Code   RO          907    i.RC_init           bsp_rc.o
    0x0800627c   0x0800627c   0x00000050   Code   RO          908    i.RC_restart        bsp_rc.o
    0x080062cc   0x080062cc   0x00000018   Code   RO          909    i.RC_unable         bsp_rc.o
    0x080062e4   0x080062e4   0x0000273c   Code   RO         1102    i.SPI1_DMA_enable   bsp_spi.o
    0x08008a20   0x08008a20   0x00000180   Code   RO         1103    i.SPI1_DMA_init     bsp_spi.o
    0x08008ba0   0x08008ba0   0x00000064   Code   RO         3953    i.SPI_EndRxTxTransaction  stm32f4xx_hal_spi.o
    0x08008c04   0x08008c04   0x000000d8   Code   RO         3958    i.SPI_WaitFlagStateUntilTimeout  stm32f4xx_hal_spi.o
    0x08008cdc   0x08008cdc   0x0000000a   Code   RO          267    i.StartDefaultTask  freertos.o
    0x08008ce6   0x08008ce6   0x00000014   Code   RO          632    i.SysTick_Handler   stm32f4xx_it.o
    0x08008cfa   0x08008cfa   0x00000002   PAD
    0x08008cfc   0x08008cfc   0x000000b4   Code   RO           14    i.SystemClock_Config  main.o
    0x08008db0   0x08008db0   0x00000064   Code   RO          766    i.SystemInit        system_stm32f4xx.o
    0x08008e14   0x08008e14   0x000000cc   Code   RO         4321    i.TIM_Base_SetConfig  stm32f4xx_hal_tim.o
    0x08008ee0   0x08008ee0   0x0000001e   Code   RO         4322    i.TIM_CCxChannelCmd  stm32f4xx_hal_tim.o
    0x08008efe   0x08008efe   0x00000016   Code   RO         4332    i.TIM_ETR_SetConfig  stm32f4xx_hal_tim.o
    0x08008f14   0x08008f14   0x00000010   Code   RO         4333    i.TIM_ITRx_SetConfig  stm32f4xx_hal_tim.o
    0x08008f24   0x08008f24   0x00000070   Code   RO         4334    i.TIM_OC1_SetConfig  stm32f4xx_hal_tim.o
    0x08008f94   0x08008f94   0x00000078   Code   RO         4335    i.TIM_OC2_SetConfig  stm32f4xx_hal_tim.o
    0x0800900c   0x0800900c   0x00000078   Code   RO         4336    i.TIM_OC3_SetConfig  stm32f4xx_hal_tim.o
    0x08009084   0x08009084   0x00000058   Code   RO         4337    i.TIM_OC4_SetConfig  stm32f4xx_hal_tim.o
    0x080090dc   0x080090dc   0x00000026   Code   RO         4339    i.TIM_TI1_ConfigInputStage  stm32f4xx_hal_tim.o
    0x08009102   0x08009102   0x00000024   Code   RO         4341    i.TIM_TI2_ConfigInputStage  stm32f4xx_hal_tim.o
    0x08009126   0x08009126   0x00000010   Code   RO         5252    i.UART_DMAAbortOnError  stm32f4xx_hal_uart.o
    0x08009136   0x08009136   0x0000004a   Code   RO         5253    i.UART_DMAError     stm32f4xx_hal_uart.o
    0x08009180   0x08009180   0x00000084   Code   RO         5254    i.UART_DMAReceiveCplt  stm32f4xx_hal_uart.o
    0x08009204   0x08009204   0x0000001a   Code   RO         5256    i.UART_DMARxHalfCplt  stm32f4xx_hal_uart.o
    0x0800921e   0x0800921e   0x0000004e   Code   RO         5262    i.UART_EndRxTransfer  stm32f4xx_hal_uart.o
    0x0800926c   0x0800926c   0x0000001a   Code   RO         5263    i.UART_EndTransmit_IT  stm32f4xx_hal_uart.o
    0x08009286   0x08009286   0x0000001c   Code   RO         5264    i.UART_EndTxTransfer  stm32f4xx_hal_uart.o
    0x080092a2   0x080092a2   0x000000c8   Code   RO         5265    i.UART_Receive_IT   stm32f4xx_hal_uart.o
    0x0800936a   0x0800936a   0x00000002   PAD
    0x0800936c   0x0800936c   0x000000fc   Code   RO         5266    i.UART_SetConfig    stm32f4xx_hal_uart.o
    0x08009468   0x08009468   0x00000094   Code   RO         5267    i.UART_Start_Receive_DMA  stm32f4xx_hal_uart.o
    0x080094fc   0x080094fc   0x0000005e   Code   RO         5269    i.UART_Transmit_IT  stm32f4xx_hal_uart.o
    0x0800955a   0x0800955a   0x00000002   PAD
    0x0800955c   0x0800955c   0x00000068   Code   RO         1170    i.USART1_IRQHandler  bsp_usart.o
    0x080095c4   0x080095c4   0x00000124   Code   RO         1294    i.USART3_IRQHandler  remote_control.o
    0x080096e8   0x080096e8   0x00000004   Code   RO          633    i.UsageFault_Handler  stm32f4xx_it.o
    0x080096ec   0x080096ec   0x00000026   Code   RO         7848    i.__ARM_fpclassifyf  m_wm.l(fpclassifyf.o)
    0x08009712   0x08009712   0x00000002   PAD
    0x08009714   0x08009714   0x0000012c   Code   RO         7771    i.__hardfp_asinf    m_wm.l(asinf.o)
    0x08009840   0x08009840   0x000002ac   Code   RO         7783    i.__hardfp_atan2f   m_wm.l(atan2f.o)
    0x08009aec   0x08009aec   0x00000014   Code   RO         7795    i.__hardfp_fabs     m_wm.l(fabs.o)
    0x08009b00   0x08009b00   0x0000003a   Code   RO         7813    i.__hardfp_sqrtf    m_wm.l(sqrtf_full.o)
    0x08009b3a   0x08009b3a   0x00000006   Code   RO         7851    i.__mathlib_flt_infnan  m_wm.l(funder.o)
    0x08009b40   0x08009b40   0x00000006   Code   RO         7852    i.__mathlib_flt_infnan2  m_wm.l(funder.o)
    0x08009b46   0x08009b46   0x00000002   PAD
    0x08009b48   0x08009b48   0x00000010   Code   RO         7853    i.__mathlib_flt_invalid  m_wm.l(funder.o)
    0x08009b58   0x08009b58   0x00000010   Code   RO         7856    i.__mathlib_flt_underflow  m_wm.l(funder.o)
    0x08009b68   0x08009b68   0x0000000e   Code   RO         7901    i.__scatterload_copy  mc_w.l(handlers.o)
    0x08009b76   0x08009b76   0x00000002   Code   RO         7902    i.__scatterload_null  mc_w.l(handlers.o)
    0x08009b78   0x08009b78   0x0000000e   Code   RO         7903    i.__scatterload_zeroinit  mc_w.l(handlers.o)
    0x08009b86   0x08009b86   0x00000002   PAD
    0x08009b88   0x08009b88   0x0000000c   Code   RO         7889    i.__set_errno       mc_w.l(errno.o)
    0x08009b94   0x08009b94   0x000001d0   Code   RO         7593    i.accel_comple_filter  AHRS.lib(ahrs.o)
    0x08009d64   0x08009d64   0x0000018c   Code   RO         7594    i.accel_update_kp_ki  AHRS.lib(ahrs.o)
    0x08009ef0   0x08009ef0   0x0000016c   Code   RO         7595    i.angle_to_quat     AHRS.lib(ahrs.o)
    0x0800a05c   0x0800a05c   0x00000134   Code   RO         7203    i.bmi088_accel_init  bmi088driver.o
    0x0800a190   0x0800a190   0x000002fc   Code   RO         7204    i.bmi088_accel_self_test  bmi088driver.o
    0x0800a48c   0x0800a48c   0x000000f4   Code   RO         7205    i.bmi088_gyro_init  bmi088driver.o
    0x0800a580   0x0800a580   0x000000d0   Code   RO         7206    i.bmi088_gyro_self_test  bmi088driver.o
    0x0800a650   0x0800a650   0x00000010   Code   RO         1136    i.buzzer_off        bsp_buzzer.o
    0x0800a660   0x0800a660   0x00000014   Code   RO         1137    i.buzzer_on         bsp_buzzer.o
    0x0800a674   0x0800a674   0x0000008c   Code   RO         1887    i.cali_data_write   calibrate_task.o
    0x0800a700   0x0800a700   0x00000006   Code   RO         1888    i.cali_gimbal_hook  calibrate_task.o
    0x0800a706   0x0800a706   0x00000002   PAD
    0x0800a708   0x0800a708   0x00000064   Code   RO         1889    i.cali_gyro_hook    calibrate_task.o
    0x0800a76c   0x0800a76c   0x00000036   Code   RO         1890    i.cali_head_hook    calibrate_task.o
    0x0800a7a2   0x0800a7a2   0x00000002   PAD
    0x0800a7a4   0x0800a7a4   0x0000013c   Code   RO         1892    i.calibrate_task    calibrate_task.o
    0x0800a8e0   0x0800a8e0   0x0000005c   Code   RO          802    i.can_filter_init   bsp_can.o
    0x0800a93c   0x0800a93c   0x000000a0   Code   RO         1825    i.chassis_behaviour_control_set  chassis_behaviour.o
    0x0800a9dc   0x0800a9dc   0x0000008c   Code   RO         1826    i.chassis_behaviour_mode_set  chassis_behaviour.o
    0x0800aa68   0x0800aa68   0x000001c4   Code   RO         1742    i.chassis_control_loop  chassis_task.o
    0x0800ac2c   0x0800ac2c   0x00000060   Code   RO         1827    i.chassis_engineer_follow_chassis_yaw_control  chassis_behaviour.o
    0x0800ac8c   0x0800ac8c   0x00000150   Code   RO         1743    i.chassis_feedback_update  chassis_task.o
    0x0800addc   0x0800addc   0x0000011c   Code   RO         1828    i.chassis_infantry_follow_gimbal_yaw_control  chassis_behaviour.o
    0x0800aef8   0x0800aef8   0x000000cc   Code   RO         1744    i.chassis_init      chassis_task.o
    0x0800afc4   0x0800afc4   0x00000058   Code   RO         1745    i.chassis_mode_change_control_transit  chassis_task.o
    0x0800b01c   0x0800b01c   0x00000044   Code   RO         1829    i.chassis_no_follow_yaw_control  chassis_behaviour.o
    0x0800b060   0x0800b060   0x0000002c   Code   RO         1830    i.chassis_no_move_control  chassis_behaviour.o
    0x0800b08c   0x0800b08c   0x0000005c   Code   RO         1831    i.chassis_open_set_control  chassis_behaviour.o
    0x0800b0e8   0x0800b0e8   0x0000015c   Code   RO         1746    i.chassis_rc_to_control_vector  chassis_task.o
    0x0800b244   0x0800b244   0x000001bc   Code   RO         1747    i.chassis_set_contorl  chassis_task.o
    0x0800b400   0x0800b400   0x00000012   Code   RO         1748    i.chassis_set_mode  chassis_task.o
    0x0800b412   0x0800b412   0x00000002   PAD
    0x0800b414   0x0800b414   0x00000050   Code   RO         1749    i.chassis_task      chassis_task.o
    0x0800b464   0x0800b464   0x00000054   Code   RO         1750    i.chassis_vector_to_mecanum_wheel_speed  chassis_task.o
    0x0800b4b8   0x0800b4b8   0x0000002c   Code   RO         1832    i.chassis_zero_force_control  chassis_behaviour.o
    0x0800b4e4   0x0800b4e4   0x00000124   Code   RO         1965    i.detect_hook       detect_task.o
    0x0800b608   0x0800b608   0x0000016c   Code   RO         1966    i.detect_init       detect_task.o
    0x0800b774   0x0800b774   0x0000027c   Code   RO         1967    i.detect_task       detect_task.o
    0x0800b9f0   0x0800b9f0   0x00000054   Code   RO         5614    i.first_order_filter_cali  user_lib.o
    0x0800ba44   0x0800ba44   0x00000024   Code   RO         5615    i.first_order_filter_init  user_lib.o
    0x0800ba68   0x0800ba68   0x0000002e   Code   RO         1014    i.flash_erase_address  bsp_flash.o
    0x0800ba96   0x0800ba96   0x00000002   PAD
    0x0800ba98   0x0800ba98   0x00000098   Code   RO         1017    i.flash_write_single_address  bsp_flash.o
    0x0800bb30   0x0800bb30   0x0000002a   Code   RO         5616    i.fp32_constrain    user_lib.o
    0x0800bb5a   0x0800bb5a   0x00000002   PAD
    0x0800bb5c   0x0800bb5c   0x000000f4   Code   RO         1018    i.ger_sector        bsp_flash.o
    0x0800bc50   0x0800bc50   0x00000008   Code   RO         1606    i.get_INS_angle_point  ins_task.o
    0x0800bc58   0x0800bc58   0x000000e8   Code   RO         7596    i.get_angle         AHRS.lib(ahrs.o)
    0x0800bd40   0x0800bd40   0x00000018   Code   RO         1224    i.get_chassis_motor_measure_point  can_receive.o
    0x0800bd58   0x0800bd58   0x0000000c   Code   RO         1893    i.get_control_temperature  calibrate_task.o
    0x0800bd64   0x0800bd64   0x000000e8   Code   RO         1019    i.get_next_flash_address  bsp_flash.o
    0x0800be4c   0x0800be4c   0x00000008   Code   RO         1295    i.get_remote_control_point  remote_control.o
    0x0800be54   0x0800be54   0x00000054   Code   RO         1611    i.gyro_offset_calc  ins_task.o
    0x0800bea8   0x0800bea8   0x0000012c   Code   RO         1612    i.imu_cali_slove    ins_task.o
    0x0800bfd4   0x0800bfd4   0x000001a8   Code   RO         1613    i.imu_cmd_spi_dma   ins_task.o
    0x0800c17c   0x0800c17c   0x0000000c   Code   RO         1074    i.imu_pwm_set       bsp_imu_pwm.o
    0x0800c188   0x0800c188   0x000000b8   Code   RO         1614    i.imu_temp_control  ins_task.o
    0x0800c240   0x0800c240   0x00000002   Code   RO         7434    i.ist8310_GPIO_init  ist8310driver_middleware.o
    0x0800c242   0x0800c242   0x00000002   PAD
    0x0800c244   0x0800c244   0x0000002c   Code   RO         7436    i.ist8310_IIC_read_single_reg  ist8310driver_middleware.o
    0x0800c270   0x0800c270   0x00000028   Code   RO         7438    i.ist8310_IIC_write_single_reg  ist8310driver_middleware.o
    0x0800c298   0x0800c298   0x00000014   Code   RO         7439    i.ist8310_RST_H     ist8310driver_middleware.o
    0x0800c2ac   0x0800c2ac   0x00000014   Code   RO         7440    i.ist8310_RST_L     ist8310driver_middleware.o
    0x0800c2c0   0x0800c2c0   0x00000002   Code   RO         7441    i.ist8310_com_init  ist8310driver_middleware.o
    0x0800c2c2   0x0800c2c2   0x0000000c   Code   RO         7442    i.ist8310_delay_ms  ist8310driver_middleware.o
    0x0800c2ce   0x0800c2ce   0x0000004a   Code   RO         7443    i.ist8310_delay_us  ist8310driver_middleware.o
    0x0800c318   0x0800c318   0x0000008c   Code   RO         7399    i.ist8310_init      ist8310driver.o
    0x0800c3a4   0x0800c3a4   0x00000060   Code   RO         5621    i.loop_fp32_constrain  user_lib.o
    0x0800c404   0x0800c404   0x0000008c   Code   RO           15    i.main              main.o
    0x0800c490   0x0800c490   0x0000000c   Code   RO         6679    i.makeFreeRtosPriority  cmsis_os.o
    0x0800c49c   0x0800c49c   0x00000010   Code   RO         6681    i.osDelay           cmsis_os.o
    0x0800c4ac   0x0800c4ac   0x0000000a   Code   RO         6684    i.osKernelStart     cmsis_os.o
    0x0800c4b6   0x0800c4b6   0x0000005c   Code   RO         6718    i.osThreadCreate    cmsis_os.o
    0x0800c512   0x0800c512   0x00000002   PAD
    0x0800c514   0x0800c514   0x00000024   Code   RO         6338    i.pcTaskGetName     tasks.o
    0x0800c538   0x0800c538   0x00000078   Code   RO         6339    i.prvAddCurrentTaskToDelayedList  tasks.o
    0x0800c5b0   0x0800c5b0   0x00000088   Code   RO         6340    i.prvAddNewTaskToReadyList  tasks.o
    0x0800c638   0x0800c638   0x00000040   Code   RO         6341    i.prvCheckTasksWaitingTermination  tasks.o
    0x0800c678   0x0800c678   0x00000040   Code   RO         6342    i.prvDeleteTCB      tasks.o
    0x0800c6b8   0x0800c6b8   0x00000050   Code   RO         7046    i.prvHeapInit       heap_4.o
    0x0800c708   0x0800c708   0x00000028   Code   RO         6343    i.prvIdleTask       tasks.o
    0x0800c730   0x0800c730   0x0000007e   Code   RO         6344    i.prvInitialiseNewTask  tasks.o
    0x0800c7ae   0x0800c7ae   0x00000002   PAD
    0x0800c7b0   0x0800c7b0   0x00000060   Code   RO         6345    i.prvInitialiseTaskLists  tasks.o
    0x0800c810   0x0800c810   0x0000005c   Code   RO         7047    i.prvInsertBlockIntoFreeList  heap_4.o
    0x0800c86c   0x0800c86c   0x00000024   Code   RO         6346    i.prvResetNextTaskUnblockTime  tasks.o
    0x0800c890   0x0800c890   0x0000006e   Code   RO         6347    i.prvSearchForNameWithinSingleList  tasks.o
    0x0800c8fe   0x0800c8fe   0x00000002   PAD
    0x0800c900   0x0800c900   0x00000030   Code   RO         7114    i.prvTaskExitError  port.o
    0x0800c930   0x0800c930   0x000000e8   Code   RO         7048    i.pvPortMalloc      heap_4.o
    0x0800ca18   0x0800ca18   0x0000002c   Code   RO         7115    i.pxPortInitialiseStack  port.o
    0x0800ca44   0x0800ca44   0x00000084   Code   RO         7601    i.quat_normalization  AHRS.lib(ahrs.o)
    0x0800cac8   0x0800cac8   0x00000014   Code   RO         1296    i.remote_control_init  remote_control.o
    0x0800cadc   0x0800cadc   0x000000da   Code   RO         1297    i.sbus_to_rc        remote_control.o
    0x0800cbb6   0x0800cbb6   0x0000003e   Code   RO         7815    i.sqrtf             m_wm.l(sqrtf_full.o)
    0x0800cbf4   0x0800cbf4   0x00000068   Code   RO         6350    i.ulTaskNotifyTake  tasks.o
    0x0800cc5c   0x0800cc5c   0x0000007a   Code   RO         7602    i.update_w          AHRS.lib(ahrs.o)
    0x0800ccd6   0x0800ccd6   0x00000026   Code   RO         5971    i.uxListRemove      list.o
    0x0800ccfc   0x0800ccfc   0x00000018   Code   RO          268    i.vApplicationGetIdleTaskMemory  freertos.o
    0x0800cd14   0x0800cd14   0x00000016   Code   RO         5972    i.vListInitialise   list.o
    0x0800cd2a   0x0800cd2a   0x00000006   Code   RO         5973    i.vListInitialiseItem  list.o
    0x0800cd30   0x0800cd30   0x00000036   Code   RO         5974    i.vListInsert       list.o
    0x0800cd66   0x0800cd66   0x00000018   Code   RO         5975    i.vListInsertEnd    list.o
    0x0800cd7e   0x0800cd7e   0x00000002   PAD
    0x0800cd80   0x0800cd80   0x00000040   Code   RO         7117    i.vPortEnterCritical  port.o
    0x0800cdc0   0x0800cdc0   0x0000002c   Code   RO         7118    i.vPortExitCritical  port.o
    0x0800cdec   0x0800cdec   0x00000064   Code   RO         7049    i.vPortFree         heap_4.o
    0x0800ce50   0x0800ce50   0x00000024   Code   RO         7119    i.vPortSetupTimerInterrupt  port.o
    0x0800ce74   0x0800ce74   0x00000054   Code   RO         7120    i.vPortValidateInterruptPriority  port.o
    0x0800cec8   0x0800cec8   0x00000050   Code   RO         6356    i.vTaskDelay        tasks.o
    0x0800cf18   0x0800cf18   0x000000bc   Code   RO         6361    i.vTaskNotifyGiveFromISR  tasks.o
    0x0800cfd4   0x0800cfd4   0x00000088   Code   RO         6369    i.vTaskStartScheduler  tasks.o
    0x0800d05c   0x0800d05c   0x00000010   Code   RO         6371    i.vTaskSuspendAll   tasks.o
    0x0800d06c   0x0800d06c   0x00000060   Code   RO         6372    i.vTaskSwitchContext  tasks.o
    0x0800d0cc   0x0800d0cc   0x00000104   Code   RO         7121    i.xPortStartScheduler  port.o
    0x0800d1d0   0x0800d1d0   0x0000002c   Code   RO         7122    i.xPortSysTickHandler  port.o
    0x0800d1fc   0x0800d1fc   0x0000006c   Code   RO         6375    i.xTaskCreate       tasks.o
    0x0800d268   0x0800d268   0x00000060   Code   RO         6376    i.xTaskCreateStatic  tasks.o
    0x0800d2c8   0x0800d2c8   0x0000008c   Code   RO         6380    i.xTaskGetHandle    tasks.o
    0x0800d354   0x0800d354   0x0000001c   Code   RO         6381    i.xTaskGetSchedulerState  tasks.o
    0x0800d370   0x0800d370   0x0000000c   Code   RO         6382    i.xTaskGetTickCount  tasks.o
    0x0800d37c   0x0800d37c   0x000000d4   Code   RO         6384    i.xTaskIncrementTick  tasks.o
    0x0800d450   0x0800d450   0x000000cc   Code   RO         6390    i.xTaskResumeAll    tasks.o
    0x0800d51c   0x0800d51c   0x0000008c   Data   RO          270    .constdata          freertos.o
    0x0800d5a8   0x0800d5a8   0x00000018   Data   RO          767    .constdata          system_stm32f4xx.o
    0x0800d5c0   0x0800d5c0   0x00000018   Data   RO         1616    .constdata          ins_task.o
    0x0800d5d8   0x0800d5d8   0x00000020   Data   RO         1752    .constdata          chassis_task.o
    0x0800d5f8   0x0800d5f8   0x0000000f   Data   RO         1896    .constdata          calibrate_task.o
    0x0800d607   0x0800d607   0x00000001   PAD
    0x0800d608   0x0800d608   0x00000054   Data   RO         1971    .constdata          detect_task.o
    0x0800d65c   0x0800d65c   0x00000008   Data   RO         2761    .constdata          stm32f4xx_hal_dma.o
    0x0800d664   0x0800d664   0x00000012   Data   RO         7211    .constdata          bmi088driver.o
    0x0800d676   0x0800d676   0x0000000c   Data   RO         7402    .constdata          ist8310driver.o
    0x0800d682   0x0800d682   0x00000002   PAD
    0x0800d684   0x0800d684   0x0000000c   Data   RO         7603    .constdata          AHRS.lib(ahrs.o)
    0x0800d690   0x0800d690   0x00000804   Data   RO         7736    .constdata          arm_cortexM4lf_math.lib(arm_common_tables.o)
    0x0800de94   0x0800de94   0x00000030   Data   RO          271    .conststring        freertos.o
    0x0800dec4   0x0800dec4   0x00000020   Data   RO         7899    Region$$Table       anon$$obj.o


    Execution Region RW_IRAM1 (Exec base: 0x20000000, Load base: 0x0800dee4, Size: 0x00005180, Max: 0x00020000, ABSOLUTE, COMPRESSED[0x00000090])

    Exec Addr    Load Addr    Size         Type   Attr      Idx    E Section Name        Object

    0x20000000   COMPRESSED   0x00000018   Data   RW          272    .data               freertos.o
    0x20000018   COMPRESSED   0x00000004   Data   RW          345    .data               can.o
    0x2000001c   COMPRESSED   0x00000004   Data   RW          768    .data               system_stm32f4xx.o
    0x20000020   COMPRESSED   0x00000010   Data   RW         1020    .data               bsp_flash.o
    0x20000030   COMPRESSED   0x00000006   Data   RW         1174    .data               bsp_usart.o
    0x20000036   COMPRESSED   0x00000011   Data   RW         1229    .data               can_receive.o
    0x20000047   COMPRESSED   0x00000001   PAD
    0x20000048   COMPRESSED   0x00000002   Data   RW         1299    .data               remote_control.o
    0x2000004a   COMPRESSED   0x00000002   PAD
    0x2000004c   COMPRESSED   0x000000a0   Data   RW         1617    .data               ins_task.o
    0x200000ec   COMPRESSED   0x00000011   Data   RW         1833    .data               chassis_behaviour.o
    0x200000fd   COMPRESSED   0x00000003   PAD
    0x20000100   COMPRESSED   0x00000050   Data   RW         1897    .data               calibrate_task.o
    0x20000150   COMPRESSED   0x00000005   Data   RW         1972    .data               detect_task.o
    0x20000155   COMPRESSED   0x00000003   PAD
    0x20000158   COMPRESSED   0x0000000c   Data   RW         3183    .data               stm32f4xx_hal.o
    0x20000164   COMPRESSED   0x0000003c   Data   RW         6393    .data               tasks.o
    0x200001a0   COMPRESSED   0x00000020   Data   RW         7055    .data               heap_4.o
    0x200001c0   COMPRESSED   0x0000000c   Data   RW         7123    .data               port.o
    0x200001cc   COMPRESSED   0x0000002c   Data   RW         7212    .data               bmi088driver.o
    0x200001f8   COMPRESSED   0x00000010   Data   RW         7604    .data               AHRS.lib(ahrs.o)
    0x20000208   COMPRESSED   0x00000004   Data   RW         7890    .data               mc_w.l(errno.o)
    0x2000020c        -       0x00000254   Zero   RW          269    .bss                freertos.o
    0x20000460        -       0x00000050   Zero   RW          344    .bss                can.o
    0x200004b0        -       0x00000054   Zero   RW          416    .bss                i2c.o
    0x20000504        -       0x00000118   Zero   RW          458    .bss                spi.o
    0x2000061c        -       0x000000d8   Zero   RW          505    .bss                tim.o
    0x200006f4        -       0x000001a8   Zero   RW          573    .bss                usart.o
    0x2000089c        -       0x00000064   Zero   RW         1173    .bss                bsp_usart.o
    0x20000900        -       0x00000080   Zero   RW         1228    .bss                can_receive.o
    0x20000980        -       0x0000005e   Zero   RW         1298    .bss                remote_control.o
    0x200009de   COMPRESSED   0x00000002   PAD
    0x200009e0        -       0x00000134   Zero   RW         1615    .bss                ins_task.o
    0x20000b14        -       0x00000224   Zero   RW         1751    .bss                chassis_task.o
    0x20000d38        -       0x00000115   Zero   RW         1895    .bss                calibrate_task.o
    0x20000e4d        -       0x0000021c   Zero   RW         1970    .bss                detect_task.o
    0x20001069   COMPRESSED   0x00000003   PAD
    0x2000106c        -       0x00000020   Zero   RW         2415    .bss                stm32f4xx_hal_flash.o
    0x2000108c        -       0x000000f0   Zero   RW         6392    .bss                tasks.o
    0x2000117c        -       0x00003c00   Zero   RW         7054    .bss                heap_4.o
    0x20004d7c   COMPRESSED   0x00000004   PAD
    0x20004d80        -       0x00000400   Zero   RW            1    STACK               startup_stm32f407xx.o


==============================================================================

Image component sizes


      Code (inc. data)   RO Data    RW Data    ZI Data      Debug   Object Name

       168          4          0          0          0       5128   ahrs_middleware.o
      2338         40         18         44          0      10383   bmi088driver.o
       216         28          0          0          0       4860   bmi088middleware.o
        36         12          0          0          0        961   bsp_buzzer.o
        92          8          0          0          0     595802   bsp_can.o
       674        108          0         16          0       3368   bsp_flash.o
        12          4          0          0          0        486   bsp_imu_pwm.o
       260         28          0          0          0       1896   bsp_rc.o
     10428        170          0          0          0       5630   bsp_spi.o
       104         16          0          6        100       1353   bsp_usart.o
      1500         84         15         80        277       6083   calibrate_task.o
       488         44          0          4         80       2330   can.o
       436         52          0         17        128       4286   can_receive.o
       928         74          0         17          0       6506   chassis_behaviour.o
      2054        120         32          0        548      10953   chassis_task.o
       130          0          0          0          0      22951   cmsis_os.o
      1292         36         84          5        540       2677   detect_task.o
       152          6          0          0          0        790   dma.o
         0          0          0          0          0      16836   event_groups.o
       186         36        188         24        596       2915   freertos.o
         0          0          0          0          0        392   gimbal_behaviour.o
         0          0          0          0          0       1112   gimbal_task.o
       472         22          0          0          0       1163   gpio.o
       504         32          0         32      15360       7495   heap_4.o
       260         30          0          0         84       1641   i2c.o
      4352        326         24        160        308      22014   ins_task.o
       140          4         12          0          0       1883   ist8310driver.o
       214         22          0          0          0       4626   ist8310driver_middleware.o
       144          0          0          0          0       3514   list.o
       322         22          0          0          0     756828   main.o
       592          8          0          0          0       1802   pid.o
       814         92          0         12          0      11857   port.o
       538         36          0          2         94       4468   remote_control.o
       416         38          0          0        280       1851   spi.o
        36          8        392          0       1024        824   startup_stm32f407xx.o
       188         30          0         12          0       9321   stm32f4xx_hal.o
      2004          6          0          0          0      14759   stm32f4xx_hal_can.o
       208         16          0          0          0      33611   stm32f4xx_hal_cortex.o
      1272         18          8          0          0       7402   stm32f4xx_hal_dma.o
       568         74          0          0         32       5962   stm32f4xx_hal_flash.o
       380         24          0          0          0       3302   stm32f4xx_hal_flash_ex.o
       598         28          0          0          0       2939   stm32f4xx_hal_gpio.o
      2796         48          0          0          0      13502   stm32f4xx_hal_i2c.o
        84          6          0          0          0        810   stm32f4xx_hal_msp.o
      1722        104          0          0          0       6448   stm32f4xx_hal_rcc.o
      1010         14          0          0          0       4781   stm32f4xx_hal_spi.o
      1768         56          0          0          0      12837   stm32f4xx_hal_tim.o
       154          0          0          0          0       1384   stm32f4xx_hal_tim_ex.o
      1950         22          0          0          0      15221   stm32f4xx_hal_uart.o
       176         36          0          0          0       7949   stm32f4xx_it.o
       100         18         24          4          0       1119   system_stm32f4xx.o
      2248        194          0         60        240      26531   tasks.o
       836         78          0          0        216       4302   tim.o
       684         68          0          0        424       2616   usart.o
       258          4          0          0          0       3003   user_lib.o

    ----------------------------------------------------------------------
     49356       2354        832        504      20340    1705463   Object Totals
         0          0         32          0          0          0   (incl. Generated)
        54          0          3          9          9          0   (incl. Padding)

    ----------------------------------------------------------------------

      Code (inc. data)   RO Data    RW Data    ZI Data      Debug   Library Member Name

      2718         84         12         16          0       9922   ahrs.o
         0          0       2052          0          0       4636   arm_common_tables.o
       120         12          0          0          0      16970   arm_cos_f32.o
       116         12          0          0          0        658   arm_sin_f32.o
       300         42          0          0          0        176   asinf.o
       684         90          0          0          0        208   atan2f.o
        20          0          0          0          0        124   fabs.o
        38          0          0          0          0        116   fpclassifyf.o
        44         12          0          0          0        464   funder.o
       120          0          0          0          0        272   sqrtf_full.o
        86          0          0          0          0          0   __dczerorl2.o
         0          0          0          0          0          0   entry.o
         0          0          0          0          0          0   entry10a.o
         0          0          0          0          0          0   entry11a.o
         4          0          0          0          0          0   entry12b.o
         8          4          0          0          0          0   entry2.o
         4          0          0          0          0          0   entry5.o
         0          0          0          0          0          0   entry7b.o
         0          0          0          0          0          0   entry8b.o
         8          4          0          0          0          0   entry9a.o
        12          6          0          4          0         68   errno.o
        30          0          0          0          0          0   handlers.o
        36          8          0          0          0         68   init.o
         0          0          0          0          0          0   iusefp.o
        30          0          0          0          0         68   llshl.o
        32          0          0          0          0         68   llushr.o
        36          0          0          0          0         68   memcpya.o
        36          0          0          0          0        108   memseta.o
        14          0          0          0          0         68   strlen.o
        98          0          0          0          0         92   uldiv.o
        56          0          0          0          0         88   d2f.o
        38          0          0          0          0         68   f2d.o
       110          0          0          0          0        168   fepilogue.o

    ----------------------------------------------------------------------
      4808        274       2064         20          0      34478   Library Totals
        10          0          0          0          0          0   (incl. Padding)

    ----------------------------------------------------------------------

      Code (inc. data)   RO Data    RW Data    ZI Data      Debug   Library Name

      2718         84         12         16          0       9922   AHRS.lib
       236         24       2052          0          0      22264   arm_cortexM4lf_math.lib
      1206        144          0          0          0       1360   m_wm.l
       434         22          0          4          0        608   mc_w.l
       204          0          0          0          0        324   mf_w.l

    ----------------------------------------------------------------------
      4808        274       2064         20          0      34478   Library Totals

    ----------------------------------------------------------------------

==============================================================================


      Code (inc. data)   RO Data    RW Data    ZI Data      Debug   

     54164       2628       2896        524      20340    1709061   Grand Totals
     54164       2628       2896        144      20340    1709061   ELF Image Totals (compressed)
     54164       2628       2896        144          0          0   ROM Totals

==============================================================================

    Total RO  Size (Code + RO Data)                57060 (  55.72kB)
    Total RW  Size (RW Data + ZI Data)             20864 (  20.38kB)
    Total ROM Size (Code + RO Data + RW Data)      57204 (  55.86kB)

==============================================================================

